Component: ARM Compiler 5.06 update 7 (build 960) Tool: armlink [4d3601]

==============================================================================

Section Cross References

    main.o(i.main) refers to hardware_init.o(i.Hardware_init) for Hardware_init
    main.o(i.main) refers to lks32mc03x_mcpwm.o(i.MCPWM_Update) for MCPWM_Update
    main.o(i.main) refers to lks32mc03x_timer.o(i.TIM_TimerCmd) for TIM_TimerCmd
    main.o(i.main) refers to lks32mc03x_mcpwm.o(i.PWMOutputs) for PWMOutputs
    main.o(i.main) refers to main.o(.bss) for .bss
    hardware_init.o(i.ADC0_init) refers to lks32mc03x_adc.o(i.ADC_StructInit) for ADC_StructInit
    hardware_init.o(i.ADC0_init) refers to lks32mc03x_adc.o(i.ADC_Init) for ADC_Init
    hardware_init.o(i.CMP_init) refers to lks32mc03x_cmp.o(i.CMP_StructInit) for CMP_StructInit
    hardware_init.o(i.CMP_init) refers to lks32mc03x_cmp.o(i.CMP_Init) for CMP_Init
    hardware_init.o(i.Clock_Init) refers to lks32mc03x_sys.o(i.SYS_VolSelModule) for SYS_VolSelModule
    hardware_init.o(i.Clock_Init) refers to hardware_init.o(i.SoftDelay) for SoftDelay
    hardware_init.o(i.DAC_init) refers to lks32mc03x_dac.o(i.DAC_StructInit) for DAC_StructInit
    hardware_init.o(i.DAC_init) refers to lks32mc03x_dac.o(i.DAC_Init) for DAC_Init
    hardware_init.o(i.DAC_init) refers to lks32mc03x_dac.o(i.DAC_OutputVoltage) for DAC_OutputVoltage
    hardware_init.o(i.DebugPWM_OutputFunction) refers to lks32mc03x_mcpwm.o(i.PWMOutputs) for PWMOutputs
    hardware_init.o(i.DebugPWM_OutputFunction) refers to lks32mc03x_mcpwm.o(i.PWMOutputs_CH3) for PWMOutputs_CH3
    hardware_init.o(i.GPIO_init) refers to lks32mc03x_gpio.o(i.GPIO_StructInit) for GPIO_StructInit
    hardware_init.o(i.GPIO_init) refers to lks32mc03x_gpio.o(i.GPIO_Init) for GPIO_Init
    hardware_init.o(i.GPIO_init) refers to lks32mc03x_gpio.o(i.GPIO_PinAFConfig) for GPIO_PinAFConfig
    hardware_init.o(i.HALL_init) refers to lks32mc03x_hall.o(i.HALL_StructInit) for HALL_StructInit
    hardware_init.o(i.HALL_init) refers to lks32mc03x_hall.o(i.HALL_Init) for HALL_Init
    hardware_init.o(i.Hardware_init) refers to lks32mc03x_iwdg.o(i.IWDG_DISABLE) for IWDG_DISABLE
    hardware_init.o(i.Hardware_init) refers to delay.o(i.delay_init) for delay_init
    hardware_init.o(i.Hardware_init) refers to hardware_init.o(i.GPIO_init) for GPIO_init
    hardware_init.o(i.Hardware_init) refers to hardware_init.o(i.DAC_init) for DAC_init
    hardware_init.o(i.Hardware_init) refers to hardware_init.o(i.CMP_init) for CMP_init
    hardware_init.o(i.Hardware_init) refers to hardware_init.o(i.UTimer_init) for UTimer_init
    hardware_init.o(i.Hardware_init) refers to hardware_init.o(i.HALL_init) for HALL_init
    hardware_init.o(i.Hardware_init) refers to lks32mc03x_tmp.o(i.TempSensor_Init) for TempSensor_Init
    hardware_init.o(i.Hardware_init) refers to hardware_init.o(i.PGA_init) for PGA_init
    hardware_init.o(i.Hardware_init) refers to hardware_init.o(i.ADC0_init) for ADC0_init
    hardware_init.o(i.Hardware_init) refers to hardware_init.o(i.MCPWM_init) for MCPWM_init
    hardware_init.o(i.Hardware_init) refers to delay.o(i.delay_us) for delay_us
    hardware_init.o(i.Hardware_init) refers to hardware_init.o(i.__NVIC_EnableIRQ) for __NVIC_EnableIRQ
    hardware_init.o(i.Hardware_init) refers to hardware_init.o(i.__NVIC_SetPriority) for __NVIC_SetPriority
    hardware_init.o(i.Invers_GPIO) refers to lks32mc03x_gpio.o(i.GPIO_ReadOutputDataBit) for GPIO_ReadOutputDataBit
    hardware_init.o(i.Invers_GPIO) refers to lks32mc03x_gpio.o(i.GPIO_ResetBits) for GPIO_ResetBits
    hardware_init.o(i.Invers_GPIO) refers to lks32mc03x_gpio.o(i.GPIO_SetBits) for GPIO_SetBits
    hardware_init.o(i.MCPWM_init) refers to lks32mc03x_mcpwm.o(i.MCPWM_StructInit) for MCPWM_StructInit
    hardware_init.o(i.MCPWM_init) refers to lks32mc03x_mcpwm.o(i.MCPWM_Init) for MCPWM_Init
    hardware_init.o(i.MCPWM_init) refers to lks32mc03x_mcpwm.o(i.MCPWM_SwapFunction) for MCPWM_SwapFunction
    hardware_init.o(i.MCPWM_init) refers to lks32mc03x_gpio.o(i.GPIO_SetBits) for GPIO_SetBits
    hardware_init.o(i.OPA_CommonVoltageCorrection) refers to lks32mc03x_dac.o(i.DAC_OutputVoltage) for DAC_OutputVoltage
    hardware_init.o(i.OPA_CommonVoltageCorrection) refers to delay.o(i.delay_us) for delay_us
    hardware_init.o(i.OPA_CommonVoltageCorrection) refers to lks32mc03x_cmp.o(i.GET_CMP_data) for GET_CMP_data
    hardware_init.o(i.OPA_CommonVoltageCorrection) refers to hardware_init.o(i.MedianFilter) for MedianFilter
    hardware_init.o(i.OPA_CommonVoltageCorrection) refers to aeabi_sdiv.o(.text) for __aeabi_uidivmod
    hardware_init.o(i.PGA_init) refers to lks32mc03x_opa.o(i.OPA_StructInit) for OPA_StructInit
    hardware_init.o(i.PGA_init) refers to lks32mc03x_opa.o(i.OPA_Init) for OPA_Init
    hardware_init.o(i.PGA_init) refers to lks32mc03x_opa.o(i.OPA_OUT) for OPA_OUT
    hardware_init.o(i.SystemInit) refers to hardware_init.o(i.Clock_Init) for Clock_Init
[...]
    bldcdriver.o(i.BLDC_ZeroCrossCompTask) refers to bldcdriver.o(.bss) for .bss
    bldcdriver.o(.data) refers to bldcdriver.o(i.BLDC_PWM_UH_VL) for BLDC_PWM_UH_VL
    bldcdriver.o(.data) refers to bldcdriver.o(i.BLDC_PWM_UH_WL) for BLDC_PWM_UH_WL
    bldcdriver.o(.data) refers to bldcdriver.o(i.BLDC_PWM_VH_WL) for BLDC_PWM_VH_WL
    bldcdriver.o(.data) refers to bldcdriver.o(i.BLDC_PWM_VH_UL) for BLDC_PWM_VH_UL
    bldcdriver.o(.data) refers to bldcdriver.o(i.BLDC_PWM_WH_UL) for BLDC_PWM_WH_UL
    bldcdriver.o(.data) refers to bldcdriver.o(i.BLDC_PWM_WH_VL) for BLDC_PWM_WH_VL
    llsdiv.o(.text) refers to lludiv.o(.text) for __aeabi_uldivmod
    rt_memcpy.o(.text) refers to rt_memcpy.o(.emb_text) for __aeabi_memcpy4
    __main.o(!!!main) refers to __rtentry.o(.ARM.Collect$$rtentry$$00000000) for __rt_entry
    __rtentry.o(.ARM.Collect$$rtentry$$00000000) refers (Special) to __rtentry2.o(.ARM.Collect$$rtentry$$0000000A) for __rt_entry_li
    __rtentry.o(.ARM.Collect$$rtentry$$00000000) refers (Special) to __rtentry2.o(.ARM.Collect$$rtentry$$0000000D) for __rt_entry_main
    __rtentry.o(.ARM.Collect$$rtentry$$00000000) refers (Special) to __rtentry2.o(.ARM.Collect$$rtentry$$0000000C) for __rt_entry_postli_1
    __rtentry.o(.ARM.Collect$$rtentry$$00000000) refers (Special) to __rtentry2.o(.ARM.Collect$$rtentry$$00000009) for __rt_entry_postsh_1
    __rtentry.o(.ARM.Collect$$rtentry$$00000000) refers (Special) to __rtentry2.o(.ARM.Collect$$rtentry$$00000002) for __rt_entry_presh_1
    __rtentry.o(.ARM.Collect$$rtentry$$00000000) refers (Special) to __rtentry4.o(.ARM.Collect$$rtentry$$00000004) for __rt_entry_sh
    aeabi_idiv0_sigfpe.o(.text) refers to rt_div0.o(.text) for __rt_div0
    __rtentry2.o(.ARM.Collect$$rtentry$$00000008) refers to boardinit2.o(.text) for _platform_post_stackheap_init
    __rtentry2.o(.ARM.Collect$$rtentry$$0000000A) refers to libinit.o(.ARM.Collect$$libinit$$00000000) for __rt_lib_init
    __rtentry2.o(.ARM.Collect$$rtentry$$0000000B) refers to boardinit3.o(.text) for _platform_post_lib_init
    __rtentry2.o(.ARM.Collect$$rtentry$$0000000D) refers to main.o(i.main) for main
    __rtentry2.o(.ARM.Collect$$rtentry$$0000000D) refers to exit.o(.text) for exit
    __rtentry2.o(.ARM.exidx) refers to __rtentry2.o(.ARM.Collect$$rtentry$$00000001) for .ARM.Collect$$rtentry$$00000001
    __rtentry2.o(.ARM.exidx) refers to __rtentry2.o(.ARM.Collect$$rtentry$$00000008) for .ARM.Collect$$rtentry$$00000008
    __rtentry2.o(.ARM.exidx) refers to __rtentry2.o(.ARM.Collect$$rtentry$$0000000A) for .ARM.Collect$$rtentry$$0000000A
    __rtentry2.o(.ARM.exidx) refers to __rtentry2.o(.ARM.Collect$$rtentry$$0000000B) for .ARM.Collect$$rtentry$$0000000B
    __rtentry2.o(.ARM.exidx) refers to __rtentry2.o(.ARM.Collect$$rtentry$$0000000D) for .ARM.Collect$$rtentry$$0000000D
    __rtentry4.o(.ARM.Collect$$rtentry$$00000004) refers to sys_stackheap_outer.o(.text) for __user_setup_stackheap
    __rtentry4.o(.ARM.exidx) refers to __rtentry4.o(.ARM.Collect$$rtentry$$00000004) for .ARM.Collect$$rtentry$$00000004
    rt_div0.o(.text) refers to defsig_fpe_outer.o(.text) for __rt_SIGFPE
    aeabi_ldiv0_sigfpe.o(.text) refers to rt_div0.o(.text) for __rt_div0
    sys_stackheap_outer.o(.text) refers to libspace.o(.text) for __user_perproc_libspace
    sys_stackheap_outer.o(.text) refers to startup_lks32mc03x.o(.text) for __user_initial_stackheap
    sys_stackheap_outer.o(__vectab_stack_and_reset_area) refers to tempstk.o(.text) for __temporary_stack_top
    sys_stackheap_outer.o(__vectab_stack_and_reset_area) refers to __main.o(!!!main) for __main
    exit.o(.text) refers to rtexit.o(.ARM.Collect$$rtexit$$00000000) for __rt_exit
    defsig_fpe_outer.o(.text) refers to defsig_fpe_inner.o(.text) for __rt_SIGFPE_inner
    defsig_fpe_outer.o(.text) refers to defsig_exit.o(.text) for __sig_exit
    defsig_fpe_formal.o(.text) refers to rt_raise.o(.text) for __rt_raise
    libinit.o(.ARM.Collect$$libinit$$00000000) refers (Special) to libinit2.o(.ARM.Collect$$libinit$$0000002E) for __rt_lib_init_alloca_1
    libinit.o(.ARM.Collect$$libinit$$00000000) refers (Special) to libinit2.o(.ARM.Collect$$libinit$$0000002C) for __rt_lib_init_argv_1
    libinit.o(.ARM.Collect$$libinit$$00000000) refers (Special) to libinit2.o(.ARM.Collect$$libinit$$0000001B) for __rt_lib_init_atexit_1
    libinit.o(.ARM.Collect$$libinit$$00000000) refers (Special) to libinit2.o(.ARM.Collect$$libinit$$00000021) for __rt_lib_init_clock_1
    libinit.o(.ARM.Collect$$libinit$$00000000) refers (Special) to libinit2.o(.ARM.Collect$$libinit$$00000032) for __rt_lib_init_cpp_1
    libinit.o(.ARM.Collect$$libinit$$00000000) refers (Special) to libinit2.o(.ARM.Collect$$libinit$$00000030) for __rt_lib_init_exceptions_1
    libinit.o(.ARM.Collect$$libinit$$00000000) refers (Special) to libinit2.o(.ARM.Collect$$libinit$$00000002) for __rt_lib_init_fp_1
    libinit.o(.ARM.Collect$$libinit$$00000000) refers (Special) to libinit2.o(.ARM.Collect$$libinit$$0000001F) for __rt_lib_init_fp_trap_1
    libinit.o(.ARM.Collect$$libinit$$00000000) refers (Special) to libinit2.o(.ARM.Collect$$libinit$$00000023) for __rt_lib_init_getenv_1
    libinit.o(.ARM.Collect$$libinit$$00000000) refers (Special) to libinit2.o(.ARM.Collect$$libinit$$0000000A) for __rt_lib_init_heap_1
    libinit.o(.ARM.Collect$$libinit$$00000000) refers (Special) to libinit2.o(.ARM.Collect$$libinit$$00000011) for __rt_lib_init_lc_collate_1
    libinit.o(.ARM.Collect$$libinit$$00000000) refers (Special) to libinit2.o(.ARM.Collect$$libinit$$00000013) for __rt_lib_init_lc_ctype_1
    libinit.o(.ARM.Collect$$libinit$$00000000) refers (Special) to libinit2.o(.ARM.Collect$$libinit$$00000015) for __rt_lib_init_lc_monetary_1
    libinit.o(.ARM.Collect$$libinit$$00000000) refers (Special) to libinit2.o(.ARM.Collect$$libinit$$00000017) for __rt_lib_init_lc_numeric_1
    libinit.o(.ARM.Collect$$libinit$$00000000) refers (Special) to libinit2.o(.ARM.Collect$$libinit$$00000019) for __rt_lib_init_lc_time_1
    libinit.o(.ARM.Collect$$libinit$$00000000) refers (Special) to libinit2.o(.ARM.Collect$$libinit$$00000004) for __rt_lib_init_preinit_1
    libinit.o(.ARM.Collect$$libinit$$00000000) refers (Special) to libinit2.o(.ARM.Collect$$libinit$$0000000E) for __rt_lib_init_rand_1
    libinit.o(.ARM.Collect$$libinit$$00000000) refers (Special) to libinit2.o(.ARM.Collect$$libinit$$00000033) for __rt_lib_init_return
    libinit.o(.ARM.Collect$$libinit$$00000000) refers (Special) to libinit2.o(.ARM.Collect$$libinit$$0000001D) for __rt_lib_init_signal_1
    libinit.o(.ARM.Collect$$libinit$$00000000) refers (Special) to libinit2.o(.ARM.Collect$$libinit$$00000025) for __rt_lib_init_stdio_1
    libinit.o(.ARM.Collect$$libinit$$00000000) refers (Special) to libinit2.o(.ARM.Collect$$libinit$$0000000C) for __rt_lib_init_user_alloc_1
    libspace.o(.text) refers to libspace.o(.bss) for __libspace_start
    rtexit.o(.ARM.Collect$$rtexit$$00000000) refers (Special) to rtexit2.o(.ARM.Collect$$rtexit$$00000004) for __rt_exit_exit
    rtexit.o(.ARM.Collect$$rtexit$$00000000) refers (Special) to rtexit2.o(.ARM.Collect$$rtexit$$00000003) for __rt_exit_ls
    rtexit.o(.ARM.Collect$$rtexit$$00000000) refers (Special) to rtexit2.o(.ARM.Collect$$rtexit$$00000002) for __rt_exit_prels_1
    rtexit.o(.ARM.exidx) refers (Special) to rtexit2.o(.ARM.Collect$$rtexit$$00000004) for __rt_exit_exit
    rtexit.o(.ARM.exidx) refers (Special) to rtexit2.o(.ARM.Collect$$rtexit$$00000003) for __rt_exit_ls
    rtexit.o(.ARM.exidx) refers (Special) to rtexit2.o(.ARM.Collect$$rtexit$$00000002) for __rt_exit_prels_1
    rtexit.o(.ARM.exidx) refers to rtexit.o(.ARM.Collect$$rtexit$$00000000) for .ARM.Collect$$rtexit$$00000000
    rt_raise.o(.text) refers to __raise.o(.text) for __raise
    rt_raise.o(.text) refers to sys_exit.o(.text) for _sys_exit
    defsig_exit.o(.text) refers to sys_exit.o(.text) for _sys_exit
    defsig_fpe_inner.o(.text) refers to defsig_general.o(.text) for __default_signal_display
    libinit2.o(.ARM.Collect$$libinit$$00000010) refers to libinit2.o(.ARM.Collect$$libinit$$0000000F) for .ARM.Collect$$libinit$$0000000F
    libinit2.o(.ARM.Collect$$libinit$$00000012) refers to libinit2.o(.ARM.Collect$$libinit$$0000000F) for .ARM.Collect$$libinit$$0000000F
    libinit2.o(.ARM.Collect$$libinit$$00000014) refers to libinit2.o(.ARM.Collect$$libinit$$0000000F) for .ARM.Collect$$libinit$$0000000F
    libinit2.o(.ARM.Collect$$libinit$$00000016) refers to libinit2.o(.ARM.Collect$$libinit$$0000000F) for .ARM.Collect$$libinit$$0000000F
    libinit2.o(.ARM.Collect$$libinit$$00000018) refers to libinit2.o(.ARM.Collect$$libinit$$0000000F) for .ARM.Collect$$libinit$$0000000F
    libinit2.o(.ARM.Collect$$libinit$$00000026) refers to argv_veneer.o(.text) for __ARM_argv_veneer
    libinit2.o(.ARM.Collect$$libinit$$00000027) refers to argv_veneer.o(.text) for __ARM_argv_veneer
    sys_exit.o(.text) refers (Special) to use_no_semi.o(.text) for __I$use$semihosting
    sys_exit.o(.text) refers (Special) to indicate_semi.o(.text) for __semihosting_library_function
    rtexit2.o(.ARM.Collect$$rtexit$$00000003) refers to libshutdown.o(.ARM.Collect$$libshutdown$$00000000) for __rt_lib_shutdown
    rtexit2.o(.ARM.Collect$$rtexit$$00000004) refers to sys_exit.o(.text) for _sys_exit
    rtexit2.o(.ARM.exidx) refers to rtexit2.o(.ARM.Collect$$rtexit$$00000001) for .ARM.Collect$$rtexit$$00000001
    rtexit2.o(.ARM.exidx) refers to rtexit2.o(.ARM.Collect$$rtexit$$00000003) for .ARM.Collect$$rtexit$$00000003
    rtexit2.o(.ARM.exidx) refers to rtexit2.o(.ARM.Collect$$rtexit$$00000004) for .ARM.Collect$$rtexit$$00000004
    __raise.o(.text) refers to defsig.o(CL$$defsig) for __default_signal_handler
    defsig_general.o(.text) refers to sys_wrch.o(.text) for _ttywrch
    sys_wrch.o(.text) refers (Special) to use_no_semi.o(.text) for __I$use$semihosting
    sys_wrch.o(.text) refers (Special) to indicate_semi.o(.text) for __semihosting_library_function
    defsig.o(CL$$defsig) refers to defsig_fpe_inner.o(.text) for __rt_SIGFPE_inner
    defsig.o(CL$$defsig) refers to defsig_rtmem_inner.o(.text) for __rt_SIGRTMEM_inner
    _get_argv_nomalloc.o(.text) refers (Special) to hrguard.o(.text) for __heap_region$guard
    _get_argv_nomalloc.o(.text) refers to defsig_rtmem_outer.o(.text) for __rt_SIGRTMEM
    _get_argv_nomalloc.o(.text) refers to sys_command.o(.text) for _sys_command_string
    libshutdown.o(.ARM.Collect$$libshutdown$$00000000) refers (Special) to libshutdown2.o(.ARM.Collect$$libshutdown$$00000004) for __rt_lib_shutdown_cpp_1
    libshutdown.o(.ARM.Collect$$libshutdown$$00000000) refers (Special) to libshutdown2.o(.ARM.Collect$$libshutdown$$00000002) for __rt_lib_shutdown_fini_1
    libshutdown.o(.ARM.Collect$$libshutdown$$00000000) refers (Special) to libshutdown2.o(.ARM.Collect$$libshutdown$$00000009) for __rt_lib_shutdown_fp_trap_1
    libshutdown.o(.ARM.Collect$$libshutdown$$00000000) refers (Special) to libshutdown2.o(.ARM.Collect$$libshutdown$$00000011) for __rt_lib_shutdown_heap_1
    libshutdown.o(.ARM.Collect$$libshutdown$$00000000) refers (Special) to libshutdown2.o(.ARM.Collect$$libshutdown$$00000012) for __rt_lib_shutdown_return
    libshutdown.o(.ARM.Collect$$libshutdown$$00000000) refers (Special) to libshutdown2.o(.ARM.Collect$$libshutdown$$0000000C) for __rt_lib_shutdown_signal_1
    libshutdown.o(.ARM.Collect$$libshutdown$$00000000) refers (Special) to libshutdown2.o(.ARM.Collect$$libshutdown$$00000006) for __rt_lib_shutdown_stdio_1
    libshutdown.o(.ARM.Collect$$libshutdown$$00000000) refers (Special) to libshutdown2.o(.ARM.Collect$$libshutdown$$0000000E) for __rt_lib_shutdown_user_alloc_1
    sys_command.o(.text) refers (Special) to use_no_semi.o(.text) for __I$use$semihosting
    sys_command.o(.text) refers (Special) to indicate_semi.o(.text) for __semihosting_library_function
    defsig_abrt_inner.o(.text) refers to defsig_general.o(.text) for __default_signal_display
    defsig_rtred_inner.o(.text) refers to defsig_general.o(.text) for __default_signal_display
    defsig_rtmem_inner.o(.text) refers to defsig_general.o(.text) for __default_signal_display
    defsig_rtmem_outer.o(.text) refers to defsig_rtmem_inner.o(.text) for __rt_SIGRTMEM_inner
    defsig_rtmem_outer.o(.text) refers to defsig_exit.o(.text) for __sig_exit
    defsig_rtmem_formal.o(.text) refers to rt_raise.o(.text) for __rt_raise
    defsig_stak_inner.o(.text) refers to defsig_general.o(.text) for __default_signal_display
    defsig_pvfn_inner.o(.text) refers to defsig_general.o(.text) for __default_signal_display
    defsig_cppl_inner.o(.text) refers to defsig_general.o(.text) for __default_signal_display
    defsig_segv_inner.o(.text) refers to defsig_general.o(.text) for __default_signal_display
    defsig_other.o(.text) refers to defsig_general.o(.text) for __default_signal_display


==============================================================================

Removing Unused input sections from the image.

    Removing main.o(.rev16_text), (4 bytes).
    Removing main.o(.revsh_text), (4 bytes).
    Removing hardware_init.o(.rev16_text), (4 bytes).
    Removing hardware_init.o(.revsh_text), (4 bytes).
    Removing hardware_init.o(i.DebugPWM_OutputFunction), (52 bytes).
    Removing hardware_init.o(i.Invers_GPIO), (34 bytes).
    Removing hardware_init.o(i.MedianFilter), (74 bytes).
    Removing hardware_init.o(i.OPA_CommonVoltageCorrection), (156 bytes).
    Removing hardware_init.o(i.TempSensor_init), (8 bytes).
    Removing interrupt.o(.rev16_text), (4 bytes).
    Removing interrupt.o(.revsh_text), (4 bytes).
    Removing delay.o(.rev16_text), (4 bytes).
    Removing delay.o(.revsh_text), (4 bytes).
    Removing delay.o(i.delay_ms), (44 bytes).
    Removing delay.o(i.delay_xms), (44 bytes).
    Removing lks32mc03x_adc.o(.rev16_text), (4 bytes).
    Removing lks32mc03x_adc.o(.revsh_text), (4 bytes).
    Removing lks32mc03x_adc.o(i.ADC_ChannelConfig), (44 bytes).
    Removing lks32mc03x_adc.o(i.ADC_GetConversionValue), (104 bytes).
    Removing lks32mc03x_adc.o(i.ADC_SoftTrgEN), (20 bytes).
    Removing lks32mc03x_cmp.o(.rev16_text), (4 bytes).
    Removing lks32mc03x_cmp.o(.revsh_text), (4 bytes).
    Removing lks32mc03x_cmp.o(i.CMP_ClearIRQFlag), (24 bytes).
    Removing lks32mc03x_cmp.o(i.CMP_GetIRQFlag), (40 bytes).
    Removing lks32mc03x_cmp.o(i.GET_CMP_data), (56 bytes).
    Removing lks32mc03x_dac.o(.rev16_text), (4 bytes).
    Removing lks32mc03x_dac.o(.revsh_text), (4 bytes).
    Removing lks32mc03x_dac.o(i.DAC_Output), (36 bytes).
    Removing lks32mc03x_dac.o(i.DAC_OutputValue), (48 bytes).
    Removing lks32mc03x_dma.o(.rev16_text), (4 bytes).
    Removing lks32mc03x_dma.o(.revsh_text), (4 bytes).
    Removing lks32mc03x_dma.o(i.DMA_CHx_EN), (24 bytes).
    Removing lks32mc03x_dma.o(i.DMA_ClearIRQFlag), (12 bytes).
    Removing lks32mc03x_dma.o(i.DMA_GetIRQFlag), (28 bytes).
    Removing lks32mc03x_dma.o(i.DMA_Init), (120 bytes).
    Removing lks32mc03x_dma.o(i.DMA_StructInit), (10 bytes).
    Removing lks32mc03x_dsp.o(.rev16_text), (4 bytes).
    Removing lks32mc03x_dsp.o(.revsh_text), (4 bytes).
    Removing lks32mc03x_dsp.o(i.DSP_CalcDivision), (56 bytes).
    Removing lks32mc03x_dsp.o(i.DSP_Cmd), (14 bytes).
    Removing lks32mc03x_dsp.o(i.DSP_GetSqrt), (36 bytes).
    Removing lks32mc03x_dsp.o(.data), (2 bytes).
    Removing lks32mc03x_flash.o(.rev16_text), (4 bytes).
    Removing lks32mc03x_flash.o(.revsh_text), (4 bytes).
    Removing lks32mc03x_flash.o(i.EraseSector), (156 bytes).
    Removing lks32mc03x_flash.o(i.ProgramPage), (280 bytes).
    Removing lks32mc03x_flash.o(i.Read_Flash), (18 bytes).
    Removing lks32mc03x_flash.o(i.Read_More_Flash), (50 bytes).
    Removing lks32mc03x_flash.o(.data), (8 bytes).
    Removing lks32mc03x_gpio.o(.rev16_text), (4 bytes).
    Removing lks32mc03x_gpio.o(.revsh_text), (4 bytes).
    Removing lks32mc03x_gpio.o(i.EXTI_ClearIRQFlag), (72 bytes).
    Removing lks32mc03x_gpio.o(i.EXTI_GetIRQFlag), (88 bytes).
    Removing lks32mc03x_gpio.o(i.EXTI_Trigger_Config), (300 bytes).
    Removing lks32mc03x_gpio.o(i.GPIO_ReadInputData), (4 bytes).
    Removing lks32mc03x_gpio.o(i.GPIO_ReadInputDataBit), (14 bytes).
    Removing lks32mc03x_gpio.o(i.GPIO_ReadOutputData), (4 bytes).
    Removing lks32mc03x_gpio.o(i.GPIO_ReadOutputDataBit), (14 bytes).
    Removing lks32mc03x_gpio.o(i.GPIO_ResetBits), (4 bytes).
    Removing lks32mc03x_gpio.o(i.GPIO_Write), (4 bytes).
    Removing lks32mc03x_gpio.o(i.GPIO_WriteBit), (12 bytes).
    Removing lks32mc03x_gpio.o(.constdata), (128 bytes).
    Removing lks32mc03x_hall.o(.rev16_text), (4 bytes).
    Removing lks32mc03x_hall.o(.revsh_text), (4 bytes).
    Removing lks32mc03x_hall.o(i.HALL_ClearIRQFlag), (12 bytes).
    Removing lks32mc03x_hall.o(i.HALL_GetCaptureValue), (16 bytes).
    Removing lks32mc03x_hall.o(i.HALL_GetCount), (12 bytes).
    Removing lks32mc03x_hall.o(i.HALL_GetFilterValue), (16 bytes).
    Removing lks32mc03x_hall.o(i.HALL_GetIRQFlag), (12 bytes).
    Removing lks32mc03x_hall.o(i.HALL_WIDCount), (12 bytes).
    Removing lks32mc03x_i2c.o(.rev16_text), (4 bytes).
    Removing lks32mc03x_i2c.o(.revsh_text), (4 bytes).
    Removing lks32mc03x_i2c.o(i.Clear_I2c_Bus_State), (16 bytes).
    Removing lks32mc03x_i2c.o(i.I2C_Init), (144 bytes).
    Removing lks32mc03x_i2c.o(i.I2C_ReadData), (6 bytes).
    Removing lks32mc03x_i2c.o(i.I2C_SendData), (4 bytes).
    Removing lks32mc03x_i2c.o(i.I2C_StructInit), (32 bytes).
    Removing lks32mc03x_i2c.o(i.Read_I2c_Bus_State), (20 bytes).
    Removing lks32mc03x_i2c.o(i.i2c_dma_delay_over), (48 bytes).
    Removing lks32mc03x_i2c.o(i.i2c_dma_init), (60 bytes).
    Removing lks32mc03x_i2c.o(i.i2c_dma_rx), (84 bytes).
    Removing lks32mc03x_i2c.o(i.i2c_dma_state_over), (12 bytes).
    Removing lks32mc03x_i2c.o(i.i2c_dma_tx), (88 bytes).
    Removing lks32mc03x_i2c.o(.data), (1 bytes).
    Removing lks32mc03x_iwdg.o(.rev16_text), (4 bytes).
    Removing lks32mc03x_iwdg.o(.revsh_text), (4 bytes).
    Removing lks32mc03x_iwdg.o(i.IWDG_ENABLE), (12 bytes).
    Removing lks32mc03x_iwdg.o(i.IWDG_Feed), (24 bytes).
    Removing lks32mc03x_iwdg.o(i.IWDG_Init), (84 bytes).
    Removing lks32mc03x_iwdg.o(i.IWDG_StrutInit), (20 bytes).
    Removing lks32mc03x_mcpwm.o(.rev16_text), (4 bytes).
    Removing lks32mc03x_mcpwm.o(.revsh_text), (4 bytes).
    Removing lks32mc03x_mcpwm.o(i.MCPWM_ClearIRQFlag), (40 bytes).
    Removing lks32mc03x_mcpwm.o(i.MCPWM_ReadIRQFlag), (44 bytes).
    Removing lks32mc03x_mcpwm.o(i.PWMOutputs_CH3), (44 bytes).
    Removing lks32mc03x_opa.o(.rev16_text), (4 bytes).
    Removing lks32mc03x_opa.o(.revsh_text), (4 bytes).
    Removing lks32mc03x_spi.o(.rev16_text), (4 bytes).
    Removing lks32mc03x_spi.o(.revsh_text), (4 bytes).
    Removing lks32mc03x_spi.o(i.SPI_ClearIRQFlag), (8 bytes).
    Removing lks32mc03x_spi.o(i.SPI_GetIRQFlag), (14 bytes).
    Removing lks32mc03x_spi.o(i.SPI_Init), (84 bytes).
    Removing lks32mc03x_spi.o(i.SPI_ReadData), (6 bytes).
    Removing lks32mc03x_spi.o(i.SPI_SendData), (4 bytes).
    Removing lks32mc03x_spi.o(i.SPI_StructInit), (30 bytes).
    Removing lks32mc03x_sys.o(.rev16_text), (4 bytes).
    Removing lks32mc03x_sys.o(.revsh_text), (4 bytes).
    Removing lks32mc03x_sys.o(i.DSP_Init), (12 bytes).
    Removing lks32mc03x_sys.o(i.SYS_ClearRst), (16 bytes).
    Removing lks32mc03x_sys.o(i.SYS_EVTCLRSleep), (16 bytes).
    Removing lks32mc03x_sys.o(i.SYS_FallSleep), (120 bytes).
    Removing lks32mc03x_sys.o(i.SYS_GetRstSource), (12 bytes).
    Removing lks32mc03x_sys.o(i.SYS_Init), (60 bytes).
    Removing lks32mc03x_sys.o(i.SYS_SetWakeInterval), (40 bytes).
    Removing lks32mc03x_sys.o(i.SYS_SoftResetModule), (24 bytes).
    Removing lks32mc03x_sys.o(i.SYS_StructInit), (18 bytes).
    Removing lks32mc03x_sys.o(i.SetWakeIO), (48 bytes).
    Removing lks32mc03x_sys.o(i.Switch2HRC), (48 bytes).
    Removing lks32mc03x_sys.o(i.Switch2PLL), (56 bytes).
    Removing lks32mc03x_sys.o(i.__NVIC_DisableIRQ), (32 bytes).
    Removing lks32mc03x_sys.o(.data), (8 bytes).
    Removing lks32mc03x_timer.o(.rev16_text), (4 bytes).
    Removing lks32mc03x_timer.o(.revsh_text), (4 bytes).
    Removing lks32mc03x_timer.o(i.TIM_ClearIRQFlag), (28 bytes).
    Removing lks32mc03x_timer.o(i.TIM_GetIRQFlag), (40 bytes).
    Removing lks32mc03x_timer.o(i.TIM_Timer_GetCMPT0), (4 bytes).
    Removing lks32mc03x_timer.o(i.TIM_Timer_GetCMPT1), (4 bytes).
    Removing lks32mc03x_timer.o(i.TIM_Timer_GetCount), (4 bytes).
    Removing lks32mc03x_tmp.o(.rev16_text), (4 bytes).
    Removing lks32mc03x_tmp.o(.revsh_text), (4 bytes).
    Removing lks32mc03x_tmp.o(i.GetCurrentTemperature), (48 bytes).
    Removing lks32mc03x_uart.o(.rev16_text), (4 bytes).
    Removing lks32mc03x_uart.o(.revsh_text), (4 bytes).
    Removing lks32mc03x_uart.o(i.UART_ClearIRQFlag), (4 bytes).
    Removing lks32mc03x_uart.o(i.UART_GetIRQFlag), (18 bytes).
    Removing lks32mc03x_uart.o(i.UART_Init), (156 bytes).
    Removing lks32mc03x_uart.o(i.UART_ReadData), (4 bytes).
    Removing lks32mc03x_uart.o(i.UART_SendAddr_485), (40 bytes).
    Removing lks32mc03x_uart.o(i.UART_SendData), (4 bytes).
    Removing lks32mc03x_uart.o(i.UART_SendData_485), (32 bytes).
    Removing lks32mc03x_uart.o(i.UART_StructInit), (30 bytes).
    Removing bldcdriver.o(.rev16_text), (4 bytes).
    Removing bldcdriver.o(.revsh_text), (4 bytes).
    Removing lks32mc03x_nvr.o(i.Prog_Trim), (100 bytes).

144 unused section(s) (total 4453 bytes) removed from the image.

==============================================================================

Image Symbol Table

    Local Symbols

    Symbol Name                              Value     Ov Type        Size  Object(Section)

    RESET                                    0x00000000   Section      192  startup_lks32mc03x.o(RESET)
    ../clib/angel/boardlib.s                 0x00000000   Number         0  boardinit1.o ABSOLUTE
    ../clib/angel/boardlib.s                 0x00000000   Number         0  boardinit2.o ABSOLUTE
    ../clib/angel/boardlib.s                 0x00000000   Number         0  boardinit3.o ABSOLUTE
    ../clib/angel/boardlib.s                 0x00000000   Number         0  boardshut.o ABSOLUTE
    ../clib/angel/handlers.s                 0x00000000   Number         0  __scatter_zi.o ABSOLUTE
    ../clib/angel/handlers.s                 0x00000000   Number         0  __scatter_copy.o ABSOLUTE
    ../clib/angel/kernel.s                   0x00000000   Number         0  rtexit2.o ABSOLUTE
    ../clib/angel/kernel.s                   0x00000000   Number         0  rtexit.o ABSOLUTE
    ../clib/angel/kernel.s                   0x00000000   Number         0  __rtentry.o ABSOLUTE
    ../clib/angel/kernel.s                   0x00000000   Number         0  __rtentry2.o ABSOLUTE
    ../clib/angel/kernel.s                   0x00000000   Number         0  __rtentry4.o ABSOLUTE
    ../clib/angel/rt.s                       0x00000000   Number         0  aeabi_idiv0.o ABSOLUTE
    ../clib/angel/rt.s                       0x00000000   Number         0  rt_div0.o ABSOLUTE
    ../clib/angel/rt.s                       0x00000000   Number         0  rt_raise.o ABSOLUTE
    ../clib/angel/rt.s                       0x00000000   Number         0  aeabi_ldiv0_sigfpe.o ABSOLUTE
    ../clib/angel/rt.s                       0x00000000   Number         0  aeabi_ldiv0.o ABSOLUTE
    ../clib/angel/rt.s                       0x00000000   Number         0  aeabi_idiv0_sigfpe.o ABSOLUTE
    ../clib/angel/scatterp.s                 0x00000000   Number         0  __scatter.o ABSOLUTE
    ../clib/angel/startup.s                  0x00000000   Number         0  __main.o ABSOLUTE
    ../clib/angel/sys.s                      0x00000000   Number         0  tempstk.o ABSOLUTE
    ../clib/angel/sys.s                      0x00000000   Number         0  sys_stackheap_outer.o ABSOLUTE
    ../clib/angel/sys.s                      0x00000000   Number         0  indicate_semi.o ABSOLUTE
    ../clib/angel/sys.s                      0x00000000   Number         0  libspace.o ABSOLUTE
    ../clib/angel/sys.s                      0x00000000   Number         0  use_no_semi.o ABSOLUTE
    ../clib/angel/sysapp.c                   0x00000000   Number         0  sys_exit.o ABSOLUTE
    ../clib/angel/sysapp.c                   0x00000000   Number         0  sys_command.o ABSOLUTE
    ../clib/angel/sysapp.c                   0x00000000   Number         0  sys_wrch.o ABSOLUTE
    ../clib/armsys.c                         0x00000000   Number         0  no_argv.o ABSOLUTE
    ../clib/armsys.c                         0x00000000   Number         0  _get_argv_nomalloc.o ABSOLUTE
    ../clib/armsys.c                         0x00000000   Number         0  argv_veneer.o ABSOLUTE
    ../clib/division.c                       0x00000000   Number         0  llsdiv.o ABSOLUTE
    ../clib/division.c                       0x00000000   Number         0  lludiv.o ABSOLUTE
    ../clib/division.s                       0x00000000   Number         0  aeabi_sdiv.o ABSOLUTE
    ../clib/division.s                       0x00000000   Number         0  aeabi_sdiv_div0.o ABSOLUTE
    ../clib/heapalloc.c                      0x00000000   Number         0  hrguard.o ABSOLUTE
    ../clib/heapaux.c                        0x00000000   Number         0  heapauxi.o ABSOLUTE
    ../clib/libinit.s                        0x00000000   Number         0  libshutdown.o ABSOLUTE
    ../clib/libinit.s                        0x00000000   Number         0  libinit2.o ABSOLUTE
    ../clib/libinit.s                        0x00000000   Number         0  libshutdown2.o ABSOLUTE
    ../clib/libinit.s                        0x00000000   Number         0  libinit.o ABSOLUTE
    ../clib/memcpset.c                       0x00000000   Number         0  rt_memcpy.o ABSOLUTE
    ../clib/memcpset.c                       0x00000000   Number         0  rt_memclr.o ABSOLUTE
    ../clib/memcpset.c                       0x00000000   Number         0  rt_memcpy.o ABSOLUTE
    ../clib/signal.c                         0x00000000   Number         0  defsig_pvfn_inner.o ABSOLUTE
    ../clib/signal.c                         0x00000000   Number         0  defsig_cppl_inner.o ABSOLUTE
    ../clib/signal.c                         0x00000000   Number         0  defsig_segv_inner.o ABSOLUTE
    ../clib/signal.c                         0x00000000   Number         0  defsig_fpe_formal.o ABSOLUTE
    ../clib/signal.c                         0x00000000   Number         0  defsig_other.o ABSOLUTE
    ../clib/signal.c                         0x00000000   Number         0  defsig_rtred_inner.o ABSOLUTE
    ../clib/signal.c                         0x00000000   Number         0  __raise.o ABSOLUTE
    ../clib/signal.c                         0x00000000   Number         0  defsig_general.o ABSOLUTE
    ../clib/signal.c                         0x00000000   Number         0  defsig_abrt_inner.o ABSOLUTE
    ../clib/signal.c                         0x00000000   Number         0  defsig_rtmem_inner.o ABSOLUTE
    ../clib/signal.c                         0x00000000   Number         0  defsig_rtmem_outer.o ABSOLUTE
    ../clib/signal.c                         0x00000000   Number         0  defsig_fpe_inner.o ABSOLUTE
    ../clib/signal.c                         0x00000000   Number         0  defsig_exit.o ABSOLUTE
    ../clib/signal.c                         0x00000000   Number         0  defsig_rtmem_formal.o ABSOLUTE
    ../clib/signal.c                         0x00000000   Number         0  defsig_fpe_outer.o ABSOLUTE
    ../clib/signal.c                         0x00000000   Number         0  defsig_stak_inner.o ABSOLUTE
    ../clib/signal.s                         0x00000000   Number         0  defsig.o ABSOLUTE
    ../clib/stdlib.c                         0x00000000   Number         0  exit.o ABSOLUTE
    ../fplib/cfplib/fpinit.c                 0x00000000   Number         0  fpinit.o ABSOLUTE
    AppFunction\\delay.c                     0x00000000   Number         0  delay.o ABSOLUTE
    AppFunction\\hardware_init.c             0x00000000   Number         0  hardware_init.o ABSOLUTE
    AppFunction\\interrupt.c                 0x00000000   Number         0  interrupt.o ABSOLUTE
    AppFunction\delay.c                      0x00000000   Number         0  delay.o ABSOLUTE
    AppFunction\hardware_init.c              0x00000000   Number         0  hardware_init.o ABSOLUTE
    AppFunction\interrupt.c                  0x00000000   Number         0  interrupt.o ABSOLUTE
    BLDC_Sensorless\\source\\bldcDriver.c    0x00000000   Number         0  bldcdriver.o ABSOLUTE
    BLDC_Sensorless\source\bldcDriver.c      0x00000000   Number         0  bldcdriver.o ABSOLUTE
    Kernal_Source\\main.c                    0x00000000   Number         0  main.o ABSOLUTE
    Kernal_Source\main.c                     0x00000000   Number         0  main.o ABSOLUTE
    LKS32MC03x_Periph_Driver\Source\lks32MC03x_flash.c 0x00000000   Number         0  lks32mc03x_flash.o ABSOLUTE
    LKS32MC03x_Periph_Driver\Source\lks32mc03x_adc.c 0x00000000   Number         0  lks32mc03x_adc.o ABSOLUTE
    LKS32MC03x_Periph_Driver\Source\lks32mc03x_cmp.c 0x00000000   Number         0  lks32mc03x_cmp.o ABSOLUTE
    LKS32MC03x_Periph_Driver\Source\lks32mc03x_dac.c 0x00000000   Number         0  lks32mc03x_dac.o ABSOLUTE
    LKS32MC03x_Periph_Driver\Source\lks32mc03x_dma.c 0x00000000   Number         0  lks32mc03x_dma.o ABSOLUTE
    LKS32MC03x_Periph_Driver\Source\lks32mc03x_dsp.c 0x00000000   Number         0  lks32mc03x_dsp.o ABSOLUTE
    LKS32MC03x_Periph_Driver\Source\lks32mc03x_gpio.c 0x00000000   Number         0  lks32mc03x_gpio.o ABSOLUTE
    LKS32MC03x_Periph_Driver\Source\lks32mc03x_hall.c 0x00000000   Number         0  lks32mc03x_hall.o ABSOLUTE
    LKS32MC03x_Periph_Driver\Source\lks32mc03x_i2c.c 0x00000000   Number         0  lks32mc03x_i2c.o ABSOLUTE
    LKS32MC03x_Periph_Driver\Source\lks32mc03x_iwdg.c 0x00000000   Number         0  lks32mc03x_iwdg.o ABSOLUTE
    LKS32MC03x_Periph_Driver\Source\lks32mc03x_mcpwm.c 0x00000000   Number         0  lks32mc03x_mcpwm.o ABSOLUTE
    LKS32MC03x_Periph_Driver\Source\lks32mc03x_opa.c 0x00000000   Number         0  lks32mc03x_opa.o ABSOLUTE
    LKS32MC03x_Periph_Driver\Source\lks32mc03x_spi.c 0x00000000   Number         0  lks32mc03x_spi.o ABSOLUTE
    LKS32MC03x_Periph_Driver\Source\lks32mc03x_sys.c 0x00000000   Number         0  lks32mc03x_sys.o ABSOLUTE
    LKS32MC03x_Periph_Driver\Source\lks32mc03x_timer.c 0x00000000   Number         0  lks32mc03x_timer.o ABSOLUTE
    LKS32MC03x_Periph_Driver\Source\lks32mc03x_tmp.c 0x00000000   Number         0  lks32mc03x_tmp.o ABSOLUTE
    LKS32MC03x_Periph_Driver\Source\lks32mc03x_uart.c 0x00000000   Number         0  lks32mc03x_uart.o ABSOLUTE
    LKS32MC03x_Periph_Driver\Source\startup_lks32mc03x.s 0x00000000   Number         0  startup_lks32mc03x.o ABSOLUTE
    LKS32MC03x_Periph_Driver\\Source\\lks32MC03x_flash.c 0x00000000   Number         0  lks32mc03x_flash.o ABSOLUTE
    LKS32MC03x_Periph_Driver\\Source\\lks32mc03x_adc.c 0x00000000   Number         0  lks32mc03x_adc.o ABSOLUTE
    LKS32MC03x_Periph_Driver\\Source\\lks32mc03x_cmp.c 0x00000000   Number         0  lks32mc03x_cmp.o ABSOLUTE
    LKS32MC03x_Periph_Driver\\Source\\lks32mc03x_dac.c 0x00000000   Number         0  lks32mc03x_dac.o ABSOLUTE
    LKS32MC03x_Periph_Driver\\Source\\lks32mc03x_dma.c 0x00000000   Number         0  lks32mc03x_dma.o ABSOLUTE
    LKS32MC03x_Periph_Driver\\Source\\lks32mc03x_dsp.c 0x00000000   Number         0  lks32mc03x_dsp.o ABSOLUTE
    LKS32MC03x_Periph_Driver\\Source\\lks32mc03x_gpio.c 0x00000000   Number         0  lks32mc03x_gpio.o ABSOLUTE
    LKS32MC03x_Periph_Driver\\Source\\lks32mc03x_hall.c 0x00000000   Number         0  lks32mc03x_hall.o ABSOLUTE
    LKS32MC03x_Periph_Driver\\Source\\lks32mc03x_i2c.c 0x00000000   Number         0  lks32mc03x_i2c.o ABSOLUTE
    LKS32MC03x_Periph_Driver\\Source\\lks32mc03x_iwdg.c 0x00000000   Number         0  lks32mc03x_iwdg.o ABSOLUTE
    LKS32MC03x_Periph_Driver\\Source\\lks32mc03x_mcpwm.c 0x00000000   Number         0  lks32mc03x_mcpwm.o ABSOLUTE
    LKS32MC03x_Periph_Driver\\Source\\lks32mc03x_opa.c 0x00000000   Number         0  lks32mc03x_opa.o ABSOLUTE
    LKS32MC03x_Periph_Driver\\Source\\lks32mc03x_spi.c 0x00000000   Number         0  lks32mc03x_spi.o ABSOLUTE
    LKS32MC03x_Periph_Driver\\Source\\lks32mc03x_sys.c 0x00000000   Number         0  lks32mc03x_sys.o ABSOLUTE
    LKS32MC03x_Periph_Driver\\Source\\lks32mc03x_timer.c 0x00000000   Number         0  lks32mc03x_timer.o ABSOLUTE
    LKS32MC03x_Periph_Driver\\Source\\lks32mc03x_tmp.c 0x00000000   Number         0  lks32mc03x_tmp.o ABSOLUTE
    LKS32MC03x_Periph_Driver\\Source\\lks32mc03x_uart.c 0x00000000   Number         0  lks32mc03x_uart.o ABSOLUTE
    dc.s                                     0x00000000   Number         0  dc.o ABSOLUTE
    lks32mc03x_NVR.c                         0x00000000   Number         0  lks32mc03x_nvr.o ABSOLUTE
    !!!main                                  0x000000c0   Section        8  __main.o(!!!main)
    !!!scatter                               0x000000c8   Section       60  __scatter.o(!!!scatter)
    !!handler_copy                           0x00000104   Section       26  __scatter_copy.o(!!handler_copy)
    !!handler_zi                             0x00000120   Section       28  __scatter_zi.o(!!handler_zi)
    .ARM.Collect$$libinit$$00000000          0x0000013c   Section        2  libinit.o(.ARM.Collect$$libinit$$00000000)
    .ARM.Collect$$libinit$$00000002          0x0000013e   Section        0  libinit2.o(.ARM.Collect$$libinit$$00000002)
    .ARM.Collect$$libinit$$00000004          0x0000013e   Section        0  libinit2.o(.ARM.Collect$$libinit$$00000004)
    .ARM.Collect$$libinit$$0000000A          0x0000013e   Section        0  libinit2.o(.ARM.Collect$$libinit$$0000000A)
    .ARM.Collect$$libinit$$0000000C          0x0000013e   Section        0  libinit2.o(.ARM.Collect$$libinit$$0000000C)
    .ARM.Collect$$libinit$$0000000E          0x0000013e   Section        0  libinit2.o(.ARM.Collect$$libinit$$0000000E)
    .ARM.Collect$$libinit$$00000011          0x0000013e   Section        0  libinit2.o(.ARM.Collect$$libinit$$00000011)
    .ARM.Collect$$libinit$$00000013          0x0000013e   Section        0  libinit2.o(.ARM.Collect$$libinit$$00000013)
    .ARM.Collect$$libinit$$00000015          0x0000013e   Section        0  libinit2.o(.ARM.Collect$$libinit$$00000015)
    .ARM.Collect$$libinit$$00000017          0x0000013e   Section        0  libinit2.o(.ARM.Collect$$libinit$$00000017)
    .ARM.Collect$$libinit$$00000019          0x0000013e   Section        0  libinit2.o(.ARM.Collect$$libinit$$00000019)
    .ARM.Collect$$libinit$$0000001B          0x0000013e   Section        0  libinit2.o(.ARM.Collect$$libinit$$0000001B)
    .ARM.Collect$$libinit$$0000001D          0x0000013e   Section        0  libinit2.o(.ARM.Collect$$libinit$$0000001D)
    .ARM.Collect$$libinit$$0000001F          0x0000013e   Section        0  libinit2.o(.ARM.Collect$$libinit$$0000001F)
    .ARM.Collect$$libinit$$00000021          0x0000013e   Section        0  libinit2.o(.ARM.Collect$$libinit$$00000021)
    .ARM.Collect$$libinit$$00000023          0x0000013e   Section        0  libinit2.o(.ARM.Collect$$libinit$$00000023)
    .ARM.Collect$$libinit$$00000025          0x0000013e   Section        0  libinit2.o(.ARM.Collect$$libinit$$00000025)
    .ARM.Collect$$libinit$$0000002C          0x0000013e   Section        0  libinit2.o(.ARM.Collect$$libinit$$0000002C)
    .ARM.Collect$$libinit$$0000002E          0x0000013e   Section        0  libinit2.o(.ARM.Collect$$libinit$$0000002E)
    .ARM.Collect$$libinit$$00000030          0x0000013e   Section        0  libinit2.o(.ARM.Collect$$libinit$$00000030)
    .ARM.Collect$$libinit$$00000032          0x0000013e   Section        0  libinit2.o(.ARM.Collect$$libinit$$00000032)
    .ARM.Collect$$libinit$$00000033          0x0000013e   Section        2  libinit2.o(.ARM.Collect$$libinit$$00000033)
    .ARM.Collect$$libshutdown$$00000000      0x00000140   Section        2  libshutdown.o(.ARM.Collect$$libshutdown$$00000000)
    .ARM.Collect$$libshutdown$$00000002      0x00000142   Section        0  libshutdown2.o(.ARM.Collect$$libshutdown$$00000002)
    .ARM.Collect$$libshutdown$$00000004      0x00000142   Section        0  libshutdown2.o(.ARM.Collect$$libshutdown$$00000004)
    .ARM.Collect$$libshutdown$$00000006      0x00000142   Section        0  libshutdown2.o(.ARM.Collect$$libshutdown$$00000006)
    .ARM.Collect$$libshutdown$$00000009      0x00000142   Section        0  libshutdown2.o(.ARM.Collect$$libshutdown$$00000009)
    .ARM.Collect$$libshutdown$$0000000C      0x00000142   Section        0  libshutdown2.o(.ARM.Collect$$libshutdown$$0000000C)
    .ARM.Collect$$libshutdown$$0000000E      0x00000142   Section        0  libshutdown2.o(.ARM.Collect$$libshutdown$$0000000E)
    .ARM.Collect$$libshutdown$$00000011      0x00000142   Section        0  libshutdown2.o(.ARM.Collect$$libshutdown$$00000011)
    .ARM.Collect$$libshutdown$$00000012      0x00000142   Section        2  libshutdown2.o(.ARM.Collect$$libshutdown$$00000012)
    .ARM.Collect$$rtentry$$00000000          0x00000144   Section        0  __rtentry.o(.ARM.Collect$$rtentry$$00000000)
    .ARM.Collect$$rtentry$$00000002          0x00000144   Section        0  __rtentry2.o(.ARM.Collect$$rtentry$$00000002)
    .ARM.Collect$$rtentry$$00000004          0x00000144   Section        6  __rtentry4.o(.ARM.Collect$$rtentry$$00000004)
    .ARM.Collect$$rtentry$$00000009          0x0000014a   Section        0  __rtentry2.o(.ARM.Collect$$rtentry$$00000009)
    .ARM.Collect$$rtentry$$0000000A          0x0000014a   Section        4  __rtentry2.o(.ARM.Collect$$rtentry$$0000000A)
    .ARM.Collect$$rtentry$$0000000C          0x0000014e   Section        0  __rtentry2.o(.ARM.Collect$$rtentry$$0000000C)
    .ARM.Collect$$rtentry$$0000000D          0x0000014e   Section        8  __rtentry2.o(.ARM.Collect$$rtentry$$0000000D)
    .ARM.Collect$$rtexit$$00000000           0x00000156   Section        2  rtexit.o(.ARM.Collect$$rtexit$$00000000)
    .ARM.Collect$$rtexit$$00000002           0x00000158   Section        0  rtexit2.o(.ARM.Collect$$rtexit$$00000002)
    .ARM.Collect$$rtexit$$00000003           0x00000158   Section        4  rtexit2.o(.ARM.Collect$$rtexit$$00000003)
    .ARM.Collect$$rtexit$$00000004           0x0000015c   Section        6  rtexit2.o(.ARM.Collect$$rtexit$$00000004)
    .text                                    0x00000164   Section       68  startup_lks32mc03x.o(.text)
    .text                                    0x000001a8   Section        0  rt_memclr.o(.text)
    .text                                    0x000001e8   Section      346  aeabi_sdiv.o(.text)
    .text                                    0x00000342   Section        0  heapauxi.o(.text)
    .text                                    0x00000348   Section       62  sys_stackheap_outer.o(.text)
    .text                                    0x00000386   Section        0  exit.o(.text)
    .text                                    0x00000398   Section        8  libspace.o(.text)
    .text                                    0x000003a0   Section        0  sys_exit.o(.text)
    .text                                    0x000003ac   Section        2  use_no_semi.o(.text)
    .text                                    0x000003ae   Section        0  indicate_semi.o(.text)
    i.ADC0_init                              0x000003b0   Section        0  hardware_init.o(i.ADC0_init)
    i.ADC_ClearIRQFlag                       0x000003fc   Section        0  lks32mc03x_adc.o(i.ADC_ClearIRQFlag)
    i.ADC_GetIRQFlag                         0x00000400   Section        0  lks32mc03x_adc.o(i.ADC_GetIRQFlag)
    i.ADC_IRQHandler                         0x00000410   Section        0  interrupt.o(i.ADC_IRQHandler)
    i.ADC_Init                               0x00000434   Section        0  lks32mc03x_adc.o(i.ADC_Init)
    i.ADC_StructInit                         0x00000504   Section        0  lks32mc03x_adc.o(i.ADC_StructInit)
    i.BLDC_COMP_Int_SetPolarity_Low          0x0000052c   Section        0  bldcdriver.o(i.BLDC_COMP_Int_SetPolarity_Low)
    BLDC_COMP_Int_SetPolarity_Low            0x0000052d   Thumb Code    12  bldcdriver.o(i.BLDC_COMP_Int_SetPolarity_Low)
    i.BLDC_COMP_Int_TurnOn                   0x0000053c   Section        0  bldcdriver.o(i.BLDC_COMP_Int_TurnOn)
    BLDC_COMP_Int_TurnOn                     0x0000053d   Thumb Code    12  bldcdriver.o(i.BLDC_COMP_Int_TurnOn)
    i.BLDC_GPIO_MotorControl                 0x0000054c   Section        0  bldcdriver.o(i.BLDC_GPIO_MotorControl)
    BLDC_GPIO_MotorControl                   0x0000054d   Thumb Code    42  bldcdriver.o(i.BLDC_GPIO_MotorControl)
    i.BLDC_HighSpeedTask                     0x00000580   Section        0  bldcdriver.o(i.BLDC_HighSpeedTask)
    i.BLDC_LowSpeedTask                      0x0000059c   Section        0  bldcdriver.o(i.BLDC_LowSpeedTask)
    i.BLDC_PWM_TurnOff                       0x00000714   Section        0  bldcdriver.o(i.BLDC_PWM_TurnOff)
    BLDC_PWM_TurnOff                         0x00000715   Thumb Code    54  bldcdriver.o(i.BLDC_PWM_TurnOff)
    i.BLDC_PWM_UH_VL                         0x0000075c   Section        0  bldcdriver.o(i.BLDC_PWM_UH_VL)
    BLDC_PWM_UH_VL                           0x0000075d   Thumb Code    62  bldcdriver.o(i.BLDC_PWM_UH_VL)
    i.BLDC_PWM_UH_WL                         0x000007b0   Section        0  bldcdriver.o(i.BLDC_PWM_UH_WL)
    BLDC_PWM_UH_WL                           0x000007b1   Thumb Code    62  bldcdriver.o(i.BLDC_PWM_UH_WL)
    i.BLDC_PWM_VH_UL                         0x00000804   Section        0  bldcdriver.o(i.BLDC_PWM_VH_UL)
    BLDC_PWM_VH_UL                           0x00000805   Thumb Code    62  bldcdriver.o(i.BLDC_PWM_VH_UL)
    i.BLDC_PWM_VH_WL                         0x00000858   Section        0  bldcdriver.o(i.BLDC_PWM_VH_WL)
    BLDC_PWM_VH_WL                           0x00000859   Thumb Code    64  bldcdriver.o(i.BLDC_PWM_VH_WL)
    i.BLDC_PWM_WH_UL                         0x000008ac   Section        0  bldcdriver.o(i.BLDC_PWM_WH_UL)
    BLDC_PWM_WH_UL                           0x000008ad   Thumb Code    62  bldcdriver.o(i.BLDC_PWM_WH_UL)
    i.BLDC_PWM_WH_VL                         0x00000900   Section        0  bldcdriver.o(i.BLDC_PWM_WH_VL)
    BLDC_PWM_WH_VL                           0x00000901   Thumb Code    64  bldcdriver.o(i.BLDC_PWM_WH_VL)
    i.BLDC_Run_Mode_COMP_Int                 0x00000954   Section        0  bldcdriver.o(i.BLDC_Run_Mode_COMP_Int)
    BLDC_Run_Mode_COMP_Int                   0x00000955   Thumb Code   178  bldcdriver.o(i.BLDC_Run_Mode_COMP_Int)
    i.BLDC_Run_Mode_COMP_Polling             0x00000a18   Section        0  bldcdriver.o(i.BLDC_Run_Mode_COMP_Polling)
    BLDC_Run_Mode_COMP_Polling               0x00000a19   Thumb Code   368  bldcdriver.o(i.BLDC_Run_Mode_COMP_Polling)
    i.BLDC_Run_Mode_COMP_Polling_Commutation 0x00000ba4   Section        0  bldcdriver.o(i.BLDC_Run_Mode_COMP_Polling_Commutation)
    BLDC_Run_Mode_COMP_Polling_Commutation   0x00000ba5   Thumb Code    24  bldcdriver.o(i.BLDC_Run_Mode_COMP_Polling_Commutation)
    i.BLDC_SysReset                          0x00000bc4   Section        0  bldcdriver.o(i.BLDC_SysReset)
    BLDC_SysReset                            0x00000bc5   Thumb Code    58  bldcdriver.o(i.BLDC_SysReset)
    i.BLDC_ZeroCrossCompTask                 0x00000c08   Section        0  bldcdriver.o(i.BLDC_ZeroCrossCompTask)
    i.CMP_IRQHandler                         0x00000c24   Section        0  interrupt.o(i.CMP_IRQHandler)
    i.CMP_Init                               0x00000c40   Section        0  lks32mc03x_cmp.o(i.CMP_Init)
    i.CMP_StructInit                         0x00000d64   Section        0  lks32mc03x_cmp.o(i.CMP_StructInit)
    i.CMP_init                               0x00000db0   Section        0  hardware_init.o(i.CMP_init)
    i.Clock_Init                             0x00000e0c   Section        0  hardware_init.o(i.Clock_Init)
    i.DAC_Init                               0x00000e3c   Section        0  lks32mc03x_dac.o(i.DAC_Init)
    i.DAC_OutputVoltage                      0x00000ed8   Section        0  lks32mc03x_dac.o(i.DAC_OutputVoltage)
    i.DAC_StructInit                         0x00000f28   Section        0  lks32mc03x_dac.o(i.DAC_StructInit)
    i.DAC_init                               0x00000f34   Section        0  hardware_init.o(i.DAC_init)
    i.DMA_IRQHandler                         0x00000f54   Section        0  interrupt.o(i.DMA_IRQHandler)
    i.GPIO_IRQHandler                        0x00000f56   Section        0  interrupt.o(i.GPIO_IRQHandler)
    i.GPIO_Init                              0x00000f58   Section        0  lks32mc03x_gpio.o(i.GPIO_Init)
    i.GPIO_PinAFConfig                       0x00000fe8   Section        0  lks32mc03x_gpio.o(i.GPIO_PinAFConfig)
    i.GPIO_SetBits                           0x000010bc   Section        0  lks32mc03x_gpio.o(i.GPIO_SetBits)
    i.GPIO_StructInit                        0x000010c0   Section        0  lks32mc03x_gpio.o(i.GPIO_StructInit)
    i.GPIO_init                              0x000010cc   Section        0  hardware_init.o(i.GPIO_init)
    i.HALL_IRQHandler                        0x0000115c   Section        0  interrupt.o(i.HALL_IRQHandler)
    i.HALL_Init                              0x000011a4   Section        0  lks32mc03x_hall.o(i.HALL_Init)
    i.HALL_StructInit                        0x000011f4   Section        0  lks32mc03x_hall.o(i.HALL_StructInit)
    i.HALL_init                              0x00001218   Section        0  hardware_init.o(i.HALL_init)
    i.Hardware_init                          0x00001240   Section        0  hardware_init.o(i.Hardware_init)
    i.I2C_IRQHandler                         0x000012d8   Section        0  interrupt.o(i.I2C_IRQHandler)
    i.IWDG_DISABLE                           0x000012dc   Section        0  lks32mc03x_iwdg.o(i.IWDG_DISABLE)
    i.MCPWM0_IRQHandler                      0x000012ec   Section        0  interrupt.o(i.MCPWM0_IRQHandler)
    i.MCPWM1_IRQHandler                      0x00001324   Section        0  interrupt.o(i.MCPWM1_IRQHandler)
    i.MCPWM_Init                             0x00001328   Section        0  lks32mc03x_mcpwm.o(i.MCPWM_Init)
    i.MCPWM_StructInit                       0x00001600   Section        0  lks32mc03x_mcpwm.o(i.MCPWM_StructInit)
    i.MCPWM_SwapFunction                     0x0000160c   Section        0  lks32mc03x_mcpwm.o(i.MCPWM_SwapFunction)
    i.MCPWM_Update                           0x00001628   Section        0  lks32mc03x_mcpwm.o(i.MCPWM_Update)
    i.MCPWM_init                             0x00001650   Section        0  hardware_init.o(i.MCPWM_init)
    i.OPA_Init                               0x00001720   Section        0  lks32mc03x_opa.o(i.OPA_Init)
    i.OPA_OUT                                0x00001758   Section        0  lks32mc03x_opa.o(i.OPA_OUT)
    i.OPA_StructInit                         0x00001788   Section        0  lks32mc03x_opa.o(i.OPA_StructInit)
    i.PGA_init                               0x00001794   Section        0  hardware_init.o(i.PGA_init)
    i.PWMOutputs                             0x000017b8   Section        0  lks32mc03x_mcpwm.o(i.PWMOutputs)
    i.Read_Trim                              0x000017e4   Section        0  lks32mc03x_nvr.o(i.Read_Trim)
    i.SPI_IRQHandler                         0x00001844   Section        0  interrupt.o(i.SPI_IRQHandler)
    i.SW_IRQHandler                          0x00001846   Section        0  interrupt.o(i.SW_IRQHandler)
    i.SYS_AnalogModuleClockCmd               0x00001848   Section        0  lks32mc03x_sys.o(i.SYS_AnalogModuleClockCmd)
    i.SYS_ModuleClockCmd                     0x0000188c   Section        0  lks32mc03x_sys.o(i.SYS_ModuleClockCmd)
    i.SYS_VolSelModule                       0x000018b0   Section        0  lks32mc03x_sys.o(i.SYS_VolSelModule)
    i.SoftDelay                              0x000018f6   Section        0  hardware_init.o(i.SoftDelay)
    i.SysTick_Handler                        0x00001908   Section        0  interrupt.o(i.SysTick_Handler)
    i.SystemInit                             0x0000190a   Section        0  hardware_init.o(i.SystemInit)
    i.TIMER0_IRQHandler                      0x00001912   Section        0  interrupt.o(i.TIMER0_IRQHandler)
    i.TIMER1_IRQHandler                      0x00001914   Section        0  interrupt.o(i.TIMER1_IRQHandler)
    i.TIM_TimerCmd                           0x00001916   Section        0  lks32mc03x_timer.o(i.TIM_TimerCmd)
    i.TIM_TimerInit                          0x0000192c   Section        0  lks32mc03x_timer.o(i.TIM_TimerInit)
    i.TIM_TimerStrutInit                     0x000019d8   Section        0  lks32mc03x_timer.o(i.TIM_TimerStrutInit)
    i.TempSensor_Init                        0x00001a0c   Section        0  lks32mc03x_tmp.o(i.TempSensor_Init)
    i.UART_IRQHandler                        0x00001a44   Section        0  interrupt.o(i.UART_IRQHandler)
    i.UTimer_init                            0x00001a48   Section        0  hardware_init.o(i.UTimer_init)
    i.WAKE_IRQHandler                        0x00001a7c   Section        0  interrupt.o(i.WAKE_IRQHandler)
    i.__ARM_common_switch8                   0x00001a7e   Section        0  lks32mc03x_gpio.o(i.__ARM_common_switch8)
    i.__NVIC_EnableIRQ                       0x00001a98   Section        0  hardware_init.o(i.__NVIC_EnableIRQ)
    __NVIC_EnableIRQ                         0x00001a99   Thumb Code    18  hardware_init.o(i.__NVIC_EnableIRQ)
    i.__NVIC_SetPriority                     0x00001ab0   Section        0  hardware_init.o(i.__NVIC_SetPriority)
    __NVIC_SetPriority                       0x00001ab1   Thumb Code    60  hardware_init.o(i.__NVIC_SetPriority)
    i.delay_init                             0x00001af4   Section        0  delay.o(i.delay_init)
    i.delay_us                               0x00001b18   Section        0  delay.o(i.delay_us)
    i.main                                   0x00001b44   Section        0  main.o(i.main)
    .data                                    0x20000000   Section        8  delay.o(.data)
    fac_us                                   0x20000000   Data           4  delay.o(.data)
    fac_ms                                   0x20000004   Data           4  delay.o(.data)
    .data                                    0x20000008   Section        6  lks32mc03x_dac.o(.data)
    .data                                    0x2000000e   Section        4  lks32mc03x_tmp.o(.data)
    .data                                    0x20000014   Section       56  bldcdriver.o(.data)
    status                                   0x20000014   Data           1  bldcdriver.o(.data)
    commutationError                         0x20000015   Data           1  bldcdriver.o(.data)
    timeCnt                                  0x20000016   Data           2  bldcdriver.o(.data)
    busCurrentOffset                         0x20000018   Data           4  bldcdriver.o(.data)
    .bss                                     0x2000004c   Section       16  main.o(.bss)
    .bss                                     0x2000005c   Section       44  bldcdriver.o(.bss)
    .bss                                     0x20000088   Section       96  libspace.o(.bss)
    HEAP                                     0x200000e8   Section      512  startup_lks32mc03x.o(HEAP)
    Heap_Mem                                 0x200000e8   Data         512  startup_lks32mc03x.o(HEAP)
    STACK                                    0x200002e8   Section     1024  startup_lks32mc03x.o(STACK)
    Stack_Mem                                0x200002e8   Data        1024  startup_lks32mc03x.o(STACK)
    __initial_sp                             0x200006e8   Data           0  startup_lks32mc03x.o(STACK)

    Global Symbols

    Symbol Name                              Value     Ov Type        Size  Object(Section)

    BuildAttributes$$THM_ISAv3M$S$PE$A:L22$X:L11$S22$IEEE1$IW$USESV6$~STKCKD$USESV7$~SHL$OSPACE$ROPI$EBA8$UX$STANDARDLIB$REQ8$PRES8$EABIv2 0x00000000   Number         0  anon$$obj.o ABSOLUTE
    __ARM_use_no_argv                        0x00000000   Number         0  main.o ABSOLUTE
    __Vectors                                0x00000000   Data           4  startup_lks32mc03x.o(RESET)
    __ARM_exceptions_init                     - Undefined Weak Reference
    __alloca_initialize                       - Undefined Weak Reference
    __arm_fini_                               - Undefined Weak Reference
    __arm_preinit_                            - Undefined Weak Reference
    __cpp_initialize__aeabi_                  - Undefined Weak Reference
    __cxa_finalize                            - Undefined Weak Reference
    __rt_locale                               - Undefined Weak Reference
    __sigvec_lookup                           - Undefined Weak Reference
    _atexit_init                              - Undefined Weak Reference
    _call_atexit_fns                          - Undefined Weak Reference
    _clock_init                               - Undefined Weak Reference
    _fp_trap_init                             - Undefined Weak Reference
    _fp_trap_shutdown                         - Undefined Weak Reference
    _get_lc_collate                           - Undefined Weak Reference
    _get_lc_ctype                             - Undefined Weak Reference
    _get_lc_monetary                          - Undefined Weak Reference
    _get_lc_numeric                           - Undefined Weak Reference
    _get_lc_time                              - Undefined Weak Reference
    _getenv_init                              - Undefined Weak Reference
    _handle_redirection                       - Undefined Weak Reference
    _init_alloc                               - Undefined Weak Reference
    _init_user_alloc                          - Undefined Weak Reference
    _initio                                   - Undefined Weak Reference
    _rand_init                                - Undefined Weak Reference
    _signal_finish                            - Undefined Weak Reference
    _signal_init                              - Undefined Weak Reference
    _terminate_alloc                          - Undefined Weak Reference
    _terminate_user_alloc                     - Undefined Weak Reference
    _terminateio                              - Undefined Weak Reference
    __Vectors_End                            0x000000c0   Data           0  startup_lks32mc03x.o(RESET)
    __Vectors_Size                           0x000000c0   Number         0  startup_lks32mc03x.o ABSOLUTE
    __main                                   0x000000c1   Thumb Code     8  __main.o(!!!main)
    __scatterload                            0x000000c9   Thumb Code     0  __scatter.o(!!!scatter)
    __scatterload_rt2                        0x000000c9   Thumb Code    52  __scatter.o(!!!scatter)
    __scatterload_rt2_thumb_only             0x000000c9   Thumb Code     0  __scatter.o(!!!scatter)
    __scatterload_null                       0x000000d9   Thumb Code     0  __scatter.o(!!!scatter)
    __scatterload_copy                       0x00000105   Thumb Code    26  __scatter_copy.o(!!handler_copy)
    __scatterload_zeroinit                   0x00000121   Thumb Code    28  __scatter_zi.o(!!handler_zi)
    __rt_lib_init                            0x0000013d   Thumb Code     0  libinit.o(.ARM.Collect$$libinit$$00000000)
    __rt_lib_init_alloca_1                   0x0000013f   Thumb Code     0  libinit2.o(.ARM.Collect$$libinit$$0000002E)
    __rt_lib_init_argv_1                     0x0000013f   Thumb Code     0  libinit2.o(.ARM.Collect$$libinit$$0000002C)
    __rt_lib_init_atexit_1                   0x0000013f   Thumb Code     0  libinit2.o(.ARM.Collect$$libinit$$0000001B)
    __rt_lib_init_clock_1                    0x0000013f   Thumb Code     0  libinit2.o(.ARM.Collect$$libinit$$00000021)
    __rt_lib_init_cpp_1                      0x0000013f   Thumb Code     0  libinit2.o(.ARM.Collect$$libinit$$00000032)
    __rt_lib_init_exceptions_1               0x0000013f   Thumb Code     0  libinit2.o(.ARM.Collect$$libinit$$00000030)
    __rt_lib_init_fp_1                       0x0000013f   Thumb Code     0  libinit2.o(.ARM.Collect$$libinit$$00000002)
    __rt_lib_init_fp_trap_1                  0x0000013f   Thumb Code     0  libinit2.o(.ARM.Collect$$libinit$$0000001F)
    __rt_lib_init_getenv_1                   0x0000013f   Thumb Code     0  libinit2.o(.ARM.Collect$$libinit$$00000023)
    __rt_lib_init_heap_1                     0x0000013f   Thumb Code     0  libinit2.o(.ARM.Collect$$libinit$$0000000A)
    __rt_lib_init_lc_collate_1               0x0000013f   Thumb Code     0  libinit2.o(.ARM.Collect$$libinit$$00000011)
    __rt_lib_init_lc_ctype_1                 0x0000013f   Thumb Code     0  libinit2.o(.ARM.Collect$$libinit$$00000013)
    __rt_lib_init_lc_monetary_1              0x0000013f   Thumb Code     0  libinit2.o(.ARM.Collect$$libinit$$00000015)
    __rt_lib_init_lc_numeric_1               0x0000013f   Thumb Code     0  libinit2.o(.ARM.Collect$$libinit$$00000017)
    __rt_lib_init_lc_time_1                  0x0000013f   Thumb Code     0  libinit2.o(.ARM.Collect$$libinit$$00000019)
    __rt_lib_init_preinit_1                  0x0000013f   Thumb Code     0  libinit2.o(.ARM.Collect$$libinit$$00000004)
    __rt_lib_init_rand_1                     0x0000013f   Thumb Code     0  libinit2.o(.ARM.Collect$$libinit$$0000000E)
    __rt_lib_init_return                     0x0000013f   Thumb Code     0  libinit2.o(.ARM.Collect$$libinit$$00000033)
    __rt_lib_init_signal_1                   0x0000013f   Thumb Code     0  libinit2.o(.ARM.Collect$$libinit$$0000001D)
    __rt_lib_init_stdio_1                    0x0000013f   Thumb Code     0  libinit2.o(.ARM.Collect$$libinit$$00000025)
    __rt_lib_init_user_alloc_1               0x0000013f   Thumb Code     0  libinit2.o(.ARM.Collect$$libinit$$0000000C)
    __rt_lib_shutdown                        0x00000141   Thumb Code     0  libshutdown.o(.ARM.Collect$$libshutdown$$00000000)
    __rt_lib_shutdown_cpp_1                  0x00000143   Thumb Code     0  libshutdown2.o(.ARM.Collect$$libshutdown$$00000004)
    __rt_lib_shutdown_fini_1                 0x00000143   Thumb Code     0  libshutdown2.o(.ARM.Collect$$libshutdown$$00000002)
    __rt_lib_shutdown_fp_trap_1              0x00000143   Thumb Code     0  libshutdown2.o(.ARM.Collect$$libshutdown$$00000009)
    __rt_lib_shutdown_heap_1                 0x00000143   Thumb Code     0  libshutdown2.o(.ARM.Collect$$libshutdown$$00000011)
    __rt_lib_shutdown_return                 0x00000143   Thumb Code     0  libshutdown2.o(.ARM.Collect$$libshutdown$$00000012)
    __rt_lib_shutdown_signal_1               0x00000143   Thumb Code     0  libshutdown2.o(.ARM.Collect$$libshutdown$$0000000C)
    __rt_lib_shutdown_stdio_1                0x00000143   Thumb Code     0  libshutdown2.o(.ARM.Collect$$libshutdown$$00000006)
    __rt_lib_shutdown_user_alloc_1           0x00000143   Thumb Code     0  libshutdown2.o(.ARM.Collect$$libshutdown$$0000000E)
    __rt_entry                               0x00000145   Thumb Code     0  __rtentry.o(.ARM.Collect$$rtentry$$00000000)
    __rt_entry_presh_1                       0x00000145   Thumb Code     0  __rtentry2.o(.ARM.Collect$$rtentry$$00000002)
    __rt_entry_sh                            0x00000145   Thumb Code     0  __rtentry4.o(.ARM.Collect$$rtentry$$00000004)
    __rt_entry_li                            0x0000014b   Thumb Code     0  __rtentry2.o(.ARM.Collect$$rtentry$$0000000A)
    __rt_entry_postsh_1                      0x0000014b   Thumb Code     0  __rtentry2.o(.ARM.Collect$$rtentry$$00000009)
    __rt_entry_main                          0x0000014f   Thumb Code     0  __rtentry2.o(.ARM.Collect$$rtentry$$0000000D)
    __rt_entry_postli_1                      0x0000014f   Thumb Code     0  __rtentry2.o(.ARM.Collect$$rtentry$$0000000C)
    __rt_exit                                0x00000157   Thumb Code     0  rtexit.o(.ARM.Collect$$rtexit$$00000000)
    __rt_exit_ls                             0x00000159   Thumb Code     0  rtexit2.o(.ARM.Collect$$rtexit$$00000003)
    __rt_exit_prels_1                        0x00000159   Thumb Code     0  rtexit2.o(.ARM.Collect$$rtexit$$00000002)
    __rt_exit_exit                           0x0000015d   Thumb Code     0  rtexit2.o(.ARM.Collect$$rtexit$$00000004)
    Reset_Handler                            0x00000165   Thumb Code    14  startup_lks32mc03x.o(.text)
    NMI_Handler                              0x00000173   Thumb Code     2  startup_lks32mc03x.o(.text)
    HardFault_Handler                        0x00000175   Thumb Code     2  startup_lks32mc03x.o(.text)
    SVC_Handler                              0x00000177   Thumb Code     2  startup_lks32mc03x.o(.text)
    PendSV_Handler                           0x00000179   Thumb Code     2  startup_lks32mc03x.o(.text)
    __user_initial_stackheap                 0x00000181   Thumb Code     0  startup_lks32mc03x.o(.text)
    _memset_w                                0x000001a9   Thumb Code    26  rt_memclr.o(.text)
    _memset                                  0x000001c3   Thumb Code    30  rt_memclr.o(.text)
    __aeabi_memclr                           0x000001e1   Thumb Code     4  rt_memclr.o(.text)
    __rt_memclr                              0x000001e1   Thumb Code     0  rt_memclr.o(.text)
    __aeabi_memclr4                          0x000001e5   Thumb Code     0  rt_memclr.o(.text)
    __aeabi_memclr8                          0x000001e5   Thumb Code     0  rt_memclr.o(.text)
    __rt_memclr_w                            0x000001e5   Thumb Code     4  rt_memclr.o(.text)
    __aeabi_uidiv                            0x000001e9   Thumb Code     0  aeabi_sdiv.o(.text)
    __aeabi_uidivmod                         0x000001e9   Thumb Code    20  aeabi_sdiv.o(.text)
    __aeabi_idiv                             0x000001fd   Thumb Code     0  aeabi_sdiv.o(.text)
    __aeabi_idivmod                          0x000001fd   Thumb Code   326  aeabi_sdiv.o(.text)
    __use_two_region_memory                  0x00000343   Thumb Code     2  heapauxi.o(.text)
    __rt_heap_escrow$2region                 0x00000345   Thumb Code     2  heapauxi.o(.text)
    __rt_heap_expand$2region                 0x00000347   Thumb Code     2  heapauxi.o(.text)
    __user_setup_stackheap                   0x00000349   Thumb Code    62  sys_stackheap_outer.o(.text)
    exit                                     0x00000387   Thumb Code    16  exit.o(.text)
    __user_libspace                          0x00000399   Thumb Code     8  libspace.o(.text)
    __user_perproc_libspace                  0x00000399   Thumb Code     0  libspace.o(.text)
    __user_perthread_libspace                0x00000399   Thumb Code     0  libspace.o(.text)
    _sys_exit                                0x000003a1   Thumb Code     8  sys_exit.o(.text)
    __I$use$semihosting                      0x000003ad   Thumb Code     0  use_no_semi.o(.text)
    __use_no_semihosting_swi                 0x000003ad   Thumb Code     2  use_no_semi.o(.text)
    __semihosting_library_function           0x000003af   Thumb Code     0  indicate_semi.o(.text)
    ADC0_init                                0x000003b1   Thumb Code    72  hardware_init.o(i.ADC0_init)
    ADC_ClearIRQFlag                         0x000003fd   Thumb Code     4  lks32mc03x_adc.o(i.ADC_ClearIRQFlag)
    ADC_GetIRQFlag                           0x00000401   Thumb Code    14  lks32mc03x_adc.o(i.ADC_GetIRQFlag)
    ADC_IRQHandler                           0x00000411   Thumb Code    30  interrupt.o(i.ADC_IRQHandler)
    ADC_Init                                 0x00000435   Thumb Code   194  lks32mc03x_adc.o(i.ADC_Init)
    ADC_StructInit                           0x00000505   Thumb Code    38  lks32mc03x_adc.o(i.ADC_StructInit)
    BLDC_HighSpeedTask                       0x00000581   Thumb Code    22  bldcdriver.o(i.BLDC_HighSpeedTask)
    BLDC_LowSpeedTask                        0x0000059d   Thumb Code   326  bldcdriver.o(i.BLDC_LowSpeedTask)
    BLDC_ZeroCrossCompTask                   0x00000c09   Thumb Code    22  bldcdriver.o(i.BLDC_ZeroCrossCompTask)
    CMP_IRQHandler                           0x00000c25   Thumb Code    24  interrupt.o(i.CMP_IRQHandler)
    CMP_Init                                 0x00000c41   Thumb Code   274  lks32mc03x_cmp.o(i.CMP_Init)
    CMP_StructInit                           0x00000d65   Thumb Code    76  lks32mc03x_cmp.o(i.CMP_StructInit)
    CMP_init                                 0x00000db1   Thumb Code    92  hardware_init.o(i.CMP_init)
    Clock_Init                               0x00000e0d   Thumb Code    36  hardware_init.o(i.Clock_Init)
    DAC_Init                                 0x00000e3d   Thumb Code   140  lks32mc03x_dac.o(i.DAC_Init)
    DAC_OutputVoltage                        0x00000ed9   Thumb Code    76  lks32mc03x_dac.o(i.DAC_OutputVoltage)
    DAC_StructInit                           0x00000f29   Thumb Code    10  lks32mc03x_dac.o(i.DAC_StructInit)
    DAC_init                                 0x00000f35   Thumb Code    28  hardware_init.o(i.DAC_init)
    DMA_IRQHandler                           0x00000f55   Thumb Code     2  interrupt.o(i.DMA_IRQHandler)
    GPIO_IRQHandler                          0x00000f57   Thumb Code     2  interrupt.o(i.GPIO_IRQHandler)
    GPIO_Init                                0x00000f59   Thumb Code   142  lks32mc03x_gpio.o(i.GPIO_Init)
    GPIO_PinAFConfig                         0x00000fe9   Thumb Code   202  lks32mc03x_gpio.o(i.GPIO_PinAFConfig)
    GPIO_SetBits                             0x000010bd   Thumb Code     4  lks32mc03x_gpio.o(i.GPIO_SetBits)
    GPIO_StructInit                          0x000010c1   Thumb Code    12  lks32mc03x_gpio.o(i.GPIO_StructInit)
    GPIO_init                                0x000010cd   Thumb Code   138  hardware_init.o(i.GPIO_init)
    HALL_IRQHandler                          0x0000115d   Thumb Code    50  interrupt.o(i.HALL_IRQHandler)
    HALL_Init                                0x000011a5   Thumb Code    76  lks32mc03x_hall.o(i.HALL_Init)
    HALL_StructInit                          0x000011f5   Thumb Code    32  lks32mc03x_hall.o(i.HALL_StructInit)
    HALL_init                                0x00001219   Thumb Code    34  hardware_init.o(i.HALL_init)
    Hardware_init                            0x00001241   Thumb Code   144  hardware_init.o(i.Hardware_init)
    I2C_IRQHandler                           0x000012d9   Thumb Code     2  interrupt.o(i.I2C_IRQHandler)
    IWDG_DISABLE                             0x000012dd   Thumb Code    10  lks32mc03x_iwdg.o(i.IWDG_DISABLE)
    MCPWM0_IRQHandler                        0x000012ed   Thumb Code    48  interrupt.o(i.MCPWM0_IRQHandler)
    MCPWM1_IRQHandler                        0x00001325   Thumb Code     2  interrupt.o(i.MCPWM1_IRQHandler)
    MCPWM_Init                               0x00001329   Thumb Code   716  lks32mc03x_mcpwm.o(i.MCPWM_Init)
    MCPWM_StructInit                         0x00001601   Thumb Code    10  lks32mc03x_mcpwm.o(i.MCPWM_StructInit)
    MCPWM_SwapFunction                       0x0000160d   Thumb Code    16  lks32mc03x_mcpwm.o(i.MCPWM_SwapFunction)
    MCPWM_Update                             0x00001629   Thumb Code    36  lks32mc03x_mcpwm.o(i.MCPWM_Update)
    MCPWM_init                               0x00001651   Thumb Code   196  hardware_init.o(i.MCPWM_init)
    OPA_Init                                 0x00001721   Thumb Code    44  lks32mc03x_opa.o(i.OPA_Init)
    OPA_OUT                                  0x00001759   Thumb Code    38  lks32mc03x_opa.o(i.OPA_OUT)
    OPA_StructInit                           0x00001789   Thumb Code    12  lks32mc03x_opa.o(i.OPA_StructInit)
    PGA_init                                 0x00001795   Thumb Code    36  hardware_init.o(i.PGA_init)
    PWMOutputs                               0x000017b9   Thumb Code    30  lks32mc03x_mcpwm.o(i.PWMOutputs)
    Read_Trim                                0x000017e5   Thumb Code    90  lks32mc03x_nvr.o(i.Read_Trim)
    SPI_IRQHandler                           0x00001845   Thumb Code     2  interrupt.o(i.SPI_IRQHandler)
    SW_IRQHandler                            0x00001847   Thumb Code     2  interrupt.o(i.SW_IRQHandler)
    SYS_AnalogModuleClockCmd                 0x00001849   Thumb Code    58  lks32mc03x_sys.o(i.SYS_AnalogModuleClockCmd)
    SYS_ModuleClockCmd                       0x0000188d   Thumb Code    26  lks32mc03x_sys.o(i.SYS_ModuleClockCmd)
    SYS_VolSelModule                         0x000018b1   Thumb Code    70  lks32mc03x_sys.o(i.SYS_VolSelModule)
    SoftDelay                                0x000018f7   Thumb Code    18  hardware_init.o(i.SoftDelay)
    SysTick_Handler                          0x00001909   Thumb Code     2  interrupt.o(i.SysTick_Handler)
    SystemInit                               0x0000190b   Thumb Code     8  hardware_init.o(i.SystemInit)
    TIMER0_IRQHandler                        0x00001913   Thumb Code     2  interrupt.o(i.TIMER0_IRQHandler)
    TIMER1_IRQHandler                        0x00001915   Thumb Code     2  interrupt.o(i.TIMER1_IRQHandler)
    TIM_TimerCmd                             0x00001917   Thumb Code    22  lks32mc03x_timer.o(i.TIM_TimerCmd)
    TIM_TimerInit                            0x0000192d   Thumb Code   162  lks32mc03x_timer.o(i.TIM_TimerInit)
    TIM_TimerStrutInit                       0x000019d9   Thumb Code    52  lks32mc03x_timer.o(i.TIM_TimerStrutInit)
    TempSensor_Init                          0x00001a0d   Thumb Code    42  lks32mc03x_tmp.o(i.TempSensor_Init)
    UART_IRQHandler                          0x00001a45   Thumb Code     2  interrupt.o(i.UART_IRQHandler)
    UTimer_init                              0x00001a49   Thumb Code    38  hardware_init.o(i.UTimer_init)
    WAKE_IRQHandler                          0x00001a7d   Thumb Code     2  interrupt.o(i.WAKE_IRQHandler)
    __ARM_common_switch8                     0x00001a7f   Thumb Code    26  lks32mc03x_gpio.o(i.__ARM_common_switch8)
    delay_init                               0x00001af5   Thumb Code    28  delay.o(i.delay_init)
    delay_us                                 0x00001b19   Thumb Code    34  delay.o(i.delay_us)
    main                                     0x00001b45   Thumb Code    42  main.o(i.main)
    Region$$Table$$Base                      0x00001b80   Number         0  anon$$obj.o(Region$$Table)
    Region$$Table$$Limit                     0x00001ba0   Number         0  anon$$obj.o(Region$$Table)
    Stru_DAC_CHECK                           0x20000008   Data           6  lks32mc03x_dac.o(.data)
    m_TempertureCof                          0x2000000e   Data           4  lks32mc03x_tmp.o(.data)
    BLDC_SwitchTableCW                       0x2000001c   Data          24  bldcdriver.o(.data)
    BLDC_SwitchTableCCW                      0x20000034   Data          24  bldcdriver.o(.data)
    strPWM_DutyCycle                         0x2000004c   Data          16  main.o(.bss)
    bldcSysHandler                           0x2000005c   Data          44  bldcdriver.o(.bss)
    __libspace_start                         0x20000088   Data          96  libspace.o(.bss)
    __temporary_stack_top$libspace           0x200000e8   Data           0  libspace.o(.bss)



==============================================================================

Memory Map of the image

  Image Entry point : 0x000000c1

  Load Region LR_IROM1 (Base: 0x00000000, Size: 0x00001bec, Max: 0x00008000, ABSOLUTE)

    Execution Region ER_IROM1 (Exec base: 0x00000000, Load base: 0x00000000, Size: 0x00001ba0, Max: 0x00008000, ABSOLUTE)

    Exec Addr    Load Addr    Size         Type   Attr      Idx    E Section Name        Object

    0x00000000   0x00000000   0x000000c0   Data   RO         1421    RESET               startup_lks32mc03x.o
    0x000000c0   0x000000c0   0x00000008   Code   RO         1595  * !!!main             c_p.l(__main.o)
    0x000000c8   0x000000c8   0x0000003c   Code   RO         1772    !!!scatter          c_p.l(__scatter.o)
    0x00000104   0x00000104   0x0000001a   Code   RO         1774    !!handler_copy      c_p.l(__scatter_copy.o)
    0x0000011e   0x0000011e   0x00000002   PAD
    0x00000120   0x00000120   0x0000001c   Code   RO         1776    !!handler_zi        c_p.l(__scatter_zi.o)
    0x0000013c   0x0000013c   0x00000002   Code   RO         1639    .ARM.Collect$$libinit$$00000000  c_p.l(libinit.o)
    0x0000013e   0x0000013e   0x00000000   Code   RO         1653    .ARM.Collect$$libinit$$00000002  c_p.l(libinit2.o)
    0x0000013e   0x0000013e   0x00000000   Code   RO         1655    .ARM.Collect$$libinit$$00000004  c_p.l(libinit2.o)
    0x0000013e   0x0000013e   0x00000000   Code   RO         1658    .ARM.Collect$$libinit$$0000000A  c_p.l(libinit2.o)
    0x0000013e   0x0000013e   0x00000000   Code   RO         1660    .ARM.Collect$$libinit$$0000000C  c_p.l(libinit2.o)
    0x0000013e   0x0000013e   0x00000000   Code   RO         1662    .ARM.Collect$$libinit$$0000000E  c_p.l(libinit2.o)
    0x0000013e   0x0000013e   0x00000000   Code   RO         1665    .ARM.Collect$$libinit$$00000011  c_p.l(libinit2.o)
    0x0000013e   0x0000013e   0x00000000   Code   RO         1667    .ARM.Collect$$libinit$$00000013  c_p.l(libinit2.o)
    0x0000013e   0x0000013e   0x00000000   Code   RO         1669    .ARM.Collect$$libinit$$00000015  c_p.l(libinit2.o)
    0x0000013e   0x0000013e   0x00000000   Code   RO         1671    .ARM.Collect$$libinit$$00000017  c_p.l(libinit2.o)
    0x0000013e   0x0000013e   0x00000000   Code   RO         1673    .ARM.Collect$$libinit$$00000019  c_p.l(libinit2.o)
    0x0000013e   0x0000013e   0x00000000   Code   RO         1675    .ARM.Collect$$libinit$$0000001B  c_p.l(libinit2.o)
    0x0000013e   0x0000013e   0x00000000   Code   RO         1677    .ARM.Collect$$libinit$$0000001D  c_p.l(libinit2.o)
    0x0000013e   0x0000013e   0x00000000   Code   RO         1679    .ARM.Collect$$libinit$$0000001F  c_p.l(libinit2.o)
    0x0000013e   0x0000013e   0x00000000   Code   RO         1681    .ARM.Collect$$libinit$$00000021  c_p.l(libinit2.o)
    0x0000013e   0x0000013e   0x00000000   Code   RO         1683    .ARM.Collect$$libinit$$00000023  c_p.l(libinit2.o)
    0x0000013e   0x0000013e   0x00000000   Code   RO         1685    .ARM.Collect$$libinit$$00000025  c_p.l(libinit2.o)
    0x0000013e   0x0000013e   0x00000000   Code   RO         1689    .ARM.Collect$$libinit$$0000002C  c_p.l(libinit2.o)
    0x0000013e   0x0000013e   0x00000000   Code   RO         1691    .ARM.Collect$$libinit$$0000002E  c_p.l(libinit2.o)
    0x0000013e   0x0000013e   0x00000000   Code   RO         1693    .ARM.Collect$$libinit$$00000030  c_p.l(libinit2.o)
    0x0000013e   0x0000013e   0x00000000   Code   RO         1695    .ARM.Collect$$libinit$$00000032  c_p.l(libinit2.o)
    0x0000013e   0x0000013e   0x00000002   Code   RO         1696    .ARM.Collect$$libinit$$00000033  c_p.l(libinit2.o)
    0x00000140   0x00000140   0x00000002   Code   RO         1727    .ARM.Collect$$libshutdown$$00000000  c_p.l(libshutdown.o)
    0x00000142   0x00000142   0x00000000   Code   RO         1753    .ARM.Collect$$libshutdown$$00000002  c_p.l(libshutdown2.o)
    0x00000142   0x00000142   0x00000000   Code   RO         1755    .ARM.Collect$$libshutdown$$00000004  c_p.l(libshutdown2.o)
    0x00000142   0x00000142   0x00000000   Code   RO         1757    .ARM.Collect$$libshutdown$$00000006  c_p.l(libshutdown2.o)
    0x00000142   0x00000142   0x00000000   Code   RO         1760    .ARM.Collect$$libshutdown$$00000009  c_p.l(libshutdown2.o)
    0x00000142   0x00000142   0x00000000   Code   RO         1763    .ARM.Collect$$libshutdown$$0000000C  c_p.l(libshutdown2.o)
    0x00000142   0x00000142   0x00000000   Code   RO         1765    .ARM.Collect$$libshutdown$$0000000E  c_p.l(libshutdown2.o)
    0x00000142   0x00000142   0x00000000   Code   RO         1768    .ARM.Collect$$libshutdown$$00000011  c_p.l(libshutdown2.o)
    0x00000142   0x00000142   0x00000002   Code   RO         1769    .ARM.Collect$$libshutdown$$00000012  c_p.l(libshutdown2.o)
    0x00000144   0x00000144   0x00000000   Code   RO         1597    .ARM.Collect$$rtentry$$00000000  c_p.l(__rtentry.o)
    0x00000144   0x00000144   0x00000000   Code   RO         1605    .ARM.Collect$$rtentry$$00000002  c_p.l(__rtentry2.o)
    0x00000144   0x00000144   0x00000006   Code   RO         1617    .ARM.Collect$$rtentry$$00000004  c_p.l(__rtentry4.o)
    0x0000014a   0x0000014a   0x00000000   Code   RO         1607    .ARM.Collect$$rtentry$$00000009  c_p.l(__rtentry2.o)
    0x0000014a   0x0000014a   0x00000004   Code   RO         1608    .ARM.Collect$$rtentry$$0000000A  c_p.l(__rtentry2.o)
    0x0000014e   0x0000014e   0x00000000   Code   RO         1610    .ARM.Collect$$rtentry$$0000000C  c_p.l(__rtentry2.o)
    0x0000014e   0x0000014e   0x00000008   Code   RO         1611    .ARM.Collect$$rtentry$$0000000D  c_p.l(__rtentry2.o)
    0x00000156   0x00000156   0x00000002   Code   RO         1644    .ARM.Collect$$rtexit$$00000000  c_p.l(rtexit.o)
    0x00000158   0x00000158   0x00000000   Code   RO         1700    .ARM.Collect$$rtexit$$00000002  c_p.l(rtexit2.o)
    0x00000158   0x00000158   0x00000004   Code   RO         1701    .ARM.Collect$$rtexit$$00000003  c_p.l(rtexit2.o)
    0x0000015c   0x0000015c   0x00000006   Code   RO         1702    .ARM.Collect$$rtexit$$00000004  c_p.l(rtexit2.o)
    0x00000162   0x00000162   0x00000002   PAD
    0x00000164   0x00000164   0x00000044   Code   RO         1422    .text               startup_lks32mc03x.o
    0x000001a8   0x000001a8   0x00000040   Code   RO         1587    .text               c_p.l(rt_memclr.o)
    0x000001e8   0x000001e8   0x0000015a   Code   RO         1589    .text               c_p.l(aeabi_sdiv.o)
    0x00000342   0x00000342   0x00000006   Code   RO         1593    .text               c_p.l(heapauxi.o)
    0x00000348   0x00000348   0x0000003e   Code   RO         1625    .text               c_p.l(sys_stackheap_outer.o)
    0x00000386   0x00000386   0x00000010   Code   RO         1628    .text               c_p.l(exit.o)
    0x00000396   0x00000396   0x00000002   PAD
    0x00000398   0x00000398   0x00000008   Code   RO         1640    .text               c_p.l(libspace.o)
    0x000003a0   0x000003a0   0x0000000c   Code   RO         1697    .text               c_p.l(sys_exit.o)
    0x000003ac   0x000003ac   0x00000002   Code   RO         1716    .text               c_p.l(use_no_semi.o)
    0x000003ae   0x000003ae   0x00000000   Code   RO         1718    .text               c_p.l(indicate_semi.o)
    0x000003ae   0x000003ae   0x00000002   PAD
    0x000003b0   0x000003b0   0x0000004c   Code   RO          124    i.ADC0_init         hardware_init.o
    0x000003fc   0x000003fc   0x00000004   Code   RO          396    i.ADC_ClearIRQFlag  lks32mc03x_adc.o
    0x00000400   0x00000400   0x0000000e   Code   RO          398    i.ADC_GetIRQFlag    lks32mc03x_adc.o
    0x0000040e   0x0000040e   0x00000002   PAD
    0x00000410   0x00000410   0x00000024   Code   RO          247    i.ADC_IRQHandler    interrupt.o
    0x00000434   0x00000434   0x000000d0   Code   RO          399    i.ADC_Init          lks32mc03x_adc.o
    0x00000504   0x00000504   0x00000026   Code   RO          401    i.ADC_StructInit    lks32mc03x_adc.o
    0x0000052a   0x0000052a   0x00000002   PAD
    0x0000052c   0x0000052c   0x00000010   Code   RO         1428    i.BLDC_COMP_Int_SetPolarity_Low  bldcdriver.o
    0x0000053c   0x0000053c   0x00000010   Code   RO         1429    i.BLDC_COMP_Int_TurnOn  bldcdriver.o
    0x0000054c   0x0000054c   0x00000034   Code   RO         1430    i.BLDC_GPIO_MotorControl  bldcdriver.o
    0x00000580   0x00000580   0x0000001c   Code   RO         1431    i.BLDC_HighSpeedTask  bldcdriver.o
    0x0000059c   0x0000059c   0x00000178   Code   RO         1432    i.BLDC_LowSpeedTask  bldcdriver.o
    0x00000714   0x00000714   0x00000048   Code   RO         1433    i.BLDC_PWM_TurnOff  bldcdriver.o
    0x0000075c   0x0000075c   0x00000054   Code   RO         1434    i.BLDC_PWM_UH_VL    bldcdriver.o
    0x000007b0   0x000007b0   0x00000054   Code   RO         1435    i.BLDC_PWM_UH_WL    bldcdriver.o
    0x00000804   0x00000804   0x00000054   Code   RO         1436    i.BLDC_PWM_VH_UL    bldcdriver.o
    0x00000858   0x00000858   0x00000054   Code   RO         1437    i.BLDC_PWM_VH_WL    bldcdriver.o
    0x000008ac   0x000008ac   0x00000054   Code   RO         1438    i.BLDC_PWM_WH_UL    bldcdriver.o
    0x00000900   0x00000900   0x00000054   Code   RO         1439    i.BLDC_PWM_WH_VL    bldcdriver.o
    0x00000954   0x00000954   0x000000c4   Code   RO         1440    i.BLDC_Run_Mode_COMP_Int  bldcdriver.o
    0x00000a18   0x00000a18   0x0000018c   Code   RO         1441    i.BLDC_Run_Mode_COMP_Polling  bldcdriver.o
    0x00000ba4   0x00000ba4   0x00000020   Code   RO         1442    i.BLDC_Run_Mode_COMP_Polling_Commutation  bldcdriver.o
    0x00000bc4   0x00000bc4   0x00000044   Code   RO         1443    i.BLDC_SysReset     bldcdriver.o
    0x00000c08   0x00000c08   0x0000001c   Code   RO         1444    i.BLDC_ZeroCrossCompTask  bldcdriver.o
    0x00000c24   0x00000c24   0x0000001c   Code   RO          248    i.CMP_IRQHandler    interrupt.o
    0x00000c40   0x00000c40   0x00000124   Code   RO          456    i.CMP_Init          lks32mc03x_cmp.o
    0x00000d64   0x00000d64   0x0000004c   Code   RO          457    i.CMP_StructInit    lks32mc03x_cmp.o
    0x00000db0   0x00000db0   0x0000005c   Code   RO          125    i.CMP_init          hardware_init.o
    0x00000e0c   0x00000e0c   0x00000030   Code   RO          126    i.Clock_Init        hardware_init.o
    0x00000e3c   0x00000e3c   0x0000009c   Code   RO          501    i.DAC_Init          lks32mc03x_dac.o
    0x00000ed8   0x00000ed8   0x00000050   Code   RO          504    i.DAC_OutputVoltage  lks32mc03x_dac.o
    0x00000f28   0x00000f28   0x0000000a   Code   RO          505    i.DAC_StructInit    lks32mc03x_dac.o
    0x00000f32   0x00000f32   0x00000002   PAD
    0x00000f34   0x00000f34   0x00000020   Code   RO          127    i.DAC_init          hardware_init.o
    0x00000f54   0x00000f54   0x00000002   Code   RO          249    i.DMA_IRQHandler    interrupt.o
    0x00000f56   0x00000f56   0x00000002   Code   RO          250    i.GPIO_IRQHandler   interrupt.o
    0x00000f58   0x00000f58   0x0000008e   Code   RO          685    i.GPIO_Init         lks32mc03x_gpio.o
    0x00000fe6   0x00000fe6   0x00000002   PAD
    0x00000fe8   0x00000fe8   0x000000d4   Code   RO          686    i.GPIO_PinAFConfig  lks32mc03x_gpio.o
    0x000010bc   0x000010bc   0x00000004   Code   RO          692    i.GPIO_SetBits      lks32mc03x_gpio.o
    0x000010c0   0x000010c0   0x0000000c   Code   RO          693    i.GPIO_StructInit   lks32mc03x_gpio.o
    0x000010cc   0x000010cc   0x00000090   Code   RO          129    i.GPIO_init         hardware_init.o
    0x0000115c   0x0000115c   0x00000048   Code   RO          251    i.HALL_IRQHandler   interrupt.o
    0x000011a4   0x000011a4   0x00000050   Code   RO          797    i.HALL_Init         lks32mc03x_hall.o
    0x000011f4   0x000011f4   0x00000024   Code   RO          798    i.HALL_StructInit   lks32mc03x_hall.o
    0x00001218   0x00001218   0x00000028   Code   RO          130    i.HALL_init         hardware_init.o
    0x00001240   0x00001240   0x00000098   Code   RO          131    i.Hardware_init     hardware_init.o
    0x000012d8   0x000012d8   0x00000002   Code   RO          252    i.I2C_IRQHandler    interrupt.o
    0x000012da   0x000012da   0x00000002   PAD
    0x000012dc   0x000012dc   0x00000010   Code   RO          941    i.IWDG_DISABLE      lks32mc03x_iwdg.o
    0x000012ec   0x000012ec   0x00000038   Code   RO          253    i.MCPWM0_IRQHandler  interrupt.o
    0x00001324   0x00001324   0x00000002   Code   RO          254    i.MCPWM1_IRQHandler  interrupt.o
    0x00001326   0x00001326   0x00000002   PAD
    0x00001328   0x00001328   0x000002d8   Code   RO          989    i.MCPWM_Init        lks32mc03x_mcpwm.o
    0x00001600   0x00001600   0x0000000a   Code   RO          991    i.MCPWM_StructInit  lks32mc03x_mcpwm.o
    0x0000160a   0x0000160a   0x00000002   PAD
    0x0000160c   0x0000160c   0x0000001c   Code   RO          992    i.MCPWM_SwapFunction  lks32mc03x_mcpwm.o
    0x00001628   0x00001628   0x00000028   Code   RO          993    i.MCPWM_Update      lks32mc03x_mcpwm.o
    0x00001650   0x00001650   0x000000d0   Code   RO          133    i.MCPWM_init        hardware_init.o
    0x00001720   0x00001720   0x00000038   Code   RO         1053    i.OPA_Init          lks32mc03x_opa.o
    0x00001758   0x00001758   0x00000030   Code   RO         1054    i.OPA_OUT           lks32mc03x_opa.o
    0x00001788   0x00001788   0x0000000c   Code   RO         1055    i.OPA_StructInit    lks32mc03x_opa.o
    0x00001794   0x00001794   0x00000024   Code   RO          136    i.PGA_init          hardware_init.o
    0x000017b8   0x000017b8   0x0000002c   Code   RO          994    i.PWMOutputs        lks32mc03x_mcpwm.o
    0x000017e4   0x000017e4   0x00000060   Code   RO         1536    i.Read_Trim         lks32mc03x_nvr.lib(lks32mc03x_nvr.o)
    0x00001844   0x00001844   0x00000002   Code   RO          255    i.SPI_IRQHandler    interrupt.o
    0x00001846   0x00001846   0x00000002   Code   RO          256    i.SW_IRQHandler     interrupt.o
    0x00001848   0x00001848   0x00000044   Code   RO         1142    i.SYS_AnalogModuleClockCmd  lks32mc03x_sys.o
    0x0000188c   0x0000188c   0x00000024   Code   RO         1148    i.SYS_ModuleClockCmd  lks32mc03x_sys.o
    0x000018b0   0x000018b0   0x00000046   Code   RO         1152    i.SYS_VolSelModule  lks32mc03x_sys.o
    0x000018f6   0x000018f6   0x00000012   Code   RO          137    i.SoftDelay         hardware_init.o
    0x00001908   0x00001908   0x00000002   Code   RO          257    i.SysTick_Handler   interrupt.o
    0x0000190a   0x0000190a   0x00000008   Code   RO          138    i.SystemInit        hardware_init.o
    0x00001912   0x00001912   0x00000002   Code   RO          258    i.TIMER0_IRQHandler  interrupt.o
    0x00001914   0x00001914   0x00000002   Code   RO          259    i.TIMER1_IRQHandler  interrupt.o
    0x00001916   0x00001916   0x00000016   Code   RO         1261    i.TIM_TimerCmd      lks32mc03x_timer.o
    0x0000192c   0x0000192c   0x000000ac   Code   RO         1262    i.TIM_TimerInit     lks32mc03x_timer.o
    0x000019d8   0x000019d8   0x00000034   Code   RO         1263    i.TIM_TimerStrutInit  lks32mc03x_timer.o
    0x00001a0c   0x00001a0c   0x00000038   Code   RO         1325    i.TempSensor_Init   lks32mc03x_tmp.o
    0x00001a44   0x00001a44   0x00000002   Code   RO          260    i.UART_IRQHandler   interrupt.o
    0x00001a46   0x00001a46   0x00000002   PAD
    0x00001a48   0x00001a48   0x00000034   Code   RO          140    i.UTimer_init       hardware_init.o
    0x00001a7c   0x00001a7c   0x00000002   Code   RO          261    i.WAKE_IRQHandler   interrupt.o
    0x00001a7e   0x00001a7e   0x0000001a   Code   RO          776    i.__ARM_common_switch8  lks32mc03x_gpio.o
    0x00001a98   0x00001a98   0x00000018   Code   RO          141    i.__NVIC_EnableIRQ  hardware_init.o
    0x00001ab0   0x00001ab0   0x00000044   Code   RO          142    i.__NVIC_SetPriority  hardware_init.o
    0x00001af4   0x00001af4   0x00000024   Code   RO          355    i.delay_init        delay.o
    0x00001b18   0x00001b18   0x0000002c   Code   RO          357    i.delay_us          delay.o
    0x00001b44   0x00001b44   0x0000003c   Code   RO            3    i.main              main.o
    0x00001b80   0x00001b80   0x00000020   Data   RO         1770    Region$$Table       anon$$obj.o


    Execution Region RW_IRAM1 (Exec base: 0x20000000, Load base: 0x00001ba0, Size: 0x000006e8, Max: 0x00001000, ABSOLUTE)

    Exec Addr    Load Addr    Size         Type   Attr      Idx    E Section Name        Object

    0x20000000   0x00001ba0   0x00000008   Data   RW          359    .data               delay.o
    0x20000008   0x00001ba8   0x00000006   Data   RW          506    .data               lks32mc03x_dac.o
    0x2000000e   0x00001bae   0x00000004   Data   RW         1326    .data               lks32mc03x_tmp.o
    0x20000012   0x00001bb2   0x00000002   PAD
    0x20000014   0x00001bb4   0x00000038   Data   RW         1446    .data               bldcdriver.o
    0x2000004c        -       0x00000010   Zero   RW            4    .bss                main.o
    0x2000005c        -       0x0000002c   Zero   RW         1445    .bss                bldcdriver.o
    0x20000088        -       0x00000060   Zero   RW         1641    .bss                c_p.l(libspace.o)
    0x200000e8        -       0x00000200   Zero   RW         1420    HEAP                startup_lks32mc03x.o
    0x200002e8        -       0x00000400   Zero   RW         1419    STACK               startup_lks32mc03x.o


==============================================================================

Image component sizes


      Code (inc. data)   RO Data    RW Data    ZI Data      Debug   Object Name

      1784        298          0         56         44      12878   bldcdriver.o
        80         18          0          8          0       1052   delay.o
       998         80          0          0          0      14936   hardware_init.o
       214         40          0          0          0       9004   interrupt.o
       264         14          0          0          0       6304   lks32mc03x_adc.o
       368         18          0          0          0       2812   lks32mc03x_cmp.o
       246         20          0          6          0       3025   lks32mc03x_dac.o
       396         28          0          0          0       5636   lks32mc03x_gpio.o
       116          8          0          0          0       2254   lks32mc03x_hall.o
        16          6          0          0          0        435   lks32mc03x_iwdg.o
       850         42          0          0          0      10169   lks32mc03x_mcpwm.o
       116         22          0          0          0       2510   lks32mc03x_opa.o
       174         20          0          0          0       1751   lks32mc03x_sys.o
       246         10          0          0          0       3944   lks32mc03x_timer.o
        56         14          0          4          0       1100   lks32mc03x_tmp.o
        60         18          0          0         16      36686   main.o
        68         32        192          0       1536        652   startup_lks32mc03x.o

    ----------------------------------------------------------------------
      6068        688        224         76       1596     115148   Object Totals
         0          0         32          0          0          0   (incl. Generated)
        16          0          0          2          0          0   (incl. Padding)

    ----------------------------------------------------------------------

      Code (inc. data)   RO Data    RW Data    ZI Data      Debug   Library Member Name

         8          0          0          0          0         68   __main.o
         0          0          0          0          0          0   __rtentry.o
        12          0          0          0          0          0   __rtentry2.o
         6          0          0          0          0          0   __rtentry4.o
        60          8          0          0          0          0   __scatter.o
        26          0          0          0          0          0   __scatter_copy.o
        28          0          0          0          0          0   __scatter_zi.o
       346          0          0          0          0         92   aeabi_sdiv.o
        16          0          0          0          0         68   exit.o
         6          0          0          0          0        136   heapauxi.o
         0          0          0          0          0          0   indicate_semi.o
         2          0          0          0          0          0   libinit.o
         2          0          0          0          0          0   libinit2.o
         2          0          0          0          0          0   libshutdown.o
         2          0          0          0          0          0   libshutdown2.o
         8          4          0          0         96         68   libspace.o
        64          0          0          0          0        108   rt_memclr.o
         2          0          0          0          0          0   rtexit.o
        10          0          0          0          0          0   rtexit2.o
        12          4          0          0          0         60   sys_exit.o
        62          0          0          0          0         80   sys_stackheap_outer.o
         2          0          0          0          0         68   use_no_semi.o
        96          6          0          0          0        568   lks32mc03x_nvr.o

    ----------------------------------------------------------------------
       780         22          0          0         96       1316   Library Totals
         8          0          0          0          0          0   (incl. Padding)

    ----------------------------------------------------------------------

      Code (inc. data)   RO Data    RW Data    ZI Data      Debug   Library Name

       676         16          0          0         96        748   c_p.l
        96          6          0          0          0        568   lks32mc03x_nvr.lib

    ----------------------------------------------------------------------
       780         22          0          0         96       1316   Library Totals

    ----------------------------------------------------------------------

==============================================================================


      Code (inc. data)   RO Data    RW Data    ZI Data      Debug   

      6848        710        224         76       1692     112844   Grand Totals
      6848        710        224         76       1692     112844   ELF Image Totals
      6848        710        224         76          0          0   ROM Totals

==============================================================================

    Total RO  Size (Code + RO Data)                 7072 (   6.91kB)
    Total RW  Size (RW Data + ZI Data)              1768 (   1.73kB)
    Total ROM Size (Code + RO Data + RW Data)       7148 (   6.98kB)

==============================================================================

