Component: ARM Compiler 5.06 update 7 (build 960) Tool: armlink [4d3601]

==============================================================================

Section Cross References

    main.o(i.main) refers to hardware_init.o(i.Hardware_init) for Hardware_init
    main.o(i.main) refers to lks32mc03x_mcpwm.o(i.MCPWM_Update) for MCPWM_Update
    main.o(i.main) refers to lks32mc03x_timer.o(i.TIM_TimerCmd) for TIM_TimerCmd
    main.o(i.main) refers to lks32mc03x_mcpwm.o(i.PWMOutputs) for PWMOutputs
    main.o(i.main) refers to protocol.o(i.protocol_PollingTask) for protocol_PollingTask
    hardware_init.o(i.ADC0_init) refers to lks32mc03x_adc.o(i.ADC_StructInit) for ADC_StructInit
    hardware_init.o(i.ADC0_init) refers to lks32mc03x_adc.o(i.ADC_Init) for ADC_Init
    hardware_init.o(i.CMP_init) refers to lks32mc03x_cmp.o(i.CMP_StructInit) for CMP_StructInit
    hardware_init.o(i.CMP_init) refers to lks32mc03x_cmp.o(i.CMP_Init) for CMP_Init
    hardware_init.o(i.Clock_Init) refers to lks32mc03x_sys.o(i.SYS_VolSelModule) for SYS_VolSelModule
    hardware_init.o(i.DAC_init) refers to lks32mc03x_dac.o(i.DAC_StructInit) for DAC_StructInit
    hardware_init.o(i.DAC_init) refers to lks32mc03x_dac.o(i.DAC_Init) for DAC_Init
    hardware_init.o(i.DAC_init) refers to lks32mc03x_dac.o(i.DAC_OutputVoltage) for DAC_OutputVoltage
    hardware_init.o(i.DebugPWM_OutputFunction) refers to lks32mc03x_mcpwm.o(i.PWMOutputs) for PWMOutputs
    hardware_init.o(i.DebugPWM_OutputFunction) refers to lks32mc03x_mcpwm.o(i.PWMOutputs_CH3) for PWMOutputs_CH3
    hardware_init.o(i.GPIO_init) refers to lks32mc03x_gpio.o(i.GPIO_StructInit) for GPIO_StructInit
    hardware_init.o(i.GPIO_init) refers to lks32mc03x_gpio.o(i.GPIO_Init) for GPIO_Init
    hardware_init.o(i.GPIO_init) refers to lks32mc03x_gpio.o(i.GPIO_PinAFConfig) for GPIO_PinAFConfig
    hardware_init.o(i.HALL_init) refers to lks32mc03x_hall.o(i.HALL_StructInit) for HALL_StructInit
    hardware_init.o(i.HALL_init) refers to lks32mc03x_hall.o(i.HALL_Init) for HALL_Init
    hardware_init.o(i.Hardware_init) refers to lks32mc03x_iwdg.o(i.IWDG_DISABLE) for IWDG_DISABLE
    hardware_init.o(i.Hardware_init) refers to delay.o(i.delay_init) for delay_init
    hardware_init.o(i.Hardware_init) refers to hardware_init.o(i.GPIO_init) for GPIO_init
    hardware_init.o(i.Hardware_init) refers to lks32mc03x_dac.o(i.DAC_StructInit) for DAC_StructInit
    hardware_init.o(i.Hardware_init) refers to lks32mc03x_dac.o(i.DAC_Init) for DAC_Init
    hardware_init.o(i.Hardware_init) refers to lks32mc03x_dac.o(i.DAC_OutputVoltage) for DAC_OutputVoltage
    hardware_init.o(i.Hardware_init) refers to lks32mc03x_cmp.o(i.CMP_StructInit) for CMP_StructInit
    hardware_init.o(i.Hardware_init) refers to lks32mc03x_cmp.o(i.CMP_Init) for CMP_Init
    hardware_init.o(i.Hardware_init) refers to hardware_init.o(i.UTimer_init) for UTimer_init
    hardware_init.o(i.Hardware_init) refers to lks32mc03x_dsp.o(i.DSP_Cmd) for DSP_Cmd
    hardware_init.o(i.Hardware_init) refers to lks32mc03x_hall.o(i.HALL_StructInit) for HALL_StructInit
    hardware_init.o(i.Hardware_init) refers to lks32mc03x_hall.o(i.HALL_Init) for HALL_Init
    hardware_init.o(i.Hardware_init) refers to lks32mc03x_tmp.o(i.TempSensor_Init) for TempSensor_Init
    hardware_init.o(i.Hardware_init) refers to lks32mc03x_opa.o(i.OPA_StructInit) for OPA_StructInit
    hardware_init.o(i.Hardware_init) refers to lks32mc03x_opa.o(i.OPA_Init) for OPA_Init
    hardware_init.o(i.Hardware_init) refers to lks32mc03x_opa.o(i.OPA_OUT) for OPA_OUT
    hardware_init.o(i.Hardware_init) refers to lks32mc03x_adc.o(i.ADC_StructInit) for ADC_StructInit
    hardware_init.o(i.Hardware_init) refers to lks32mc03x_adc.o(i.ADC_Init) for ADC_Init
    hardware_init.o(i.Hardware_init) refers to hardware_init.o(i.MCPWM_init) for MCPWM_init
    hardware_init.o(i.Hardware_init) refers to delay.o(i.delay_us) for delay_us
    hardware_init.o(i.IWDG_init) refers to lks32mc03x_iwdg.o(i.IWDG_StrutInit) for IWDG_StrutInit
    hardware_init.o(i.IWDG_init) refers to lks32mc03x_iwdg.o(i.IWDG_Init) for IWDG_Init
    hardware_init.o(i.IWDG_init) refers to lks32mc03x_iwdg.o(i.IWDG_ENABLE) for IWDG_ENABLE
    hardware_init.o(i.Invers_GPIO) refers to lks32mc03x_gpio.o(i.GPIO_ReadOutputDataBit) for GPIO_ReadOutputDataBit
    hardware_init.o(i.Invers_GPIO) refers to lks32mc03x_gpio.o(i.GPIO_ResetBits) for GPIO_ResetBits
    hardware_init.o(i.Invers_GPIO) refers to lks32mc03x_gpio.o(i.GPIO_SetBits) for GPIO_SetBits
    hardware_init.o(i.MCPWM_init) refers to lks32mc03x_mcpwm.o(i.MCPWM_StructInit) for MCPWM_StructInit
    hardware_init.o(i.MCPWM_init) refers to lks32mc03x_mcpwm.o(i.MCPWM_Init) for MCPWM_Init
    hardware_init.o(i.MCPWM_init) refers to lks32mc03x_mcpwm.o(i.MCPWM_SwapFunction) for MCPWM_SwapFunction
    hardware_init.o(i.MCPWM_init) refers to lks32mc03x_gpio.o(i.GPIO_SetBits) for GPIO_SetBits
[...]
    startup_lks32mc03x.o(RESET) refers to interrupt.o(i.HALL_IRQHandler) for HALL_IRQHandler
    startup_lks32mc03x.o(RESET) refers to interrupt.o(i.UART_IRQHandler) for UART_IRQHandler
    startup_lks32mc03x.o(RESET) refers to interrupt.o(i.CMP_IRQHandler) for CMP_IRQHandler
    startup_lks32mc03x.o(RESET) refers to interrupt.o(i.ADC_IRQHandler) for ADC_IRQHandler
    startup_lks32mc03x.o(RESET) refers to interrupt.o(i.DMA_IRQHandler) for DMA_IRQHandler
    startup_lks32mc03x.o(RESET) refers to interrupt.o(i.WAKE_IRQHandler) for WAKE_IRQHandler
    startup_lks32mc03x.o(RESET) refers to interrupt.o(i.SW_IRQHandler) for SW_IRQHandler
    startup_lks32mc03x.o(.text) refers (Special) to heapauxi.o(.text) for __use_two_region_memory
    startup_lks32mc03x.o(.text) refers to startup_lks32mc03x.o(STACK) for __initial_sp
    startup_lks32mc03x.o(.text) refers to hardware_init.o(i.SystemInit) for SystemInit
    startup_lks32mc03x.o(.text) refers to __main.o(!!!main) for __main
    startup_lks32mc03x.o(.text) refers to startup_lks32mc03x.o(HEAP) for Heap_Mem
    bldcdriver.o(i.BLDC_HighSpeedTask) refers to aeabi_sdivfast.o(.text) for __aeabi_uidivmod
    bldcdriver.o(i.BLDC_HighSpeedTask) refers to bldcdriver.o(.bss) for .bss
    bldcdriver.o(i.BLDC_LowSpeedTask) refers to bldcdriver.o(.bss) for .bss
    bldcdriver.o(i.BLDC_LowSpeedTask) refers to bldcdriver.o(.data) for .data
    bldcdriver.o(i.BLDC_ZeroCrossCompTask) refers to aeabi_sdivfast.o(.text) for __aeabi_uidivmod
    bldcdriver.o(i.BLDC_ZeroCrossCompTask) refers to bldcdriver.o(.bss) for .bss
    bldcdriver.o(.data) refers to bldcdriver.o(i.BLDC_PWM_UH_VL) for BLDC_PWM_UH_VL
    bldcdriver.o(.data) refers to bldcdriver.o(i.BLDC_PWM_UH_WL) for BLDC_PWM_UH_WL
    bldcdriver.o(.data) refers to bldcdriver.o(i.BLDC_PWM_VH_WL) for BLDC_PWM_VH_WL
    bldcdriver.o(.data) refers to bldcdriver.o(i.BLDC_PWM_VH_UL) for BLDC_PWM_VH_UL
    bldcdriver.o(.data) refers to bldcdriver.o(i.BLDC_PWM_WH_UL) for BLDC_PWM_WH_UL
    bldcdriver.o(.data) refers to bldcdriver.o(i.BLDC_PWM_WH_VL) for BLDC_PWM_WH_VL
    protocol.o(i.protocol_PollingTask) refers to protocol.o(.bss) for .bss
    protocol.o(i.protocol_Reset) refers to protocol.o(.bss) for .bss
    protocol.o(i.sG150AnalysisFunction) refers to protocol.o(.bss) for .bss
    protocol.o(i.sG300AnalysisFunction) refers to protocol.o(.bss) for .bss
    protocol.o(i.sG600AnalysisFunction) refers to protocol.o(.bss) for .bss
    protocol.o(.data) refers to protocol.o(i.sG600AnalysisFunction) for sG600AnalysisFunction
    protocol.o(.data) refers to protocol.o(i.sG300AnalysisFunction) for sG300AnalysisFunction
    protocol.o(.data) refers to protocol.o(i.sG150AnalysisFunction) for sG150AnalysisFunction
    llsdiv.o(.text) refers to lludiv.o(.text) for __aeabi_uldivmod
    __main.o(!!!main) refers to __rtentry.o(.ARM.Collect$$rtentry$$00000000) for __rt_entry
    __rtentry.o(.ARM.Collect$$rtentry$$00000000) refers (Special) to __rtentry2.o(.ARM.Collect$$rtentry$$0000000A) for __rt_entry_li
    __rtentry.o(.ARM.Collect$$rtentry$$00000000) refers (Special) to __rtentry2.o(.ARM.Collect$$rtentry$$0000000D) for __rt_entry_main
    __rtentry.o(.ARM.Collect$$rtentry$$00000000) refers (Special) to __rtentry2.o(.ARM.Collect$$rtentry$$0000000C) for __rt_entry_postli_1
    __rtentry.o(.ARM.Collect$$rtentry$$00000000) refers (Special) to __rtentry2.o(.ARM.Collect$$rtentry$$00000009) for __rt_entry_postsh_1
    __rtentry.o(.ARM.Collect$$rtentry$$00000000) refers (Special) to __rtentry2.o(.ARM.Collect$$rtentry$$00000002) for __rt_entry_presh_1
    __rtentry.o(.ARM.Collect$$rtentry$$00000000) refers (Special) to __rtentry4.o(.ARM.Collect$$rtentry$$00000004) for __rt_entry_sh
    aeabi_idiv0_sigfpe.o(.text) refers to rt_div0.o(.text) for __rt_div0
    __rtentry2.o(.ARM.Collect$$rtentry$$00000008) refers to boardinit2.o(.text) for _platform_post_stackheap_init
    __rtentry2.o(.ARM.Collect$$rtentry$$0000000A) refers to libinit.o(.ARM.Collect$$libinit$$00000000) for __rt_lib_init
    __rtentry2.o(.ARM.Collect$$rtentry$$0000000B) refers to boardinit3.o(.text) for _platform_post_lib_init
    __rtentry2.o(.ARM.Collect$$rtentry$$0000000D) refers to main.o(i.main) for main
    __rtentry2.o(.ARM.Collect$$rtentry$$0000000D) refers to exit.o(.text) for exit
    __rtentry2.o(.ARM.exidx) refers to __rtentry2.o(.ARM.Collect$$rtentry$$00000001) for .ARM.Collect$$rtentry$$00000001
    __rtentry2.o(.ARM.exidx) refers to __rtentry2.o(.ARM.Collect$$rtentry$$00000008) for .ARM.Collect$$rtentry$$00000008
    __rtentry2.o(.ARM.exidx) refers to __rtentry2.o(.ARM.Collect$$rtentry$$0000000A) for .ARM.Collect$$rtentry$$0000000A
    __rtentry2.o(.ARM.exidx) refers to __rtentry2.o(.ARM.Collect$$rtentry$$0000000B) for .ARM.Collect$$rtentry$$0000000B
    __rtentry2.o(.ARM.exidx) refers to __rtentry2.o(.ARM.Collect$$rtentry$$0000000D) for .ARM.Collect$$rtentry$$0000000D
    __rtentry4.o(.ARM.Collect$$rtentry$$00000004) refers to sys_stackheap_outer.o(.text) for __user_setup_stackheap
    __rtentry4.o(.ARM.exidx) refers to __rtentry4.o(.ARM.Collect$$rtentry$$00000004) for .ARM.Collect$$rtentry$$00000004
    rt_div0.o(.text) refers to defsig_fpe_outer.o(.text) for __rt_SIGFPE
    aeabi_ldiv0_sigfpe.o(.text) refers to rt_div0.o(.text) for __rt_div0
    sys_stackheap_outer.o(.text) refers to libspace.o(.text) for __user_perproc_libspace
    sys_stackheap_outer.o(.text) refers to startup_lks32mc03x.o(.text) for __user_initial_stackheap
    sys_stackheap_outer.o(__vectab_stack_and_reset_area) refers to tempstk.o(.text) for __temporary_stack_top
    sys_stackheap_outer.o(__vectab_stack_and_reset_area) refers to __main.o(!!!main) for __main
    exit.o(.text) refers to rtexit.o(.ARM.Collect$$rtexit$$00000000) for __rt_exit
    defsig_fpe_outer.o(.text) refers to defsig_fpe_inner.o(.text) for __rt_SIGFPE_inner
    defsig_fpe_outer.o(.text) refers to defsig_exit.o(.text) for __sig_exit
    defsig_fpe_formal.o(.text) refers to rt_raise.o(.text) for __rt_raise
    libinit.o(.ARM.Collect$$libinit$$00000000) refers (Special) to libinit2.o(.ARM.Collect$$libinit$$0000002E) for __rt_lib_init_alloca_1
    libinit.o(.ARM.Collect$$libinit$$00000000) refers (Special) to libinit2.o(.ARM.Collect$$libinit$$0000002C) for __rt_lib_init_argv_1
    libinit.o(.ARM.Collect$$libinit$$00000000) refers (Special) to libinit2.o(.ARM.Collect$$libinit$$0000001B) for __rt_lib_init_atexit_1
    libinit.o(.ARM.Collect$$libinit$$00000000) refers (Special) to libinit2.o(.ARM.Collect$$libinit$$00000021) for __rt_lib_init_clock_1
    libinit.o(.ARM.Collect$$libinit$$00000000) refers (Special) to libinit2.o(.ARM.Collect$$libinit$$00000032) for __rt_lib_init_cpp_1
    libinit.o(.ARM.Collect$$libinit$$00000000) refers (Special) to libinit2.o(.ARM.Collect$$libinit$$00000030) for __rt_lib_init_exceptions_1
    libinit.o(.ARM.Collect$$libinit$$00000000) refers (Special) to libinit2.o(.ARM.Collect$$libinit$$00000002) for __rt_lib_init_fp_1
    libinit.o(.ARM.Collect$$libinit$$00000000) refers (Special) to libinit2.o(.ARM.Collect$$libinit$$0000001F) for __rt_lib_init_fp_trap_1
    libinit.o(.ARM.Collect$$libinit$$00000000) refers (Special) to libinit2.o(.ARM.Collect$$libinit$$00000023) for __rt_lib_init_getenv_1
    libinit.o(.ARM.Collect$$libinit$$00000000) refers (Special) to libinit2.o(.ARM.Collect$$libinit$$0000000A) for __rt_lib_init_heap_1
    libinit.o(.ARM.Collect$$libinit$$00000000) refers (Special) to libinit2.o(.ARM.Collect$$libinit$$00000011) for __rt_lib_init_lc_collate_1
    libinit.o(.ARM.Collect$$libinit$$00000000) refers (Special) to libinit2.o(.ARM.Collect$$libinit$$00000013) for __rt_lib_init_lc_ctype_1
    libinit.o(.ARM.Collect$$libinit$$00000000) refers (Special) to libinit2.o(.ARM.Collect$$libinit$$00000015) for __rt_lib_init_lc_monetary_1
    libinit.o(.ARM.Collect$$libinit$$00000000) refers (Special) to libinit2.o(.ARM.Collect$$libinit$$00000017) for __rt_lib_init_lc_numeric_1
    libinit.o(.ARM.Collect$$libinit$$00000000) refers (Special) to libinit2.o(.ARM.Collect$$libinit$$00000019) for __rt_lib_init_lc_time_1
    libinit.o(.ARM.Collect$$libinit$$00000000) refers (Special) to libinit2.o(.ARM.Collect$$libinit$$00000004) for __rt_lib_init_preinit_1
    libinit.o(.ARM.Collect$$libinit$$00000000) refers (Special) to libinit2.o(.ARM.Collect$$libinit$$0000000E) for __rt_lib_init_rand_1
    libinit.o(.ARM.Collect$$libinit$$00000000) refers (Special) to libinit2.o(.ARM.Collect$$libinit$$00000033) for __rt_lib_init_return
    libinit.o(.ARM.Collect$$libinit$$00000000) refers (Special) to libinit2.o(.ARM.Collect$$libinit$$0000001D) for __rt_lib_init_signal_1
    libinit.o(.ARM.Collect$$libinit$$00000000) refers (Special) to libinit2.o(.ARM.Collect$$libinit$$00000025) for __rt_lib_init_stdio_1
    libinit.o(.ARM.Collect$$libinit$$00000000) refers (Special) to libinit2.o(.ARM.Collect$$libinit$$0000000C) for __rt_lib_init_user_alloc_1
    libspace.o(.text) refers to libspace.o(.bss) for __libspace_start
    rtexit.o(.ARM.Collect$$rtexit$$00000000) refers (Special) to rtexit2.o(.ARM.Collect$$rtexit$$00000004) for __rt_exit_exit
    rtexit.o(.ARM.Collect$$rtexit$$00000000) refers (Special) to rtexit2.o(.ARM.Collect$$rtexit$$00000003) for __rt_exit_ls
    rtexit.o(.ARM.Collect$$rtexit$$00000000) refers (Special) to rtexit2.o(.ARM.Collect$$rtexit$$00000002) for __rt_exit_prels_1
    rtexit.o(.ARM.exidx) refers (Special) to rtexit2.o(.ARM.Collect$$rtexit$$00000004) for __rt_exit_exit
    rtexit.o(.ARM.exidx) refers (Special) to rtexit2.o(.ARM.Collect$$rtexit$$00000003) for __rt_exit_ls
    rtexit.o(.ARM.exidx) refers (Special) to rtexit2.o(.ARM.Collect$$rtexit$$00000002) for __rt_exit_prels_1
    rtexit.o(.ARM.exidx) refers to rtexit.o(.ARM.Collect$$rtexit$$00000000) for .ARM.Collect$$rtexit$$00000000
    rt_raise.o(.text) refers to __raise.o(.text) for __raise
    rt_raise.o(.text) refers to sys_exit.o(.text) for _sys_exit
    defsig_exit.o(.text) refers to sys_exit.o(.text) for _sys_exit
    defsig_fpe_inner.o(.text) refers to defsig_general.o(.text) for __default_signal_display
    libinit2.o(.ARM.Collect$$libinit$$00000010) refers to libinit2.o(.ARM.Collect$$libinit$$0000000F) for .ARM.Collect$$libinit$$0000000F
    libinit2.o(.ARM.Collect$$libinit$$00000012) refers to libinit2.o(.ARM.Collect$$libinit$$0000000F) for .ARM.Collect$$libinit$$0000000F
    libinit2.o(.ARM.Collect$$libinit$$00000014) refers to libinit2.o(.ARM.Collect$$libinit$$0000000F) for .ARM.Collect$$libinit$$0000000F
    libinit2.o(.ARM.Collect$$libinit$$00000016) refers to libinit2.o(.ARM.Collect$$libinit$$0000000F) for .ARM.Collect$$libinit$$0000000F
    libinit2.o(.ARM.Collect$$libinit$$00000018) refers to libinit2.o(.ARM.Collect$$libinit$$0000000F) for .ARM.Collect$$libinit$$0000000F
    libinit2.o(.ARM.Collect$$libinit$$00000026) refers to argv_veneer.o(.text) for __ARM_argv_veneer
    libinit2.o(.ARM.Collect$$libinit$$00000027) refers to argv_veneer.o(.text) for __ARM_argv_veneer
    sys_exit.o(.text) refers (Special) to use_no_semi.o(.text) for __I$use$semihosting
    sys_exit.o(.text) refers (Special) to indicate_semi.o(.text) for __semihosting_library_function
    rtexit2.o(.ARM.Collect$$rtexit$$00000003) refers to libshutdown.o(.ARM.Collect$$libshutdown$$00000000) for __rt_lib_shutdown
    rtexit2.o(.ARM.Collect$$rtexit$$00000004) refers to sys_exit.o(.text) for _sys_exit
    rtexit2.o(.ARM.exidx) refers to rtexit2.o(.ARM.Collect$$rtexit$$00000001) for .ARM.Collect$$rtexit$$00000001
    rtexit2.o(.ARM.exidx) refers to rtexit2.o(.ARM.Collect$$rtexit$$00000003) for .ARM.Collect$$rtexit$$00000003
    rtexit2.o(.ARM.exidx) refers to rtexit2.o(.ARM.Collect$$rtexit$$00000004) for .ARM.Collect$$rtexit$$00000004
    __raise.o(.text) refers to defsig.o(CL$$defsig) for __default_signal_handler
    defsig_general.o(.text) refers to sys_wrch.o(.text) for _ttywrch
    sys_wrch.o(.text) refers (Special) to use_no_semi.o(.text) for __I$use$semihosting
    sys_wrch.o(.text) refers (Special) to indicate_semi.o(.text) for __semihosting_library_function
    defsig.o(CL$$defsig) refers to defsig_fpe_inner.o(.text) for __rt_SIGFPE_inner
    defsig.o(CL$$defsig) refers to defsig_rtmem_inner.o(.text) for __rt_SIGRTMEM_inner
    _get_argv_nomalloc.o(.text) refers (Special) to hrguard.o(.text) for __heap_region$guard
    _get_argv_nomalloc.o(.text) refers to defsig_rtmem_outer.o(.text) for __rt_SIGRTMEM
    _get_argv_nomalloc.o(.text) refers to sys_command.o(.text) for _sys_command_string
    libshutdown.o(.ARM.Collect$$libshutdown$$00000000) refers (Special) to libshutdown2.o(.ARM.Collect$$libshutdown$$00000004) for __rt_lib_shutdown_cpp_1
    libshutdown.o(.ARM.Collect$$libshutdown$$00000000) refers (Special) to libshutdown2.o(.ARM.Collect$$libshutdown$$00000002) for __rt_lib_shutdown_fini_1
    libshutdown.o(.ARM.Collect$$libshutdown$$00000000) refers (Special) to libshutdown2.o(.ARM.Collect$$libshutdown$$00000009) for __rt_lib_shutdown_fp_trap_1
    libshutdown.o(.ARM.Collect$$libshutdown$$00000000) refers (Special) to libshutdown2.o(.ARM.Collect$$libshutdown$$00000011) for __rt_lib_shutdown_heap_1
    libshutdown.o(.ARM.Collect$$libshutdown$$00000000) refers (Special) to libshutdown2.o(.ARM.Collect$$libshutdown$$00000012) for __rt_lib_shutdown_return
    libshutdown.o(.ARM.Collect$$libshutdown$$00000000) refers (Special) to libshutdown2.o(.ARM.Collect$$libshutdown$$0000000C) for __rt_lib_shutdown_signal_1
    libshutdown.o(.ARM.Collect$$libshutdown$$00000000) refers (Special) to libshutdown2.o(.ARM.Collect$$libshutdown$$00000006) for __rt_lib_shutdown_stdio_1
    libshutdown.o(.ARM.Collect$$libshutdown$$00000000) refers (Special) to libshutdown2.o(.ARM.Collect$$libshutdown$$0000000E) for __rt_lib_shutdown_user_alloc_1
    sys_command.o(.text) refers (Special) to use_no_semi.o(.text) for __I$use$semihosting
    sys_command.o(.text) refers (Special) to indicate_semi.o(.text) for __semihosting_library_function
    defsig_abrt_inner.o(.text) refers to defsig_general.o(.text) for __default_signal_display
    defsig_rtred_inner.o(.text) refers to defsig_general.o(.text) for __default_signal_display
    defsig_rtmem_inner.o(.text) refers to defsig_general.o(.text) for __default_signal_display
    defsig_rtmem_outer.o(.text) refers to defsig_rtmem_inner.o(.text) for __rt_SIGRTMEM_inner
    defsig_rtmem_outer.o(.text) refers to defsig_exit.o(.text) for __sig_exit
    defsig_rtmem_formal.o(.text) refers to rt_raise.o(.text) for __rt_raise
    defsig_stak_inner.o(.text) refers to defsig_general.o(.text) for __default_signal_display
    defsig_pvfn_inner.o(.text) refers to defsig_general.o(.text) for __default_signal_display
    defsig_cppl_inner.o(.text) refers to defsig_general.o(.text) for __default_signal_display
    defsig_segv_inner.o(.text) refers to defsig_general.o(.text) for __default_signal_display
    defsig_other.o(.text) refers to defsig_general.o(.text) for __default_signal_display


==============================================================================

Removing Unused input sections from the image.

    Removing main.o(.rev16_text), (4 bytes).
    Removing main.o(.revsh_text), (4 bytes).
    Removing hardware_init.o(.rev16_text), (4 bytes).
    Removing hardware_init.o(.revsh_text), (4 bytes).
    Removing hardware_init.o(i.ADC0_init), (80 bytes).
    Removing hardware_init.o(i.CMP_init), (92 bytes).
    Removing hardware_init.o(i.Clock_Init), (60 bytes).
    Removing hardware_init.o(i.DAC_init), (32 bytes).
    Removing hardware_init.o(i.DebugPWM_OutputFunction), (52 bytes).
    Removing hardware_init.o(i.HALL_init), (40 bytes).
    Removing hardware_init.o(i.IWDG_init), (40 bytes).
    Removing hardware_init.o(i.Invers_GPIO), (34 bytes).
    Removing hardware_init.o(i.MedianFilter), (66 bytes).
    Removing hardware_init.o(i.OPA_CommonVoltageCorrection), (204 bytes).
    Removing hardware_init.o(i.PGA_init), (40 bytes).
    Removing hardware_init.o(i.SoftDelay), (24 bytes).
    Removing hardware_init.o(i.TempSensor_init), (8 bytes).
    Removing interrupt.o(.rev16_text), (4 bytes).
    Removing interrupt.o(.revsh_text), (4 bytes).
    Removing delay.o(.rev16_text), (4 bytes).
    Removing delay.o(.revsh_text), (4 bytes).
    Removing delay.o(i.delay_ms), (100 bytes).
    Removing delay.o(i.delay_xms), (44 bytes).
    Removing lks32mc03x_adc.o(.rev16_text), (4 bytes).
    Removing lks32mc03x_adc.o(.revsh_text), (4 bytes).
    Removing lks32mc03x_adc.o(i.ADC_ChannelConfig), (50 bytes).
    Removing lks32mc03x_adc.o(i.ADC_GetConversionValue), (104 bytes).
    Removing lks32mc03x_adc.o(i.ADC_SoftTrgEN), (20 bytes).
    Removing lks32mc03x_cmp.o(.rev16_text), (4 bytes).
    Removing lks32mc03x_cmp.o(.revsh_text), (4 bytes).
    Removing lks32mc03x_cmp.o(i.CMP_ClearIRQFlag), (24 bytes).
    Removing lks32mc03x_cmp.o(i.CMP_GetIRQFlag), (40 bytes).
    Removing lks32mc03x_cmp.o(i.GET_CMP_data), (60 bytes).
    Removing lks32mc03x_dac.o(.rev16_text), (4 bytes).
    Removing lks32mc03x_dac.o(.revsh_text), (4 bytes).
    Removing lks32mc03x_dac.o(i.DAC_Output), (36 bytes).
    Removing lks32mc03x_dac.o(i.DAC_OutputValue), (52 bytes).
    Removing lks32mc03x_dma.o(.rev16_text), (4 bytes).
    Removing lks32mc03x_dma.o(.revsh_text), (4 bytes).
    Removing lks32mc03x_dma.o(i.DMA_CHx_EN), (24 bytes).
    Removing lks32mc03x_dma.o(i.DMA_GetIRQFlag), (28 bytes).
    Removing lks32mc03x_dsp.o(.rev16_text), (4 bytes).
    Removing lks32mc03x_dsp.o(.revsh_text), (4 bytes).
    Removing lks32mc03x_dsp.o(i.DSP_CalcDivision), (56 bytes).
    Removing lks32mc03x_dsp.o(i.DSP_GetSqrt), (40 bytes).
    Removing lks32mc03x_dsp.o(.data), (2 bytes).
    Removing lks32mc03x_flash.o(.rev16_text), (4 bytes).
    Removing lks32mc03x_flash.o(.revsh_text), (4 bytes).
    Removing lks32mc03x_flash.o(i.EraseSector), (160 bytes).
    Removing lks32mc03x_flash.o(i.ProgramPage), (456 bytes).
    Removing lks32mc03x_flash.o(i.Read_Flash), (18 bytes).
    Removing lks32mc03x_flash.o(i.Read_More_Flash), (64 bytes).
    Removing lks32mc03x_flash.o(.data), (8 bytes).
    Removing lks32mc03x_gpio.o(.rev16_text), (4 bytes).
    Removing lks32mc03x_gpio.o(.revsh_text), (4 bytes).
    Removing lks32mc03x_gpio.o(i.EXTI_ClearIRQFlag), (108 bytes).
    Removing lks32mc03x_gpio.o(i.EXTI_GetIRQFlag), (120 bytes).
    Removing lks32mc03x_gpio.o(i.EXTI_Trigger_Config), (336 bytes).
    Removing lks32mc03x_gpio.o(i.GPIO_ReadInputData), (4 bytes).
    Removing lks32mc03x_gpio.o(i.GPIO_ReadInputDataBit), (14 bytes).
    Removing lks32mc03x_gpio.o(i.GPIO_ReadOutputData), (4 bytes).
    Removing lks32mc03x_gpio.o(i.GPIO_ReadOutputDataBit), (14 bytes).
    Removing lks32mc03x_gpio.o(i.GPIO_ResetBits), (4 bytes).
    Removing lks32mc03x_gpio.o(i.GPIO_Write), (4 bytes).
    Removing lks32mc03x_gpio.o(i.GPIO_WriteBit), (12 bytes).
    Removing lks32mc03x_gpio.o(.constdata), (128 bytes).
    Removing lks32mc03x_hall.o(.rev16_text), (4 bytes).
    Removing lks32mc03x_hall.o(.revsh_text), (4 bytes).
    Removing lks32mc03x_hall.o(i.HALL_ClearIRQFlag), (12 bytes).
    Removing lks32mc03x_hall.o(i.HALL_GetCaptureValue), (16 bytes).
    Removing lks32mc03x_hall.o(i.HALL_GetCount), (12 bytes).
    Removing lks32mc03x_hall.o(i.HALL_GetFilterValue), (16 bytes).
    Removing lks32mc03x_hall.o(i.HALL_GetIRQFlag), (12 bytes).
    Removing lks32mc03x_hall.o(i.HALL_WIDCount), (12 bytes).
    Removing lks32mc03x_i2c.o(.rev16_text), (4 bytes).
    Removing lks32mc03x_i2c.o(.revsh_text), (4 bytes).
    Removing lks32mc03x_i2c.o(i.Clear_I2c_Bus_State), (16 bytes).
    Removing lks32mc03x_i2c.o(i.I2C_Init), (196 bytes).
    Removing lks32mc03x_i2c.o(i.I2C_ReadData), (6 bytes).
    Removing lks32mc03x_i2c.o(i.I2C_SendData), (4 bytes).
    Removing lks32mc03x_i2c.o(i.I2C_StructInit), (32 bytes).
    Removing lks32mc03x_i2c.o(i.Read_I2c_Bus_State), (20 bytes).
    Removing lks32mc03x_i2c.o(i.i2c_dma_init), (64 bytes).
    Removing lks32mc03x_i2c.o(i.i2c_dma_rx), (124 bytes).
    Removing lks32mc03x_i2c.o(i.i2c_dma_state_over), (12 bytes).
    Removing lks32mc03x_i2c.o(i.i2c_dma_tx), (124 bytes).
    Removing lks32mc03x_i2c.o(.data), (1 bytes).
    Removing lks32mc03x_iwdg.o(.rev16_text), (4 bytes).
    Removing lks32mc03x_iwdg.o(.revsh_text), (4 bytes).
    Removing lks32mc03x_iwdg.o(i.IWDG_ENABLE), (12 bytes).
    Removing lks32mc03x_iwdg.o(i.IWDG_Feed), (24 bytes).
    Removing lks32mc03x_iwdg.o(i.IWDG_Init), (84 bytes).
    Removing lks32mc03x_iwdg.o(i.IWDG_StrutInit), (20 bytes).
    Removing lks32mc03x_mcpwm.o(.rev16_text), (4 bytes).
    Removing lks32mc03x_mcpwm.o(.revsh_text), (4 bytes).
    Removing lks32mc03x_mcpwm.o(i.MCPWM_ClearIRQFlag), (40 bytes).
    Removing lks32mc03x_mcpwm.o(i.MCPWM_ReadIRQFlag), (50 bytes).
    Removing lks32mc03x_mcpwm.o(i.PWMOutputs_CH3), (44 bytes).
    Removing lks32mc03x_opa.o(.rev16_text), (4 bytes).
    Removing lks32mc03x_opa.o(.revsh_text), (4 bytes).
    Removing lks32mc03x_spi.o(.rev16_text), (4 bytes).
    Removing lks32mc03x_spi.o(.revsh_text), (4 bytes).
    Removing lks32mc03x_spi.o(i.SPI_ClearIRQFlag), (8 bytes).
    Removing lks32mc03x_spi.o(i.SPI_GetIRQFlag), (14 bytes).
    Removing lks32mc03x_spi.o(i.SPI_Init), (84 bytes).
    Removing lks32mc03x_spi.o(i.SPI_ReadData), (6 bytes).
    Removing lks32mc03x_spi.o(i.SPI_SendData), (4 bytes).
    Removing lks32mc03x_spi.o(i.SPI_StructInit), (30 bytes).
    Removing lks32mc03x_sys.o(.rev16_text), (4 bytes).
    Removing lks32mc03x_sys.o(.revsh_text), (4 bytes).
    Removing lks32mc03x_sys.o(i.DSP_Init), (32 bytes).
    Removing lks32mc03x_sys.o(i.SYS_ClearRst), (16 bytes).
    Removing lks32mc03x_sys.o(i.SYS_EVTCLRSleep), (16 bytes).
    Removing lks32mc03x_sys.o(i.SYS_FallSleep), (200 bytes).
    Removing lks32mc03x_sys.o(i.SYS_GetRstSource), (12 bytes).
    Removing lks32mc03x_sys.o(i.SYS_Init), (64 bytes).
    Removing lks32mc03x_sys.o(i.SYS_SetWakeInterval), (40 bytes).
    Removing lks32mc03x_sys.o(i.SYS_SoftResetModule), (24 bytes).
    Removing lks32mc03x_sys.o(i.SYS_StructInit), (20 bytes).
    Removing lks32mc03x_sys.o(i.SetWakeIO), (56 bytes).
    Removing lks32mc03x_sys.o(i.Switch2HRC), (48 bytes).
    Removing lks32mc03x_sys.o(i.Switch2PLL), (56 bytes).
    Removing lks32mc03x_sys.o(.data), (8 bytes).
    Removing lks32mc03x_timer.o(.rev16_text), (4 bytes).
    Removing lks32mc03x_timer.o(.revsh_text), (4 bytes).
    Removing lks32mc03x_timer.o(i.TIM_GetIRQFlag), (52 bytes).
    Removing lks32mc03x_timer.o(i.TIM_Timer_GetCMPT0), (4 bytes).
    Removing lks32mc03x_timer.o(i.TIM_Timer_GetCMPT1), (4 bytes).
    Removing lks32mc03x_timer.o(i.TIM_Timer_GetCount), (4 bytes).
    Removing lks32mc03x_tmp.o(.rev16_text), (4 bytes).
    Removing lks32mc03x_tmp.o(.revsh_text), (4 bytes).
    Removing lks32mc03x_tmp.o(i.GetCurrentTemperature), (48 bytes).
    Removing lks32mc03x_uart.o(.rev16_text), (4 bytes).
    Removing lks32mc03x_uart.o(.revsh_text), (4 bytes).
    Removing lks32mc03x_uart.o(i.UART_ClearIRQFlag), (4 bytes).
    Removing lks32mc03x_uart.o(i.UART_GetIRQFlag), (18 bytes).
    Removing lks32mc03x_uart.o(i.UART_Init), (156 bytes).
    Removing lks32mc03x_uart.o(i.UART_ReadData), (4 bytes).
    Removing lks32mc03x_uart.o(i.UART_SendAddr_485), (44 bytes).
    Removing lks32mc03x_uart.o(i.UART_SendData), (4 bytes).
    Removing lks32mc03x_uart.o(i.UART_SendData_485), (40 bytes).
    Removing lks32mc03x_uart.o(i.UART_StructInit), (30 bytes).
    Removing bldcdriver.o(.rev16_text), (4 bytes).
    Removing bldcdriver.o(.revsh_text), (4 bytes).
    Removing protocol.o(.rev16_text), (4 bytes).
    Removing protocol.o(.revsh_text), (4 bytes).
    Removing protocol.o(i.protocol_Reset), (24 bytes).
    Removing lks32mc03x_nvr.o(i.Prog_Trim), (100 bytes).

148 unused section(s) (total 5317 bytes) removed from the image.

==============================================================================

Image Symbol Table

    Local Symbols

    Symbol Name                              Value     Ov Type        Size  Object(Section)

    RESET                                    0x00000000   Section      192  startup_lks32mc03x.o(RESET)
    ../clib/angel/boardlib.s                 0x00000000   Number         0  boardinit2.o ABSOLUTE
    ../clib/angel/boardlib.s                 0x00000000   Number         0  boardshut.o ABSOLUTE
    ../clib/angel/boardlib.s                 0x00000000   Number         0  boardinit3.o ABSOLUTE
    ../clib/angel/boardlib.s                 0x00000000   Number         0  boardinit1.o ABSOLUTE
    ../clib/angel/handlers.s                 0x00000000   Number         0  __scatter_zi.o ABSOLUTE
    ../clib/angel/handlers.s                 0x00000000   Number         0  __scatter_copy.o ABSOLUTE
    ../clib/angel/kernel.s                   0x00000000   Number         0  rtexit2.o ABSOLUTE
    ../clib/angel/kernel.s                   0x00000000   Number         0  __rtentry.o ABSOLUTE
    ../clib/angel/kernel.s                   0x00000000   Number         0  rtexit.o ABSOLUTE
    ../clib/angel/kernel.s                   0x00000000   Number         0  __rtentry4.o ABSOLUTE
    ../clib/angel/kernel.s                   0x00000000   Number         0  __rtentry2.o ABSOLUTE
    ../clib/angel/rt.s                       0x00000000   Number         0  aeabi_ldiv0.o ABSOLUTE
    ../clib/angel/rt.s                       0x00000000   Number         0  rt_raise.o ABSOLUTE
    ../clib/angel/rt.s                       0x00000000   Number         0  aeabi_ldiv0_sigfpe.o ABSOLUTE
    ../clib/angel/rt.s                       0x00000000   Number         0  aeabi_idiv0.o ABSOLUTE
    ../clib/angel/rt.s                       0x00000000   Number         0  aeabi_idiv0_sigfpe.o ABSOLUTE
    ../clib/angel/rt.s                       0x00000000   Number         0  rt_div0.o ABSOLUTE
    ../clib/angel/scatterp.s                 0x00000000   Number         0  __scatter.o ABSOLUTE
    ../clib/angel/startup.s                  0x00000000   Number         0  __main.o ABSOLUTE
    ../clib/angel/sys.s                      0x00000000   Number         0  libspace.o ABSOLUTE
    ../clib/angel/sys.s                      0x00000000   Number         0  tempstk.o ABSOLUTE
    ../clib/angel/sys.s                      0x00000000   Number         0  use_no_semi.o ABSOLUTE
    ../clib/angel/sys.s                      0x00000000   Number         0  indicate_semi.o ABSOLUTE
    ../clib/angel/sys.s                      0x00000000   Number         0  sys_stackheap_outer.o ABSOLUTE
    ../clib/angel/sysapp.c                   0x00000000   Number         0  sys_exit.o ABSOLUTE
    ../clib/angel/sysapp.c                   0x00000000   Number         0  sys_wrch.o ABSOLUTE
    ../clib/angel/sysapp.c                   0x00000000   Number         0  sys_command.o ABSOLUTE
    ../clib/armsys.c                         0x00000000   Number         0  argv_veneer.o ABSOLUTE
    ../clib/armsys.c                         0x00000000   Number         0  no_argv.o ABSOLUTE
    ../clib/armsys.c                         0x00000000   Number         0  _get_argv_nomalloc.o ABSOLUTE
    ../clib/division.c                       0x00000000   Number         0  lludiv.o ABSOLUTE
    ../clib/division.c                       0x00000000   Number         0  llsdiv.o ABSOLUTE
    ../clib/division.s                       0x00000000   Number         0  aeabi_sdivfast_div0.o ABSOLUTE
    ../clib/division.s                       0x00000000   Number         0  aeabi_sdivfast.o ABSOLUTE
    ../clib/heapalloc.c                      0x00000000   Number         0  hrguard.o ABSOLUTE
    ../clib/heapaux.c                        0x00000000   Number         0  heapauxi.o ABSOLUTE
    ../clib/libinit.s                        0x00000000   Number         0  libinit.o ABSOLUTE
    ../clib/libinit.s                        0x00000000   Number         0  libshutdown2.o ABSOLUTE
    ../clib/libinit.s                        0x00000000   Number         0  libinit2.o ABSOLUTE
    ../clib/libinit.s                        0x00000000   Number         0  libshutdown.o ABSOLUTE
    ../clib/memcpset.c                       0x00000000   Number         0  rt_memclr.o ABSOLUTE
    ../clib/signal.c                         0x00000000   Number         0  defsig_rtmem_inner.o ABSOLUTE
    ../clib/signal.c                         0x00000000   Number         0  defsig_fpe_inner.o ABSOLUTE
    ../clib/signal.c                         0x00000000   Number         0  defsig_abrt_inner.o ABSOLUTE
    ../clib/signal.c                         0x00000000   Number         0  defsig_other.o ABSOLUTE
    ../clib/signal.c                         0x00000000   Number         0  __raise.o ABSOLUTE
    ../clib/signal.c                         0x00000000   Number         0  defsig_segv_inner.o ABSOLUTE
    ../clib/signal.c                         0x00000000   Number         0  defsig_cppl_inner.o ABSOLUTE
    ../clib/signal.c                         0x00000000   Number         0  defsig_pvfn_inner.o ABSOLUTE
    ../clib/signal.c                         0x00000000   Number         0  defsig_stak_inner.o ABSOLUTE
    ../clib/signal.c                         0x00000000   Number         0  defsig_rtred_inner.o ABSOLUTE
    ../clib/signal.c                         0x00000000   Number         0  defsig_general.o ABSOLUTE
    ../clib/signal.c                         0x00000000   Number         0  defsig_rtmem_formal.o ABSOLUTE
    ../clib/signal.c                         0x00000000   Number         0  defsig_rtmem_outer.o ABSOLUTE
    ../clib/signal.c                         0x00000000   Number         0  defsig_fpe_formal.o ABSOLUTE
    ../clib/signal.c                         0x00000000   Number         0  defsig_fpe_outer.o ABSOLUTE
    ../clib/signal.c                         0x00000000   Number         0  defsig_exit.o ABSOLUTE
    ../clib/signal.s                         0x00000000   Number         0  defsig.o ABSOLUTE
    ../clib/stdlib.c                         0x00000000   Number         0  exit.o ABSOLUTE
    ../fplib/cfplib/fpinit.c                 0x00000000   Number         0  fpinit.o ABSOLUTE
    AppFunction\\delay.c                     0x00000000   Number         0  delay.o ABSOLUTE
    AppFunction\\hardware_init.c             0x00000000   Number         0  hardware_init.o ABSOLUTE
    AppFunction\\interrupt.c                 0x00000000   Number         0  interrupt.o ABSOLUTE
    AppFunction\delay.c                      0x00000000   Number         0  delay.o ABSOLUTE
    AppFunction\hardware_init.c              0x00000000   Number         0  hardware_init.o ABSOLUTE
    AppFunction\interrupt.c                  0x00000000   Number         0  interrupt.o ABSOLUTE
    BLDC_Sensorless\\source\\bldcDriver.c    0x00000000   Number         0  bldcdriver.o ABSOLUTE
    BLDC_Sensorless\source\bldcDriver.c      0x00000000   Number         0  bldcdriver.o ABSOLUTE
    Kernal_Source\\main.c                    0x00000000   Number         0  main.o ABSOLUTE
    Kernal_Source\main.c                     0x00000000   Number         0  main.o ABSOLUTE
    LKS32MC03x_Periph_Driver\Source\lks32MC03x_flash.c 0x00000000   Number         0  lks32mc03x_flash.o ABSOLUTE
    LKS32MC03x_Periph_Driver\Source\lks32mc03x_adc.c 0x00000000   Number         0  lks32mc03x_adc.o ABSOLUTE
    LKS32MC03x_Periph_Driver\Source\lks32mc03x_cmp.c 0x00000000   Number         0  lks32mc03x_cmp.o ABSOLUTE
    LKS32MC03x_Periph_Driver\Source\lks32mc03x_dac.c 0x00000000   Number         0  lks32mc03x_dac.o ABSOLUTE
    LKS32MC03x_Periph_Driver\Source\lks32mc03x_dma.c 0x00000000   Number         0  lks32mc03x_dma.o ABSOLUTE
    LKS32MC03x_Periph_Driver\Source\lks32mc03x_dsp.c 0x00000000   Number         0  lks32mc03x_dsp.o ABSOLUTE
    LKS32MC03x_Periph_Driver\Source\lks32mc03x_gpio.c 0x00000000   Number         0  lks32mc03x_gpio.o ABSOLUTE
    LKS32MC03x_Periph_Driver\Source\lks32mc03x_hall.c 0x00000000   Number         0  lks32mc03x_hall.o ABSOLUTE
    LKS32MC03x_Periph_Driver\Source\lks32mc03x_i2c.c 0x00000000   Number         0  lks32mc03x_i2c.o ABSOLUTE
    LKS32MC03x_Periph_Driver\Source\lks32mc03x_iwdg.c 0x00000000   Number         0  lks32mc03x_iwdg.o ABSOLUTE
    LKS32MC03x_Periph_Driver\Source\lks32mc03x_mcpwm.c 0x00000000   Number         0  lks32mc03x_mcpwm.o ABSOLUTE
    LKS32MC03x_Periph_Driver\Source\lks32mc03x_opa.c 0x00000000   Number         0  lks32mc03x_opa.o ABSOLUTE
    LKS32MC03x_Periph_Driver\Source\lks32mc03x_spi.c 0x00000000   Number         0  lks32mc03x_spi.o ABSOLUTE
    LKS32MC03x_Periph_Driver\Source\lks32mc03x_sys.c 0x00000000   Number         0  lks32mc03x_sys.o ABSOLUTE
    LKS32MC03x_Periph_Driver\Source\lks32mc03x_timer.c 0x00000000   Number         0  lks32mc03x_timer.o ABSOLUTE
    LKS32MC03x_Periph_Driver\Source\lks32mc03x_tmp.c 0x00000000   Number         0  lks32mc03x_tmp.o ABSOLUTE
    LKS32MC03x_Periph_Driver\Source\lks32mc03x_uart.c 0x00000000   Number         0  lks32mc03x_uart.o ABSOLUTE
    LKS32MC03x_Periph_Driver\Source\startup_lks32mc03x.s 0x00000000   Number         0  startup_lks32mc03x.o ABSOLUTE
    LKS32MC03x_Periph_Driver\\Source\\lks32MC03x_flash.c 0x00000000   Number         0  lks32mc03x_flash.o ABSOLUTE
    LKS32MC03x_Periph_Driver\\Source\\lks32mc03x_adc.c 0x00000000   Number         0  lks32mc03x_adc.o ABSOLUTE
    LKS32MC03x_Periph_Driver\\Source\\lks32mc03x_cmp.c 0x00000000   Number         0  lks32mc03x_cmp.o ABSOLUTE
    LKS32MC03x_Periph_Driver\\Source\\lks32mc03x_dac.c 0x00000000   Number         0  lks32mc03x_dac.o ABSOLUTE
    LKS32MC03x_Periph_Driver\\Source\\lks32mc03x_dma.c 0x00000000   Number         0  lks32mc03x_dma.o ABSOLUTE
    LKS32MC03x_Periph_Driver\\Source\\lks32mc03x_dsp.c 0x00000000   Number         0  lks32mc03x_dsp.o ABSOLUTE
    LKS32MC03x_Periph_Driver\\Source\\lks32mc03x_gpio.c 0x00000000   Number         0  lks32mc03x_gpio.o ABSOLUTE
    LKS32MC03x_Periph_Driver\\Source\\lks32mc03x_hall.c 0x00000000   Number         0  lks32mc03x_hall.o ABSOLUTE
    LKS32MC03x_Periph_Driver\\Source\\lks32mc03x_i2c.c 0x00000000   Number         0  lks32mc03x_i2c.o ABSOLUTE
    LKS32MC03x_Periph_Driver\\Source\\lks32mc03x_iwdg.c 0x00000000   Number         0  lks32mc03x_iwdg.o ABSOLUTE
    LKS32MC03x_Periph_Driver\\Source\\lks32mc03x_mcpwm.c 0x00000000   Number         0  lks32mc03x_mcpwm.o ABSOLUTE
    LKS32MC03x_Periph_Driver\\Source\\lks32mc03x_opa.c 0x00000000   Number         0  lks32mc03x_opa.o ABSOLUTE
    LKS32MC03x_Periph_Driver\\Source\\lks32mc03x_spi.c 0x00000000   Number         0  lks32mc03x_spi.o ABSOLUTE
    LKS32MC03x_Periph_Driver\\Source\\lks32mc03x_sys.c 0x00000000   Number         0  lks32mc03x_sys.o ABSOLUTE
    LKS32MC03x_Periph_Driver\\Source\\lks32mc03x_timer.c 0x00000000   Number         0  lks32mc03x_timer.o ABSOLUTE
    LKS32MC03x_Periph_Driver\\Source\\lks32mc03x_tmp.c 0x00000000   Number         0  lks32mc03x_tmp.o ABSOLUTE
    LKS32MC03x_Periph_Driver\\Source\\lks32mc03x_uart.c 0x00000000   Number         0  lks32mc03x_uart.o ABSOLUTE
    dc.s                                     0x00000000   Number         0  dc.o ABSOLUTE
    lks32mc03x_NVR.c                         0x00000000   Number         0  lks32mc03x_nvr.o ABSOLUTE
    protocol\\source\\protocol.c             0x00000000   Number         0  protocol.o ABSOLUTE
    protocol\source\protocol.c               0x00000000   Number         0  protocol.o ABSOLUTE
    !!!main                                  0x000000c0   Section        8  __main.o(!!!main)
    !!!scatter                               0x000000c8   Section       60  __scatter.o(!!!scatter)
    !!handler_copy                           0x00000104   Section       26  __scatter_copy.o(!!handler_copy)
    !!handler_zi                             0x00000120   Section       28  __scatter_zi.o(!!handler_zi)
    .ARM.Collect$$libinit$$00000000          0x0000013c   Section        2  libinit.o(.ARM.Collect$$libinit$$00000000)
    .ARM.Collect$$libinit$$00000002          0x0000013e   Section        0  libinit2.o(.ARM.Collect$$libinit$$00000002)
    .ARM.Collect$$libinit$$00000004          0x0000013e   Section        0  libinit2.o(.ARM.Collect$$libinit$$00000004)
    .ARM.Collect$$libinit$$0000000A          0x0000013e   Section        0  libinit2.o(.ARM.Collect$$libinit$$0000000A)
    .ARM.Collect$$libinit$$0000000C          0x0000013e   Section        0  libinit2.o(.ARM.Collect$$libinit$$0000000C)
    .ARM.Collect$$libinit$$0000000E          0x0000013e   Section        0  libinit2.o(.ARM.Collect$$libinit$$0000000E)
    .ARM.Collect$$libinit$$00000011          0x0000013e   Section        0  libinit2.o(.ARM.Collect$$libinit$$00000011)
    .ARM.Collect$$libinit$$00000013          0x0000013e   Section        0  libinit2.o(.ARM.Collect$$libinit$$00000013)
    .ARM.Collect$$libinit$$00000015          0x0000013e   Section        0  libinit2.o(.ARM.Collect$$libinit$$00000015)
    .ARM.Collect$$libinit$$00000017          0x0000013e   Section        0  libinit2.o(.ARM.Collect$$libinit$$00000017)
    .ARM.Collect$$libinit$$00000019          0x0000013e   Section        0  libinit2.o(.ARM.Collect$$libinit$$00000019)
    .ARM.Collect$$libinit$$0000001B          0x0000013e   Section        0  libinit2.o(.ARM.Collect$$libinit$$0000001B)
    .ARM.Collect$$libinit$$0000001D          0x0000013e   Section        0  libinit2.o(.ARM.Collect$$libinit$$0000001D)
    .ARM.Collect$$libinit$$0000001F          0x0000013e   Section        0  libinit2.o(.ARM.Collect$$libinit$$0000001F)
    .ARM.Collect$$libinit$$00000021          0x0000013e   Section        0  libinit2.o(.ARM.Collect$$libinit$$00000021)
    .ARM.Collect$$libinit$$00000023          0x0000013e   Section        0  libinit2.o(.ARM.Collect$$libinit$$00000023)
    .ARM.Collect$$libinit$$00000025          0x0000013e   Section        0  libinit2.o(.ARM.Collect$$libinit$$00000025)
    .ARM.Collect$$libinit$$0000002C          0x0000013e   Section        0  libinit2.o(.ARM.Collect$$libinit$$0000002C)
    .ARM.Collect$$libinit$$0000002E          0x0000013e   Section        0  libinit2.o(.ARM.Collect$$libinit$$0000002E)
    .ARM.Collect$$libinit$$00000030          0x0000013e   Section        0  libinit2.o(.ARM.Collect$$libinit$$00000030)
    .ARM.Collect$$libinit$$00000032          0x0000013e   Section        0  libinit2.o(.ARM.Collect$$libinit$$00000032)
    .ARM.Collect$$libinit$$00000033          0x0000013e   Section        2  libinit2.o(.ARM.Collect$$libinit$$00000033)
    .ARM.Collect$$libshutdown$$00000000      0x00000140   Section        2  libshutdown.o(.ARM.Collect$$libshutdown$$00000000)
    .ARM.Collect$$libshutdown$$00000002      0x00000142   Section        0  libshutdown2.o(.ARM.Collect$$libshutdown$$00000002)
    .ARM.Collect$$libshutdown$$00000004      0x00000142   Section        0  libshutdown2.o(.ARM.Collect$$libshutdown$$00000004)
    .ARM.Collect$$libshutdown$$00000006      0x00000142   Section        0  libshutdown2.o(.ARM.Collect$$libshutdown$$00000006)
    .ARM.Collect$$libshutdown$$00000009      0x00000142   Section        0  libshutdown2.o(.ARM.Collect$$libshutdown$$00000009)
    .ARM.Collect$$libshutdown$$0000000C      0x00000142   Section        0  libshutdown2.o(.ARM.Collect$$libshutdown$$0000000C)
    .ARM.Collect$$libshutdown$$0000000E      0x00000142   Section        0  libshutdown2.o(.ARM.Collect$$libshutdown$$0000000E)
    .ARM.Collect$$libshutdown$$00000011      0x00000142   Section        0  libshutdown2.o(.ARM.Collect$$libshutdown$$00000011)
    .ARM.Collect$$libshutdown$$00000012      0x00000142   Section        2  libshutdown2.o(.ARM.Collect$$libshutdown$$00000012)
    .ARM.Collect$$rtentry$$00000000          0x00000144   Section        0  __rtentry.o(.ARM.Collect$$rtentry$$00000000)
    .ARM.Collect$$rtentry$$00000002          0x00000144   Section        0  __rtentry2.o(.ARM.Collect$$rtentry$$00000002)
    .ARM.Collect$$rtentry$$00000004          0x00000144   Section        6  __rtentry4.o(.ARM.Collect$$rtentry$$00000004)
    .ARM.Collect$$rtentry$$00000009          0x0000014a   Section        0  __rtentry2.o(.ARM.Collect$$rtentry$$00000009)
    .ARM.Collect$$rtentry$$0000000A          0x0000014a   Section        4  __rtentry2.o(.ARM.Collect$$rtentry$$0000000A)
    .ARM.Collect$$rtentry$$0000000C          0x0000014e   Section        0  __rtentry2.o(.ARM.Collect$$rtentry$$0000000C)
    .ARM.Collect$$rtentry$$0000000D          0x0000014e   Section        8  __rtentry2.o(.ARM.Collect$$rtentry$$0000000D)
    .ARM.Collect$$rtexit$$00000000           0x00000156   Section        2  rtexit.o(.ARM.Collect$$rtexit$$00000000)
    .ARM.Collect$$rtexit$$00000002           0x00000158   Section        0  rtexit2.o(.ARM.Collect$$rtexit$$00000002)
    .ARM.Collect$$rtexit$$00000003           0x00000158   Section        4  rtexit2.o(.ARM.Collect$$rtexit$$00000003)
    .ARM.Collect$$rtexit$$00000004           0x0000015c   Section        6  rtexit2.o(.ARM.Collect$$rtexit$$00000004)
    .text                                    0x00000164   Section       68  startup_lks32mc03x.o(.text)
    .text                                    0x000001a8   Section        0  rt_memclr.o(.text)
    .text                                    0x000001e8   Section      488  aeabi_sdivfast.o(.text)
    .text                                    0x000003d0   Section        0  heapauxi.o(.text)
    .text                                    0x000003d6   Section       62  sys_stackheap_outer.o(.text)
    .text                                    0x00000414   Section        0  exit.o(.text)
    .text                                    0x00000424   Section        8  libspace.o(.text)
    .text                                    0x0000042c   Section        0  sys_exit.o(.text)
    .text                                    0x00000438   Section        2  use_no_semi.o(.text)
    .text                                    0x0000043a   Section        0  indicate_semi.o(.text)
    i.ADC_ClearIRQFlag                       0x0000043a   Section        0  lks32mc03x_adc.o(i.ADC_ClearIRQFlag)
    i.ADC_GetIRQFlag                         0x0000043e   Section        0  lks32mc03x_adc.o(i.ADC_GetIRQFlag)
    i.ADC_IRQHandler                         0x0000044c   Section        0  interrupt.o(i.ADC_IRQHandler)
    i.ADC_Init                               0x00000470   Section        0  lks32mc03x_adc.o(i.ADC_Init)
    i.ADC_StructInit                         0x00000548   Section        0  lks32mc03x_adc.o(i.ADC_StructInit)
    i.BLDC_HighSpeedTask                     0x00000570   Section        0  bldcdriver.o(i.BLDC_HighSpeedTask)
    i.BLDC_LowSpeedTask                      0x00000734   Section        0  bldcdriver.o(i.BLDC_LowSpeedTask)
    i.BLDC_PWM_UH_VL                         0x00000a80   Section        0  bldcdriver.o(i.BLDC_PWM_UH_VL)
    BLDC_PWM_UH_VL                           0x00000a81   Thumb Code    62  bldcdriver.o(i.BLDC_PWM_UH_VL)
    i.BLDC_PWM_UH_WL                         0x00000ad8   Section        0  bldcdriver.o(i.BLDC_PWM_UH_WL)
    BLDC_PWM_UH_WL                           0x00000ad9   Thumb Code    62  bldcdriver.o(i.BLDC_PWM_UH_WL)
    i.BLDC_PWM_VH_UL                         0x00000b30   Section        0  bldcdriver.o(i.BLDC_PWM_VH_UL)
    BLDC_PWM_VH_UL                           0x00000b31   Thumb Code    62  bldcdriver.o(i.BLDC_PWM_VH_UL)
    i.BLDC_PWM_VH_WL                         0x00000b88   Section        0  bldcdriver.o(i.BLDC_PWM_VH_WL)
    BLDC_PWM_VH_WL                           0x00000b89   Thumb Code    64  bldcdriver.o(i.BLDC_PWM_VH_WL)
    i.BLDC_PWM_WH_UL                         0x00000be0   Section        0  bldcdriver.o(i.BLDC_PWM_WH_UL)
    BLDC_PWM_WH_UL                           0x00000be1   Thumb Code    62  bldcdriver.o(i.BLDC_PWM_WH_UL)
    i.BLDC_PWM_WH_VL                         0x00000c38   Section        0  bldcdriver.o(i.BLDC_PWM_WH_VL)
    BLDC_PWM_WH_VL                           0x00000c39   Thumb Code    64  bldcdriver.o(i.BLDC_PWM_WH_VL)
    i.BLDC_ZeroCrossCompTask                 0x00000c90   Section        0  bldcdriver.o(i.BLDC_ZeroCrossCompTask)
    i.CMP_IRQHandler                         0x00000d5c   Section        0  interrupt.o(i.CMP_IRQHandler)
    i.CMP_Init                               0x00000d78   Section        0  lks32mc03x_cmp.o(i.CMP_Init)
    i.CMP_StructInit                         0x00000ea0   Section        0  lks32mc03x_cmp.o(i.CMP_StructInit)
    i.DAC_Init                               0x00000eec   Section        0  lks32mc03x_dac.o(i.DAC_Init)
    i.DAC_OutputVoltage                      0x00000f94   Section        0  lks32mc03x_dac.o(i.DAC_OutputVoltage)
    i.DAC_StructInit                         0x00000fe8   Section        0  lks32mc03x_dac.o(i.DAC_StructInit)
    i.DMA_ClearIRQFlag                       0x00000ff4   Section        0  lks32mc03x_dma.o(i.DMA_ClearIRQFlag)
    i.DMA_IRQHandler                         0x00001000   Section        0  interrupt.o(i.DMA_IRQHandler)
    i.DMA_Init                               0x00001058   Section        0  lks32mc03x_dma.o(i.DMA_Init)
    i.DMA_StructInit                         0x000010d8   Section        0  lks32mc03x_dma.o(i.DMA_StructInit)
    i.DSP_Cmd                                0x000010e6   Section        0  lks32mc03x_dsp.o(i.DSP_Cmd)
    i.GPIO_IRQHandler                        0x000010f4   Section        0  interrupt.o(i.GPIO_IRQHandler)
    i.GPIO_Init                              0x000010f6   Section        0  lks32mc03x_gpio.o(i.GPIO_Init)
    i.GPIO_PinAFConfig                       0x00001188   Section        0  lks32mc03x_gpio.o(i.GPIO_PinAFConfig)
    i.GPIO_SetBits                           0x00001284   Section        0  lks32mc03x_gpio.o(i.GPIO_SetBits)
    i.GPIO_StructInit                        0x00001288   Section        0  lks32mc03x_gpio.o(i.GPIO_StructInit)
    i.GPIO_init                              0x00001294   Section        0  hardware_init.o(i.GPIO_init)
    i.HALL_IRQHandler                        0x00001344   Section        0  interrupt.o(i.HALL_IRQHandler)
    i.HALL_Init                              0x000013d4   Section        0  lks32mc03x_hall.o(i.HALL_Init)
    i.HALL_StructInit                        0x00001424   Section        0  lks32mc03x_hall.o(i.HALL_StructInit)
    i.Hardware_init                          0x00001448   Section        0  hardware_init.o(i.Hardware_init)
    i.I2C_IRQHandler                         0x000015ec   Section        0  interrupt.o(i.I2C_IRQHandler)
    i.IWDG_DISABLE                           0x000015f0   Section        0  lks32mc03x_iwdg.o(i.IWDG_DISABLE)
    i.MCPWM0_IRQHandler                      0x00001600   Section        0  interrupt.o(i.MCPWM0_IRQHandler)
    i.MCPWM1_IRQHandler                      0x00001630   Section        0  interrupt.o(i.MCPWM1_IRQHandler)
    i.MCPWM_Init                             0x00001634   Section        0  lks32mc03x_mcpwm.o(i.MCPWM_Init)
    i.MCPWM_StructInit                       0x0000190c   Section        0  lks32mc03x_mcpwm.o(i.MCPWM_StructInit)
    i.MCPWM_SwapFunction                     0x00001918   Section        0  lks32mc03x_mcpwm.o(i.MCPWM_SwapFunction)
    i.MCPWM_Update                           0x00001934   Section        0  lks32mc03x_mcpwm.o(i.MCPWM_Update)
    i.MCPWM_init                             0x0000195c   Section        0  hardware_init.o(i.MCPWM_init)
    i.OPA_Init                               0x00001a30   Section        0  lks32mc03x_opa.o(i.OPA_Init)
    i.OPA_OUT                                0x00001a6c   Section        0  lks32mc03x_opa.o(i.OPA_OUT)
    i.OPA_StructInit                         0x00001a9c   Section        0  lks32mc03x_opa.o(i.OPA_StructInit)
    i.PWMOutputs                             0x00001aa8   Section        0  lks32mc03x_mcpwm.o(i.PWMOutputs)
    i.Read_Trim                              0x00001ad4   Section        0  lks32mc03x_nvr.o(i.Read_Trim)
    i.SPI_IRQHandler                         0x00001b34   Section        0  interrupt.o(i.SPI_IRQHandler)
    i.SW_IRQHandler                          0x00001b36   Section        0  interrupt.o(i.SW_IRQHandler)
    i.SYS_AnalogModuleClockCmd               0x00001b38   Section        0  lks32mc03x_sys.o(i.SYS_AnalogModuleClockCmd)
    i.SYS_ModuleClockCmd                     0x00001b7c   Section        0  lks32mc03x_sys.o(i.SYS_ModuleClockCmd)
    i.SYS_VolSelModule                       0x00001ba0   Section        0  lks32mc03x_sys.o(i.SYS_VolSelModule)
    i.SysTick_Handler                        0x00001be6   Section        0  interrupt.o(i.SysTick_Handler)
    i.SystemInit                             0x00001be8   Section        0  hardware_init.o(i.SystemInit)
    i.TIMER0_IRQHandler                      0x00001c24   Section        0  interrupt.o(i.TIMER0_IRQHandler)
    i.TIMER1_IRQHandler                      0x00001c28   Section        0  interrupt.o(i.TIMER1_IRQHandler)
    i.TIM_ClearIRQFlag                       0x00001c68   Section        0  lks32mc03x_timer.o(i.TIM_ClearIRQFlag)
    i.TIM_TimerCmd                           0x00001c84   Section        0  lks32mc03x_timer.o(i.TIM_TimerCmd)
    i.TIM_TimerInit                          0x00001c9c   Section        0  lks32mc03x_timer.o(i.TIM_TimerInit)
    i.TIM_TimerStrutInit                     0x00001d54   Section        0  lks32mc03x_timer.o(i.TIM_TimerStrutInit)
    i.TempSensor_Init                        0x00001d88   Section        0  lks32mc03x_tmp.o(i.TempSensor_Init)
    i.UART_IRQHandler                        0x00001dc0   Section        0  interrupt.o(i.UART_IRQHandler)
    i.UTimer_init                            0x00001dc4   Section        0  hardware_init.o(i.UTimer_init)
    i.WAKE_IRQHandler                        0x00001e84   Section        0  interrupt.o(i.WAKE_IRQHandler)
    i.delay_init                             0x00001e88   Section        0  delay.o(i.delay_init)
    i.delay_us                               0x00001eac   Section        0  delay.o(i.delay_us)
    i.main                                   0x00001ed8   Section        0  main.o(i.main)
    i.protocol_PollingTask                   0x00001f24   Section        0  protocol.o(i.protocol_PollingTask)
    i.sG150AnalysisFunction                  0x00001f9c   Section        0  protocol.o(i.sG150AnalysisFunction)
    sG150AnalysisFunction                    0x00001f9d   Thumb Code    88  protocol.o(i.sG150AnalysisFunction)
    i.sG300AnalysisFunction                  0x00001ffc   Section        0  protocol.o(i.sG300AnalysisFunction)
    sG300AnalysisFunction                    0x00001ffd   Thumb Code    88  protocol.o(i.sG300AnalysisFunction)
    i.sG600AnalysisFunction                  0x0000205c   Section        0  protocol.o(i.sG600AnalysisFunction)
    sG600AnalysisFunction                    0x0000205d   Thumb Code    88  protocol.o(i.sG600AnalysisFunction)
    .data                                    0x20000000   Section        8  delay.o(.data)
    fac_us                                   0x20000000   Data           4  delay.o(.data)
    fac_ms                                   0x20000004   Data           4  delay.o(.data)
    .data                                    0x20000008   Section        6  lks32mc03x_dac.o(.data)
    .data                                    0x2000000e   Section        4  lks32mc03x_tmp.o(.data)
    .data                                    0x20000014   Section       60  bldcdriver.o(.data)
    status                                   0x20000014   Data           1  bldcdriver.o(.data)
    timeCnt                                  0x20000016   Data           2  bldcdriver.o(.data)
    busErrorCnt                              0x20000018   Data           2  bldcdriver.o(.data)
    tempErrorCnt                             0x2000001a   Data           2  bldcdriver.o(.data)
    busCurrentOffset                         0x2000001c   Data           4  bldcdriver.o(.data)
    BLDC_SwitchTableCW                       0x20000020   Data          24  bldcdriver.o(.data)
    BLDC_SwitchTableCCW                      0x20000038   Data          24  bldcdriver.o(.data)
    .data                                    0x20000050   Section       12  protocol.o(.data)
    .bss                                     0x2000005c   Section       76  bldcdriver.o(.bss)
    BLDC_SwitchTable                         0x2000005c   Data          24  bldcdriver.o(.bss)
    .bss                                     0x200000a8   Section       78  protocol.o(.bss)
    .bss                                     0x200000f8   Section       96  libspace.o(.bss)
    HEAP                                     0x20000158   Section      512  startup_lks32mc03x.o(HEAP)
    Heap_Mem                                 0x20000158   Data         512  startup_lks32mc03x.o(HEAP)
    STACK                                    0x20000358   Section     1024  startup_lks32mc03x.o(STACK)
    Stack_Mem                                0x20000358   Data        1024  startup_lks32mc03x.o(STACK)
    __initial_sp                             0x20000758   Data           0  startup_lks32mc03x.o(STACK)

    Global Symbols

    Symbol Name                              Value     Ov Type        Size  Object(Section)

    BuildAttributes$$THM_ISAv3M$S$PE$A:L22$X:L11$S22$IEEE1$IW$USESV6$~STKCKD$USESV7$~SHL$OTIME$ROPI$EBA8$UX$STANDARDLIB$REQ8$PRES8$EABIv2 0x00000000   Number         0  anon$$obj.o ABSOLUTE
    __ARM_use_no_argv                        0x00000000   Number         0  main.o ABSOLUTE
    __Vectors                                0x00000000   Data           4  startup_lks32mc03x.o(RESET)
    __ARM_exceptions_init                     - Undefined Weak Reference
    __alloca_initialize                       - Undefined Weak Reference
    __arm_fini_                               - Undefined Weak Reference
    __arm_preinit_                            - Undefined Weak Reference
    __cpp_initialize__aeabi_                  - Undefined Weak Reference
    __cxa_finalize                            - Undefined Weak Reference
    __rt_locale                               - Undefined Weak Reference
    __sigvec_lookup                           - Undefined Weak Reference
    _atexit_init                              - Undefined Weak Reference
    _call_atexit_fns                          - Undefined Weak Reference
    _clock_init                               - Undefined Weak Reference
    _fp_trap_init                             - Undefined Weak Reference
    _fp_trap_shutdown                         - Undefined Weak Reference
    _get_lc_collate                           - Undefined Weak Reference
    _get_lc_ctype                             - Undefined Weak Reference
    _get_lc_monetary                          - Undefined Weak Reference
    _get_lc_numeric                           - Undefined Weak Reference
    _get_lc_time                              - Undefined Weak Reference
    _getenv_init                              - Undefined Weak Reference
    _handle_redirection                       - Undefined Weak Reference
    _init_alloc                               - Undefined Weak Reference
    _init_user_alloc                          - Undefined Weak Reference
    _initio                                   - Undefined Weak Reference
    _rand_init                                - Undefined Weak Reference
    _signal_finish                            - Undefined Weak Reference
    _signal_init                              - Undefined Weak Reference
    _terminate_alloc                          - Undefined Weak Reference
    _terminate_user_alloc                     - Undefined Weak Reference
    _terminateio                              - Undefined Weak Reference
    __Vectors_End                            0x000000c0   Data           0  startup_lks32mc03x.o(RESET)
    __Vectors_Size                           0x000000c0   Number         0  startup_lks32mc03x.o ABSOLUTE
    __main                                   0x000000c1   Thumb Code     8  __main.o(!!!main)
    __scatterload                            0x000000c9   Thumb Code     0  __scatter.o(!!!scatter)
    __scatterload_rt2                        0x000000c9   Thumb Code    52  __scatter.o(!!!scatter)
    __scatterload_rt2_thumb_only             0x000000c9   Thumb Code     0  __scatter.o(!!!scatter)
    __scatterload_null                       0x000000d9   Thumb Code     0  __scatter.o(!!!scatter)
    __scatterload_copy                       0x00000105   Thumb Code    26  __scatter_copy.o(!!handler_copy)
    __scatterload_zeroinit                   0x00000121   Thumb Code    28  __scatter_zi.o(!!handler_zi)
    __rt_lib_init                            0x0000013d   Thumb Code     0  libinit.o(.ARM.Collect$$libinit$$00000000)
    __rt_lib_init_alloca_1                   0x0000013f   Thumb Code     0  libinit2.o(.ARM.Collect$$libinit$$0000002E)
    __rt_lib_init_argv_1                     0x0000013f   Thumb Code     0  libinit2.o(.ARM.Collect$$libinit$$0000002C)
    __rt_lib_init_atexit_1                   0x0000013f   Thumb Code     0  libinit2.o(.ARM.Collect$$libinit$$0000001B)
    __rt_lib_init_clock_1                    0x0000013f   Thumb Code     0  libinit2.o(.ARM.Collect$$libinit$$00000021)
    __rt_lib_init_cpp_1                      0x0000013f   Thumb Code     0  libinit2.o(.ARM.Collect$$libinit$$00000032)
    __rt_lib_init_exceptions_1               0x0000013f   Thumb Code     0  libinit2.o(.ARM.Collect$$libinit$$00000030)
    __rt_lib_init_fp_1                       0x0000013f   Thumb Code     0  libinit2.o(.ARM.Collect$$libinit$$00000002)
    __rt_lib_init_fp_trap_1                  0x0000013f   Thumb Code     0  libinit2.o(.ARM.Collect$$libinit$$0000001F)
    __rt_lib_init_getenv_1                   0x0000013f   Thumb Code     0  libinit2.o(.ARM.Collect$$libinit$$00000023)
    __rt_lib_init_heap_1                     0x0000013f   Thumb Code     0  libinit2.o(.ARM.Collect$$libinit$$0000000A)
    __rt_lib_init_lc_collate_1               0x0000013f   Thumb Code     0  libinit2.o(.ARM.Collect$$libinit$$00000011)
    __rt_lib_init_lc_ctype_1                 0x0000013f   Thumb Code     0  libinit2.o(.ARM.Collect$$libinit$$00000013)
    __rt_lib_init_lc_monetary_1              0x0000013f   Thumb Code     0  libinit2.o(.ARM.Collect$$libinit$$00000015)
    __rt_lib_init_lc_numeric_1               0x0000013f   Thumb Code     0  libinit2.o(.ARM.Collect$$libinit$$00000017)
    __rt_lib_init_lc_time_1                  0x0000013f   Thumb Code     0  libinit2.o(.ARM.Collect$$libinit$$00000019)
    __rt_lib_init_preinit_1                  0x0000013f   Thumb Code     0  libinit2.o(.ARM.Collect$$libinit$$00000004)
    __rt_lib_init_rand_1                     0x0000013f   Thumb Code     0  libinit2.o(.ARM.Collect$$libinit$$0000000E)
    __rt_lib_init_return                     0x0000013f   Thumb Code     0  libinit2.o(.ARM.Collect$$libinit$$00000033)
    __rt_lib_init_signal_1                   0x0000013f   Thumb Code     0  libinit2.o(.ARM.Collect$$libinit$$0000001D)
    __rt_lib_init_stdio_1                    0x0000013f   Thumb Code     0  libinit2.o(.ARM.Collect$$libinit$$00000025)
    __rt_lib_init_user_alloc_1               0x0000013f   Thumb Code     0  libinit2.o(.ARM.Collect$$libinit$$0000000C)
    __rt_lib_shutdown                        0x00000141   Thumb Code     0  libshutdown.o(.ARM.Collect$$libshutdown$$00000000)
    __rt_lib_shutdown_cpp_1                  0x00000143   Thumb Code     0  libshutdown2.o(.ARM.Collect$$libshutdown$$00000004)
    __rt_lib_shutdown_fini_1                 0x00000143   Thumb Code     0  libshutdown2.o(.ARM.Collect$$libshutdown$$00000002)
    __rt_lib_shutdown_fp_trap_1              0x00000143   Thumb Code     0  libshutdown2.o(.ARM.Collect$$libshutdown$$00000009)
    __rt_lib_shutdown_heap_1                 0x00000143   Thumb Code     0  libshutdown2.o(.ARM.Collect$$libshutdown$$00000011)
    __rt_lib_shutdown_return                 0x00000143   Thumb Code     0  libshutdown2.o(.ARM.Collect$$libshutdown$$00000012)
    __rt_lib_shutdown_signal_1               0x00000143   Thumb Code     0  libshutdown2.o(.ARM.Collect$$libshutdown$$0000000C)
    __rt_lib_shutdown_stdio_1                0x00000143   Thumb Code     0  libshutdown2.o(.ARM.Collect$$libshutdown$$00000006)
    __rt_lib_shutdown_user_alloc_1           0x00000143   Thumb Code     0  libshutdown2.o(.ARM.Collect$$libshutdown$$0000000E)
    __rt_entry                               0x00000145   Thumb Code     0  __rtentry.o(.ARM.Collect$$rtentry$$00000000)
    __rt_entry_presh_1                       0x00000145   Thumb Code     0  __rtentry2.o(.ARM.Collect$$rtentry$$00000002)
    __rt_entry_sh                            0x00000145   Thumb Code     0  __rtentry4.o(.ARM.Collect$$rtentry$$00000004)
    __rt_entry_li                            0x0000014b   Thumb Code     0  __rtentry2.o(.ARM.Collect$$rtentry$$0000000A)
    __rt_entry_postsh_1                      0x0000014b   Thumb Code     0  __rtentry2.o(.ARM.Collect$$rtentry$$00000009)
    __rt_entry_main                          0x0000014f   Thumb Code     0  __rtentry2.o(.ARM.Collect$$rtentry$$0000000D)
    __rt_entry_postli_1                      0x0000014f   Thumb Code     0  __rtentry2.o(.ARM.Collect$$rtentry$$0000000C)
    __rt_exit                                0x00000157   Thumb Code     0  rtexit.o(.ARM.Collect$$rtexit$$00000000)
    __rt_exit_ls                             0x00000159   Thumb Code     0  rtexit2.o(.ARM.Collect$$rtexit$$00000003)
    __rt_exit_prels_1                        0x00000159   Thumb Code     0  rtexit2.o(.ARM.Collect$$rtexit$$00000002)
    __rt_exit_exit                           0x0000015d   Thumb Code     0  rtexit2.o(.ARM.Collect$$rtexit$$00000004)
    Reset_Handler                            0x00000165   Thumb Code    14  startup_lks32mc03x.o(.text)
    NMI_Handler                              0x00000173   Thumb Code     2  startup_lks32mc03x.o(.text)
    HardFault_Handler                        0x00000175   Thumb Code     2  startup_lks32mc03x.o(.text)
    SVC_Handler                              0x00000177   Thumb Code     2  startup_lks32mc03x.o(.text)
    PendSV_Handler                           0x00000179   Thumb Code     2  startup_lks32mc03x.o(.text)
    __user_initial_stackheap                 0x00000181   Thumb Code     0  startup_lks32mc03x.o(.text)
    _memset_w                                0x000001a9   Thumb Code    26  rt_memclr.o(.text)
    _memset                                  0x000001c3   Thumb Code    30  rt_memclr.o(.text)
    __aeabi_memclr                           0x000001e1   Thumb Code     4  rt_memclr.o(.text)
    __rt_memclr                              0x000001e1   Thumb Code     0  rt_memclr.o(.text)
    __aeabi_memclr4                          0x000001e5   Thumb Code     0  rt_memclr.o(.text)
    __aeabi_memclr8                          0x000001e5   Thumb Code     0  rt_memclr.o(.text)
    __rt_memclr_w                            0x000001e5   Thumb Code     4  rt_memclr.o(.text)
    __aeabi_uidiv                            0x000001e9   Thumb Code     0  aeabi_sdivfast.o(.text)
    __aeabi_uidivmod                         0x000001e9   Thumb Code    28  aeabi_sdivfast.o(.text)
    __aeabi_idiv                             0x00000205   Thumb Code     0  aeabi_sdivfast.o(.text)
    __aeabi_idivmod                          0x00000205   Thumb Code   460  aeabi_sdivfast.o(.text)
    __use_two_region_memory                  0x000003d1   Thumb Code     2  heapauxi.o(.text)
    __rt_heap_escrow$2region                 0x000003d3   Thumb Code     2  heapauxi.o(.text)
    __rt_heap_expand$2region                 0x000003d5   Thumb Code     2  heapauxi.o(.text)
    __user_setup_stackheap                   0x000003d7   Thumb Code    62  sys_stackheap_outer.o(.text)
    exit                                     0x00000415   Thumb Code    16  exit.o(.text)
    __user_libspace                          0x00000425   Thumb Code     8  libspace.o(.text)
    __user_perproc_libspace                  0x00000425   Thumb Code     0  libspace.o(.text)
    __user_perthread_libspace                0x00000425   Thumb Code     0  libspace.o(.text)
    _sys_exit                                0x0000042d   Thumb Code     8  sys_exit.o(.text)
    __I$use$semihosting                      0x00000439   Thumb Code     0  use_no_semi.o(.text)
    __use_no_semihosting_swi                 0x00000439   Thumb Code     2  use_no_semi.o(.text)
    ADC_ClearIRQFlag                         0x0000043b   Thumb Code     4  lks32mc03x_adc.o(i.ADC_ClearIRQFlag)
    __semihosting_library_function           0x0000043b   Thumb Code     0  indicate_semi.o(.text)
    ADC_GetIRQFlag                           0x0000043f   Thumb Code    14  lks32mc03x_adc.o(i.ADC_GetIRQFlag)
    ADC_IRQHandler                           0x0000044d   Thumb Code    30  interrupt.o(i.ADC_IRQHandler)
    ADC_Init                                 0x00000471   Thumb Code   198  lks32mc03x_adc.o(i.ADC_Init)
    ADC_StructInit                           0x00000549   Thumb Code    38  lks32mc03x_adc.o(i.ADC_StructInit)
    BLDC_HighSpeedTask                       0x00000571   Thumb Code   408  bldcdriver.o(i.BLDC_HighSpeedTask)
    BLDC_LowSpeedTask                        0x00000735   Thumb Code   766  bldcdriver.o(i.BLDC_LowSpeedTask)
    BLDC_ZeroCrossCompTask                   0x00000c91   Thumb Code   174  bldcdriver.o(i.BLDC_ZeroCrossCompTask)
    CMP_IRQHandler                           0x00000d5d   Thumb Code    22  interrupt.o(i.CMP_IRQHandler)
    CMP_Init                                 0x00000d79   Thumb Code   280  lks32mc03x_cmp.o(i.CMP_Init)
    CMP_StructInit                           0x00000ea1   Thumb Code    76  lks32mc03x_cmp.o(i.CMP_StructInit)
    DAC_Init                                 0x00000eed   Thumb Code   150  lks32mc03x_dac.o(i.DAC_Init)
    DAC_OutputVoltage                        0x00000f95   Thumb Code    78  lks32mc03x_dac.o(i.DAC_OutputVoltage)
    DAC_StructInit                           0x00000fe9   Thumb Code    10  lks32mc03x_dac.o(i.DAC_StructInit)
    DMA_ClearIRQFlag                         0x00000ff5   Thumb Code     6  lks32mc03x_dma.o(i.DMA_ClearIRQFlag)
    DMA_IRQHandler                           0x00001001   Thumb Code    70  interrupt.o(i.DMA_IRQHandler)
    DMA_Init                                 0x00001059   Thumb Code   120  lks32mc03x_dma.o(i.DMA_Init)
    DMA_StructInit                           0x000010d9   Thumb Code    14  lks32mc03x_dma.o(i.DMA_StructInit)
    DSP_Cmd                                  0x000010e7   Thumb Code    14  lks32mc03x_dsp.o(i.DSP_Cmd)
    GPIO_IRQHandler                          0x000010f5   Thumb Code     2  interrupt.o(i.GPIO_IRQHandler)
    GPIO_Init                                0x000010f7   Thumb Code   144  lks32mc03x_gpio.o(i.GPIO_Init)
    GPIO_PinAFConfig                         0x00001189   Thumb Code   238  lks32mc03x_gpio.o(i.GPIO_PinAFConfig)
    GPIO_SetBits                             0x00001285   Thumb Code     4  lks32mc03x_gpio.o(i.GPIO_SetBits)
    GPIO_StructInit                          0x00001289   Thumb Code    12  lks32mc03x_gpio.o(i.GPIO_StructInit)
    GPIO_init                                0x00001295   Thumb Code   166  hardware_init.o(i.GPIO_init)
    HALL_IRQHandler                          0x00001345   Thumb Code   108  interrupt.o(i.HALL_IRQHandler)
    HALL_Init                                0x000013d5   Thumb Code    76  lks32mc03x_hall.o(i.HALL_Init)
    HALL_StructInit                          0x00001425   Thumb Code    32  lks32mc03x_hall.o(i.HALL_StructInit)
    Hardware_init                            0x00001449   Thumb Code   384  hardware_init.o(i.Hardware_init)
    I2C_IRQHandler                           0x000015ed   Thumb Code     2  interrupt.o(i.I2C_IRQHandler)
    IWDG_DISABLE                             0x000015f1   Thumb Code    10  lks32mc03x_iwdg.o(i.IWDG_DISABLE)
    MCPWM0_IRQHandler                        0x00001601   Thumb Code    40  interrupt.o(i.MCPWM0_IRQHandler)
    MCPWM1_IRQHandler                        0x00001631   Thumb Code     2  interrupt.o(i.MCPWM1_IRQHandler)
    MCPWM_Init                               0x00001635   Thumb Code   716  lks32mc03x_mcpwm.o(i.MCPWM_Init)
    MCPWM_StructInit                         0x0000190d   Thumb Code    10  lks32mc03x_mcpwm.o(i.MCPWM_StructInit)
    MCPWM_SwapFunction                       0x00001919   Thumb Code    16  lks32mc03x_mcpwm.o(i.MCPWM_SwapFunction)
    MCPWM_Update                             0x00001935   Thumb Code    36  lks32mc03x_mcpwm.o(i.MCPWM_Update)
    MCPWM_init                               0x0000195d   Thumb Code   198  hardware_init.o(i.MCPWM_init)
    OPA_Init                                 0x00001a31   Thumb Code    46  lks32mc03x_opa.o(i.OPA_Init)
    OPA_OUT                                  0x00001a6d   Thumb Code    40  lks32mc03x_opa.o(i.OPA_OUT)
    OPA_StructInit                           0x00001a9d   Thumb Code    12  lks32mc03x_opa.o(i.OPA_StructInit)
    PWMOutputs                               0x00001aa9   Thumb Code    30  lks32mc03x_mcpwm.o(i.PWMOutputs)
    Read_Trim                                0x00001ad5   Thumb Code    90  lks32mc03x_nvr.o(i.Read_Trim)
    SPI_IRQHandler                           0x00001b35   Thumb Code     2  interrupt.o(i.SPI_IRQHandler)
    SW_IRQHandler                            0x00001b37   Thumb Code     2  interrupt.o(i.SW_IRQHandler)
    SYS_AnalogModuleClockCmd                 0x00001b39   Thumb Code    60  lks32mc03x_sys.o(i.SYS_AnalogModuleClockCmd)
    SYS_ModuleClockCmd                       0x00001b7d   Thumb Code    26  lks32mc03x_sys.o(i.SYS_ModuleClockCmd)
    SYS_VolSelModule                         0x00001ba1   Thumb Code    70  lks32mc03x_sys.o(i.SYS_VolSelModule)
    SysTick_Handler                          0x00001be7   Thumb Code     2  interrupt.o(i.SysTick_Handler)
    SystemInit                               0x00001be9   Thumb Code    46  hardware_init.o(i.SystemInit)
    TIMER0_IRQHandler                        0x00001c25   Thumb Code     2  interrupt.o(i.TIMER0_IRQHandler)
    TIMER1_IRQHandler                        0x00001c29   Thumb Code    50  interrupt.o(i.TIMER1_IRQHandler)
    TIM_ClearIRQFlag                         0x00001c69   Thumb Code    20  lks32mc03x_timer.o(i.TIM_ClearIRQFlag)
    TIM_TimerCmd                             0x00001c85   Thumb Code    22  lks32mc03x_timer.o(i.TIM_TimerCmd)
    TIM_TimerInit                            0x00001c9d   Thumb Code   176  lks32mc03x_timer.o(i.TIM_TimerInit)
    TIM_TimerStrutInit                       0x00001d55   Thumb Code    52  lks32mc03x_timer.o(i.TIM_TimerStrutInit)
    TempSensor_Init                          0x00001d89   Thumb Code    42  lks32mc03x_tmp.o(i.TempSensor_Init)
    UART_IRQHandler                          0x00001dc1   Thumb Code     2  interrupt.o(i.UART_IRQHandler)
    UTimer_init                              0x00001dc5   Thumb Code   158  hardware_init.o(i.UTimer_init)
    WAKE_IRQHandler                          0x00001e85   Thumb Code     2  interrupt.o(i.WAKE_IRQHandler)
    delay_init                               0x00001e89   Thumb Code    28  delay.o(i.delay_init)
    delay_us                                 0x00001ead   Thumb Code    34  delay.o(i.delay_us)
    main                                     0x00001ed9   Thumb Code    58  main.o(i.main)
    protocol_PollingTask                     0x00001f25   Thumb Code   114  protocol.o(i.protocol_PollingTask)
    Region$$Table$$Base                      0x000020bc   Number         0  anon$$obj.o(Region$$Table)
    Region$$Table$$Limit                     0x000020dc   Number         0  anon$$obj.o(Region$$Table)
    Stru_DAC_CHECK                           0x20000008   Data           6  lks32mc03x_dac.o(.data)
    m_TempertureCof                          0x2000000e   Data           4  lks32mc03x_tmp.o(.data)
    protocolAnalysisFunc                     0x20000050   Data          12  protocol.o(.data)
    bldcSysHandler                           0x20000074   Data          52  bldcdriver.o(.bss)
    protocolHandler                          0x200000a8   Data          78  protocol.o(.bss)
    __libspace_start                         0x200000f8   Data          96  libspace.o(.bss)
    __temporary_stack_top$libspace           0x20000158   Data           0  libspace.o(.bss)



==============================================================================

Memory Map of the image

  Image Entry point : 0x000000c1

  Load Region LR_IROM1 (Base: 0x00000000, Size: 0x00002138, Max: 0x00008000, ABSOLUTE)

    Execution Region ER_IROM1 (Exec base: 0x00000000, Load base: 0x00000000, Size: 0x000020dc, Max: 0x00008000, ABSOLUTE)

    Exec Addr    Load Addr    Size         Type   Attr      Idx    E Section Name        Object

    0x00000000   0x00000000   0x000000c0   Data   RO         1402    RESET               startup_lks32mc03x.o
    0x000000c0   0x000000c0   0x00000008   Code   RO         1580  * !!!main             c_p.l(__main.o)
    0x000000c8   0x000000c8   0x0000003c   Code   RO         1757    !!!scatter          c_p.l(__scatter.o)
    0x00000104   0x00000104   0x0000001a   Code   RO         1759    !!handler_copy      c_p.l(__scatter_copy.o)
    0x0000011e   0x0000011e   0x00000002   PAD
    0x00000120   0x00000120   0x0000001c   Code   RO         1761    !!handler_zi        c_p.l(__scatter_zi.o)
    0x0000013c   0x0000013c   0x00000002   Code   RO         1624    .ARM.Collect$$libinit$$00000000  c_p.l(libinit.o)
    0x0000013e   0x0000013e   0x00000000   Code   RO         1638    .ARM.Collect$$libinit$$00000002  c_p.l(libinit2.o)
    0x0000013e   0x0000013e   0x00000000   Code   RO         1640    .ARM.Collect$$libinit$$00000004  c_p.l(libinit2.o)
    0x0000013e   0x0000013e   0x00000000   Code   RO         1643    .ARM.Collect$$libinit$$0000000A  c_p.l(libinit2.o)
    0x0000013e   0x0000013e   0x00000000   Code   RO         1645    .ARM.Collect$$libinit$$0000000C  c_p.l(libinit2.o)
    0x0000013e   0x0000013e   0x00000000   Code   RO         1647    .ARM.Collect$$libinit$$0000000E  c_p.l(libinit2.o)
    0x0000013e   0x0000013e   0x00000000   Code   RO         1650    .ARM.Collect$$libinit$$00000011  c_p.l(libinit2.o)
    0x0000013e   0x0000013e   0x00000000   Code   RO         1652    .ARM.Collect$$libinit$$00000013  c_p.l(libinit2.o)
    0x0000013e   0x0000013e   0x00000000   Code   RO         1654    .ARM.Collect$$libinit$$00000015  c_p.l(libinit2.o)
    0x0000013e   0x0000013e   0x00000000   Code   RO         1656    .ARM.Collect$$libinit$$00000017  c_p.l(libinit2.o)
    0x0000013e   0x0000013e   0x00000000   Code   RO         1658    .ARM.Collect$$libinit$$00000019  c_p.l(libinit2.o)
    0x0000013e   0x0000013e   0x00000000   Code   RO         1660    .ARM.Collect$$libinit$$0000001B  c_p.l(libinit2.o)
    0x0000013e   0x0000013e   0x00000000   Code   RO         1662    .ARM.Collect$$libinit$$0000001D  c_p.l(libinit2.o)
    0x0000013e   0x0000013e   0x00000000   Code   RO         1664    .ARM.Collect$$libinit$$0000001F  c_p.l(libinit2.o)
    0x0000013e   0x0000013e   0x00000000   Code   RO         1666    .ARM.Collect$$libinit$$00000021  c_p.l(libinit2.o)
    0x0000013e   0x0000013e   0x00000000   Code   RO         1668    .ARM.Collect$$libinit$$00000023  c_p.l(libinit2.o)
    0x0000013e   0x0000013e   0x00000000   Code   RO         1670    .ARM.Collect$$libinit$$00000025  c_p.l(libinit2.o)
    0x0000013e   0x0000013e   0x00000000   Code   RO         1674    .ARM.Collect$$libinit$$0000002C  c_p.l(libinit2.o)
    0x0000013e   0x0000013e   0x00000000   Code   RO         1676    .ARM.Collect$$libinit$$0000002E  c_p.l(libinit2.o)
    0x0000013e   0x0000013e   0x00000000   Code   RO         1678    .ARM.Collect$$libinit$$00000030  c_p.l(libinit2.o)
    0x0000013e   0x0000013e   0x00000000   Code   RO         1680    .ARM.Collect$$libinit$$00000032  c_p.l(libinit2.o)
    0x0000013e   0x0000013e   0x00000002   Code   RO         1681    .ARM.Collect$$libinit$$00000033  c_p.l(libinit2.o)
    0x00000140   0x00000140   0x00000002   Code   RO         1712    .ARM.Collect$$libshutdown$$00000000  c_p.l(libshutdown.o)
    0x00000142   0x00000142   0x00000000   Code   RO         1738    .ARM.Collect$$libshutdown$$00000002  c_p.l(libshutdown2.o)
    0x00000142   0x00000142   0x00000000   Code   RO         1740    .ARM.Collect$$libshutdown$$00000004  c_p.l(libshutdown2.o)
    0x00000142   0x00000142   0x00000000   Code   RO         1742    .ARM.Collect$$libshutdown$$00000006  c_p.l(libshutdown2.o)
    0x00000142   0x00000142   0x00000000   Code   RO         1745    .ARM.Collect$$libshutdown$$00000009  c_p.l(libshutdown2.o)
    0x00000142   0x00000142   0x00000000   Code   RO         1748    .ARM.Collect$$libshutdown$$0000000C  c_p.l(libshutdown2.o)
    0x00000142   0x00000142   0x00000000   Code   RO         1750    .ARM.Collect$$libshutdown$$0000000E  c_p.l(libshutdown2.o)
    0x00000142   0x00000142   0x00000000   Code   RO         1753    .ARM.Collect$$libshutdown$$00000011  c_p.l(libshutdown2.o)
    0x00000142   0x00000142   0x00000002   Code   RO         1754    .ARM.Collect$$libshutdown$$00000012  c_p.l(libshutdown2.o)
    0x00000144   0x00000144   0x00000000   Code   RO         1582    .ARM.Collect$$rtentry$$00000000  c_p.l(__rtentry.o)
    0x00000144   0x00000144   0x00000000   Code   RO         1590    .ARM.Collect$$rtentry$$00000002  c_p.l(__rtentry2.o)
    0x00000144   0x00000144   0x00000006   Code   RO         1602    .ARM.Collect$$rtentry$$00000004  c_p.l(__rtentry4.o)
    0x0000014a   0x0000014a   0x00000000   Code   RO         1592    .ARM.Collect$$rtentry$$00000009  c_p.l(__rtentry2.o)
    0x0000014a   0x0000014a   0x00000004   Code   RO         1593    .ARM.Collect$$rtentry$$0000000A  c_p.l(__rtentry2.o)
    0x0000014e   0x0000014e   0x00000000   Code   RO         1595    .ARM.Collect$$rtentry$$0000000C  c_p.l(__rtentry2.o)
    0x0000014e   0x0000014e   0x00000008   Code   RO         1596    .ARM.Collect$$rtentry$$0000000D  c_p.l(__rtentry2.o)
    0x00000156   0x00000156   0x00000002   Code   RO         1629    .ARM.Collect$$rtexit$$00000000  c_p.l(rtexit.o)
    0x00000158   0x00000158   0x00000000   Code   RO         1685    .ARM.Collect$$rtexit$$00000002  c_p.l(rtexit2.o)
    0x00000158   0x00000158   0x00000004   Code   RO         1686    .ARM.Collect$$rtexit$$00000003  c_p.l(rtexit2.o)
    0x0000015c   0x0000015c   0x00000006   Code   RO         1687    .ARM.Collect$$rtexit$$00000004  c_p.l(rtexit2.o)
    0x00000162   0x00000162   0x00000002   PAD
    0x00000164   0x00000164   0x00000044   Code   RO         1403    .text               startup_lks32mc03x.o
    0x000001a8   0x000001a8   0x00000040   Code   RO         1572    .text               c_p.l(rt_memclr.o)
    0x000001e8   0x000001e8   0x000001e8   Code   RO         1574    .text               c_p.l(aeabi_sdivfast.o)
    0x000003d0   0x000003d0   0x00000006   Code   RO         1578    .text               c_p.l(heapauxi.o)
    0x000003d6   0x000003d6   0x0000003e   Code   RO         1610    .text               c_p.l(sys_stackheap_outer.o)
    0x00000414   0x00000414   0x00000010   Code   RO         1613    .text               c_p.l(exit.o)
    0x00000424   0x00000424   0x00000008   Code   RO         1625    .text               c_p.l(libspace.o)
    0x0000042c   0x0000042c   0x0000000c   Code   RO         1682    .text               c_p.l(sys_exit.o)
    0x00000438   0x00000438   0x00000002   Code   RO         1701    .text               c_p.l(use_no_semi.o)
    0x0000043a   0x0000043a   0x00000000   Code   RO         1703    .text               c_p.l(indicate_semi.o)
    0x0000043a   0x0000043a   0x00000004   Code   RO          389    i.ADC_ClearIRQFlag  lks32mc03x_adc.o
    0x0000043e   0x0000043e   0x0000000e   Code   RO          391    i.ADC_GetIRQFlag    lks32mc03x_adc.o
    0x0000044c   0x0000044c   0x00000024   Code   RO          240    i.ADC_IRQHandler    interrupt.o
    0x00000470   0x00000470   0x000000d8   Code   RO          392    i.ADC_Init          lks32mc03x_adc.o
    0x00000548   0x00000548   0x00000026   Code   RO          394    i.ADC_StructInit    lks32mc03x_adc.o
    0x0000056e   0x0000056e   0x00000002   PAD
    0x00000570   0x00000570   0x000001c4   Code   RO         1409    i.BLDC_HighSpeedTask  bldcdriver.o
    0x00000734   0x00000734   0x0000034c   Code   RO         1410    i.BLDC_LowSpeedTask  bldcdriver.o
    0x00000a80   0x00000a80   0x00000058   Code   RO         1411    i.BLDC_PWM_UH_VL    bldcdriver.o
    0x00000ad8   0x00000ad8   0x00000058   Code   RO         1412    i.BLDC_PWM_UH_WL    bldcdriver.o
    0x00000b30   0x00000b30   0x00000058   Code   RO         1413    i.BLDC_PWM_VH_UL    bldcdriver.o
    0x00000b88   0x00000b88   0x00000058   Code   RO         1414    i.BLDC_PWM_VH_WL    bldcdriver.o
    0x00000be0   0x00000be0   0x00000058   Code   RO         1415    i.BLDC_PWM_WH_UL    bldcdriver.o
    0x00000c38   0x00000c38   0x00000058   Code   RO         1416    i.BLDC_PWM_WH_VL    bldcdriver.o
    0x00000c90   0x00000c90   0x000000cc   Code   RO         1417    i.BLDC_ZeroCrossCompTask  bldcdriver.o
    0x00000d5c   0x00000d5c   0x0000001c   Code   RO          241    i.CMP_IRQHandler    interrupt.o
    0x00000d78   0x00000d78   0x00000128   Code   RO          449    i.CMP_Init          lks32mc03x_cmp.o
    0x00000ea0   0x00000ea0   0x0000004c   Code   RO          450    i.CMP_StructInit    lks32mc03x_cmp.o
    0x00000eec   0x00000eec   0x000000a8   Code   RO          494    i.DAC_Init          lks32mc03x_dac.o
    0x00000f94   0x00000f94   0x00000054   Code   RO          497    i.DAC_OutputVoltage  lks32mc03x_dac.o
    0x00000fe8   0x00000fe8   0x0000000a   Code   RO          498    i.DAC_StructInit    lks32mc03x_dac.o
    0x00000ff2   0x00000ff2   0x00000002   PAD
    0x00000ff4   0x00000ff4   0x0000000c   Code   RO          548    i.DMA_ClearIRQFlag  lks32mc03x_dma.o
    0x00001000   0x00001000   0x00000058   Code   RO          242    i.DMA_IRQHandler    interrupt.o
    0x00001058   0x00001058   0x00000080   Code   RO          550    i.DMA_Init          lks32mc03x_dma.o
    0x000010d8   0x000010d8   0x0000000e   Code   RO          551    i.DMA_StructInit    lks32mc03x_dma.o
    0x000010e6   0x000010e6   0x0000000e   Code   RO          595    i.DSP_Cmd           lks32mc03x_dsp.o
    0x000010f4   0x000010f4   0x00000002   Code   RO          243    i.GPIO_IRQHandler   interrupt.o
    0x000010f6   0x000010f6   0x00000090   Code   RO          678    i.GPIO_Init         lks32mc03x_gpio.o
    0x00001186   0x00001186   0x00000002   PAD
    0x00001188   0x00001188   0x000000fc   Code   RO          679    i.GPIO_PinAFConfig  lks32mc03x_gpio.o
    0x00001284   0x00001284   0x00000004   Code   RO          685    i.GPIO_SetBits      lks32mc03x_gpio.o
    0x00001288   0x00001288   0x0000000c   Code   RO          686    i.GPIO_StructInit   lks32mc03x_gpio.o
    0x00001294   0x00001294   0x000000b0   Code   RO          130    i.GPIO_init         hardware_init.o
    0x00001344   0x00001344   0x00000090   Code   RO          244    i.HALL_IRQHandler   interrupt.o
    0x000013d4   0x000013d4   0x00000050   Code   RO          788    i.HALL_Init         lks32mc03x_hall.o
    0x00001424   0x00001424   0x00000024   Code   RO          789    i.HALL_StructInit   lks32mc03x_hall.o
    0x00001448   0x00001448   0x000001a4   Code   RO          132    i.Hardware_init     hardware_init.o
    0x000015ec   0x000015ec   0x00000002   Code   RO          245    i.I2C_IRQHandler    interrupt.o
    0x000015ee   0x000015ee   0x00000002   PAD
    0x000015f0   0x000015f0   0x00000010   Code   RO          927    i.IWDG_DISABLE      lks32mc03x_iwdg.o
    0x00001600   0x00001600   0x00000030   Code   RO          246    i.MCPWM0_IRQHandler  interrupt.o
    0x00001630   0x00001630   0x00000002   Code   RO          247    i.MCPWM1_IRQHandler  interrupt.o
    0x00001632   0x00001632   0x00000002   PAD
    0x00001634   0x00001634   0x000002d8   Code   RO          975    i.MCPWM_Init        lks32mc03x_mcpwm.o
    0x0000190c   0x0000190c   0x0000000a   Code   RO          977    i.MCPWM_StructInit  lks32mc03x_mcpwm.o
    0x00001916   0x00001916   0x00000002   PAD
    0x00001918   0x00001918   0x0000001c   Code   RO          978    i.MCPWM_SwapFunction  lks32mc03x_mcpwm.o
    0x00001934   0x00001934   0x00000028   Code   RO          979    i.MCPWM_Update      lks32mc03x_mcpwm.o
    0x0000195c   0x0000195c   0x000000d4   Code   RO          135    i.MCPWM_init        hardware_init.o
    0x00001a30   0x00001a30   0x0000003c   Code   RO         1039    i.OPA_Init          lks32mc03x_opa.o
    0x00001a6c   0x00001a6c   0x00000030   Code   RO         1040    i.OPA_OUT           lks32mc03x_opa.o
    0x00001a9c   0x00001a9c   0x0000000c   Code   RO         1041    i.OPA_StructInit    lks32mc03x_opa.o
    0x00001aa8   0x00001aa8   0x0000002c   Code   RO          980    i.PWMOutputs        lks32mc03x_mcpwm.o
    0x00001ad4   0x00001ad4   0x00000060   Code   RO         1525    i.Read_Trim         lks32mc03x_nvr.lib(lks32mc03x_nvr.o)
    0x00001b34   0x00001b34   0x00000002   Code   RO          248    i.SPI_IRQHandler    interrupt.o
    0x00001b36   0x00001b36   0x00000002   Code   RO          249    i.SW_IRQHandler     interrupt.o
    0x00001b38   0x00001b38   0x00000044   Code   RO         1128    i.SYS_AnalogModuleClockCmd  lks32mc03x_sys.o
    0x00001b7c   0x00001b7c   0x00000024   Code   RO         1134    i.SYS_ModuleClockCmd  lks32mc03x_sys.o
    0x00001ba0   0x00001ba0   0x00000046   Code   RO         1138    i.SYS_VolSelModule  lks32mc03x_sys.o
    0x00001be6   0x00001be6   0x00000002   Code   RO          250    i.SysTick_Handler   interrupt.o
    0x00001be8   0x00001be8   0x0000003c   Code   RO          140    i.SystemInit        hardware_init.o
    0x00001c24   0x00001c24   0x00000002   Code   RO          251    i.TIMER0_IRQHandler  interrupt.o
    0x00001c26   0x00001c26   0x00000002   PAD
    0x00001c28   0x00001c28   0x00000040   Code   RO          252    i.TIMER1_IRQHandler  interrupt.o
    0x00001c68   0x00001c68   0x0000001c   Code   RO         1240    i.TIM_ClearIRQFlag  lks32mc03x_timer.o
    0x00001c84   0x00001c84   0x00000016   Code   RO         1242    i.TIM_TimerCmd      lks32mc03x_timer.o
    0x00001c9a   0x00001c9a   0x00000002   PAD
    0x00001c9c   0x00001c9c   0x000000b8   Code   RO         1243    i.TIM_TimerInit     lks32mc03x_timer.o
    0x00001d54   0x00001d54   0x00000034   Code   RO         1244    i.TIM_TimerStrutInit  lks32mc03x_timer.o
    0x00001d88   0x00001d88   0x00000038   Code   RO         1306    i.TempSensor_Init   lks32mc03x_tmp.o
    0x00001dc0   0x00001dc0   0x00000002   Code   RO          253    i.UART_IRQHandler   interrupt.o
    0x00001dc2   0x00001dc2   0x00000002   PAD
    0x00001dc4   0x00001dc4   0x000000c0   Code   RO          142    i.UTimer_init       hardware_init.o
    0x00001e84   0x00001e84   0x00000002   Code   RO          254    i.WAKE_IRQHandler   interrupt.o
    0x00001e86   0x00001e86   0x00000002   PAD
    0x00001e88   0x00001e88   0x00000024   Code   RO          348    i.delay_init        delay.o
    0x00001eac   0x00001eac   0x0000002c   Code   RO          350    i.delay_us          delay.o
    0x00001ed8   0x00001ed8   0x0000004c   Code   RO            3    i.main              main.o
    0x00001f24   0x00001f24   0x00000078   Code   RO         1478    i.protocol_PollingTask  protocol.o
    0x00001f9c   0x00001f9c   0x00000060   Code   RO         1480    i.sG150AnalysisFunction  protocol.o
    0x00001ffc   0x00001ffc   0x00000060   Code   RO         1481    i.sG300AnalysisFunction  protocol.o
    0x0000205c   0x0000205c   0x00000060   Code   RO         1482    i.sG600AnalysisFunction  protocol.o
    0x000020bc   0x000020bc   0x00000020   Data   RO         1755    Region$$Table       anon$$obj.o


    Execution Region RW_IRAM1 (Exec base: 0x20000000, Load base: 0x000020dc, Size: 0x00000758, Max: 0x00001000, ABSOLUTE)

    Exec Addr    Load Addr    Size         Type   Attr      Idx    E Section Name        Object

    0x20000000   0x000020dc   0x00000008   Data   RW          352    .data               delay.o
    0x20000008   0x000020e4   0x00000006   Data   RW          499    .data               lks32mc03x_dac.o
    0x2000000e   0x000020ea   0x00000004   Data   RW         1307    .data               lks32mc03x_tmp.o
    0x20000012   0x000020ee   0x00000002   PAD
    0x20000014   0x000020f0   0x0000003c   Data   RW         1419    .data               bldcdriver.o
    0x20000050   0x0000212c   0x0000000c   Data   RW         1484    .data               protocol.o
    0x2000005c        -       0x0000004c   Zero   RW         1418    .bss                bldcdriver.o
    0x200000a8        -       0x0000004e   Zero   RW         1483    .bss                protocol.o
    0x200000f6   0x00002138   0x00000002   PAD
    0x200000f8        -       0x00000060   Zero   RW         1626    .bss                c_p.l(libspace.o)
    0x20000158        -       0x00000200   Zero   RW         1401    HEAP                startup_lks32mc03x.o
    0x20000358        -       0x00000400   Zero   RW         1400    STACK               startup_lks32mc03x.o


==============================================================================

Image component sizes


      Code (inc. data)   RO Data    RW Data    ZI Data      Debug   Object Name

      2028        310          0         60         76      10907   bldcdriver.o
        80         18          0          8          0       1052   delay.o
      1060        108          0          0          0      12359   hardware_init.o
       426         88          0          0          0       9800   interrupt.o
       272         18          0          0          0       6300   lks32mc03x_adc.o
       372         16          0          0          0       2812   lks32mc03x_cmp.o
       262         24          0          6          0       3025   lks32mc03x_dac.o
       154         14          0          0          0       3223   lks32mc03x_dma.o
        14          0          0          0          0        486   lks32mc03x_dsp.o
       412         30          0          0          0       5664   lks32mc03x_gpio.o
       116          8          0          0          0       2254   lks32mc03x_hall.o
        16          6          0          0          0        435   lks32mc03x_iwdg.o
       850         42          0          0          0      10169   lks32mc03x_mcpwm.o
       120         22          0          0          0       2558   lks32mc03x_opa.o
       174         18          0          0          0       4147   lks32mc03x_sys.o
       286         16          0          0          0       4567   lks32mc03x_timer.o
        56         14          0          4          0       1100   lks32mc03x_tmp.o
        76         18          0          0          0      37815   main.o
       408         30          0         12         78       5667   protocol.o
        68         32        192          0       1536        652   startup_lks32mc03x.o

    ----------------------------------------------------------------------
      7270        832        224         92       1692     124992   Object Totals
         0          0         32          0          0          0   (incl. Generated)
        20          0          0          2          2          0   (incl. Padding)

    ----------------------------------------------------------------------

      Code (inc. data)   RO Data    RW Data    ZI Data      Debug   Library Member Name

         8          0          0          0          0         68   __main.o
         0          0          0          0          0          0   __rtentry.o
        12          0          0          0          0          0   __rtentry2.o
         6          0          0          0          0          0   __rtentry4.o
        60          8          0          0          0          0   __scatter.o
        26          0          0          0          0          0   __scatter_copy.o
        28          0          0          0          0          0   __scatter_zi.o
       488          0          0          0          0         92   aeabi_sdivfast.o
        16          0          0          0          0         68   exit.o
         6          0          0          0          0        136   heapauxi.o
         0          0          0          0          0          0   indicate_semi.o
         2          0          0          0          0          0   libinit.o
         2          0          0          0          0          0   libinit2.o
         2          0          0          0          0          0   libshutdown.o
         2          0          0          0          0          0   libshutdown2.o
         8          4          0          0         96         68   libspace.o
        64          0          0          0          0        108   rt_memclr.o
         2          0          0          0          0          0   rtexit.o
        10          0          0          0          0          0   rtexit2.o
        12          4          0          0          0         60   sys_exit.o
        62          0          0          0          0         80   sys_stackheap_outer.o
         2          0          0          0          0         68   use_no_semi.o
        96          6          0          0          0        568   lks32mc03x_nvr.o

    ----------------------------------------------------------------------
       918         22          0          0         96       1316   Library Totals
         4          0          0          0          0          0   (incl. Padding)

    ----------------------------------------------------------------------

      Code (inc. data)   RO Data    RW Data    ZI Data      Debug   Library Name

       818         16          0          0         96        748   c_p.l
        96          6          0          0          0        568   lks32mc03x_nvr.lib

    ----------------------------------------------------------------------
       918         22          0          0         96       1316   Library Totals

    ----------------------------------------------------------------------

==============================================================================


      Code (inc. data)   RO Data    RW Data    ZI Data      Debug   

      8188        854        224         92       1788     123040   Grand Totals
      8188        854        224         92       1788     123040   ELF Image Totals
      8188        854        224         92          0          0   ROM Totals

==============================================================================

    Total RO  Size (Code + RO Data)                 8412 (   8.21kB)
    Total RW  Size (RW Data + ZI Data)              1880 (   1.84kB)
    Total ROM Size (Code + RO Data + RW Data)       8504 (   8.30kB)

==============================================================================

